04-07 13:39:43.773  1259  1722 D ColorAutomaticBrightnessController: caclurateRateForIndex: lastAutoBrightness=366 ,newAutoBrightness=386 ,mDeltaLux=775.6615 ,mAutoRate=141
04-07 13:39:43.773  1259  1722 D ColorAutomaticBrightnessController: onTargetBrightnessChanged mAIBrightness=386
04-07 13:39:43.773  1259  1722 D DisplayPowerController: Animating brightness: target=386.0, rate=141.0, source= 7
04-07 13:39:43.774 23413 18603 I OplusFeedbackInfo: [sendFPSInfo:L314] mInputBufCnt = 0 fps, mOutputBufCnt = 0 fps, mRenderFrameCnt = 0 fps
04-07 13:39:43.773 29496 29578 I chatty  : uid=10004(com.instagram.android) ackgroundLooper expire 361 lines
04-07 13:39:43.775  1544  1611 D AtlasService: clientsCount 1
04-07 13:39:43.775  1544  1611 D AtlasService: notify 1025 to client
04-07 13:39:43.778  1259  2767 W LightsService: setBrightness brightness: 367.0, brightnessMode:0
04-07 13:39:43.783  1011  1011 I chatty  : uid=1000(system) android.hardwar expire 145 lines
04-07 13:39:43.784   996  2746 I chatty  : uid=1047(cameraserver) provider@2.4-se expire 104 lines
04-07 13:39:43.794  1259  1722 D DisplayPowerController: Animating brightness: target=386.0, rate=141.0, source= 7
04-07 13:39:43.795  1259  2767 W LightsService: setBrightness brightness: 368.0, brightnessMode:0
04-07 13:39:43.795  1259  1722 D DisplayPowerController: Animating brightness: target=386.0, rate=141.0, source= 7
04-07 13:39:43.810  1259  1722 I chatty  : uid=1000(system) PowerManagerSer identical 1 line
04-07 13:39:43.812  1259  1722 D DisplayPowerController: Animating brightness: target=386.0, rate=141.0, source= 7
04-07 13:39:43.813  1259  2767 W LightsService: setBrightness brightness: 369.0, brightnessMode:0
04-07 13:39:43.821  1259  1722 D DisplayPowerController: Animating brightness: target=386.0, rate=141.0, source= 7
04-07 13:39:43.829  1259  2767 W LightsService: setBrightness brightness: 370.0, brightnessMode:0
04-07 13:39:43.838  1259  1722 D DisplayPowerController: Animating brightness: target=386.0, rate=141.0, source= 7
04-07 13:39:43.844  1259  2767 W LightsService: setBrightness brightness: 371.0, brightnessMode:0
04-07 13:39:43.854  1259  1722 D DisplayPowerController: Animating brightness: target=386.0, rate=141.0, source= 7
04-07 13:39:43.877  1259  2767 W LightsService: setBrightness brightness: 372.0, brightnessMode:0
04-07 13:39:43.888  1259  1722 D DisplayPowerController: Animating brightness: target=386.0, rate=141.0, source= 7
04-07 13:39:43.893  1259  2767 W LightsService: setBrightness brightness: 373.0, brightnessMode:0
04-07 13:39:43.921  1259  1722 D DisplayPowerController: Animating brightness: target=386.0, rate=141.0, source= 7
04-07 13:39:43.926  1259  2767 W LightsService: setBrightness brightness: 374.0, brightnessMode:0
04-07 13:39:43.939  1259  1722 D DisplayPowerController: Animating brightness: target=386.0, rate=141.0, source= 7
04-07 13:39:43.944  1259  2767 W LightsService: setBrightness brightness: 375.0, brightnessMode:0
04-07 13:39:43.962  1259  1722 D DisplayPowerController: Animating brightness: target=386.0, rate=141.0, source= 7
04-07 13:39:43.976  1259  2767 W LightsService: setBrightness brightness: 376.0, brightnessMode:0
04-07 13:39:43.979   978   978 I chatty  : uid=1000(system) ormsHalService@ expire 15 lines
04-07 13:39:43.988  1259  1722 D DisplayPowerController: Animating brightness: target=386.0, rate=141.0, source= 7
04-07 13:39:44.015   996  2742 I chatty  : uid=1047(cameraserver) provider@2.4-se expire 99 lines
04-07 13:39:44.017  1259  2767 W LightsService: setBrightness brightness: 377.0, brightnessMode:0
04-07 13:39:44.029  1259  1722 D DisplayPowerController: Animating brightness: target=386.0, rate=141.0, source= 7
04-07 13:39:44.043  1259  2767 W LightsService: setBrightness brightness: 378.0, brightnessMode:0
04-07 13:39:44.059  1259  1722 D DisplayPowerController: Animating brightness: target=386.0, rate=141.0, source= 7
04-07 13:39:44.079   996  2745 I chatty  : uid=1047(cameraserver) provider@2.4-se expire 91 lines
04-07 13:39:44.093  1259  2767 W LightsService: setBrightness brightness: 379.0, brightnessMode:0
04-07 13:39:44.112  1259  1722 D DisplayPowerController: Animating brightness: target=386.0, rate=141.0, source= 7
04-07 13:39:44.114 27069 27069 D ViewRootImpl: enqueueInputEventMotionEvent { action=ACTION_DOWN, actionButton=0, id[0]=0, x[0]=609.0, y[0]=1346.0, toolType[0]=TOOL_TYPE_FINGER, buttonState=0, classification=NONE, metaState=0, flags=0x0, edgeFlags=0x0, pointerCount=1, historySize=0, eventTime=67233813, downTime=67233813, deviceId=-1, source=0x1002, displayId=0 }
04-07 13:39:44.126  1259  2767 W LightsService: setBrightness brightness: 380.0, brightnessMode:0
04-07 13:39:44.137  1259  1722 D DisplayPowerController: Animating brightness: target=386.0, rate=141.0, source= 7
04-07 13:39:44.200  1259  2767 W LightsService: setBrightness brightness: 381.0, brightnessMode:0
04-07 13:39:44.221  1259  1722 D DisplayPowerController: Animating brightness: target=386.0, rate=141.0, source= 7
04-07 13:39:44.262  1259  2767 W LightsService: setBrightness brightness: 382.0, brightnessMode:0
04-07 13:39:44.272  1259  1722 D DisplayPowerController: Animating brightness: target=386.0, rate=141.0, source= 7
04-07 13:39:44.327  1259  2767 W LightsService: setBrightness brightness: 383.0, brightnessMode:0
04-07 13:39:44.355  1259  1722 D DisplayPowerController: Animating brightness: target=386.0, rate=141.0, source= 7
04-07 13:39:44.393  1259  2767 W LightsService: setBrightness brightness: 384.0, brightnessMode:0
04-07 13:39:44.407  1259  1722 D DisplayPowerController: Animating brightness: target=386.0, rate=141.0, source= 7
04-07 13:39:44.459  1259  2767 W LightsService: setBrightness brightness: 385.0, brightnessMode:0
04-07 13:39:44.471  1259  1722 D DisplayPowerController: Animating brightness: target=386.0, rate=141.0, source= 7
04-07 13:39:44.510  1259  1722 I chatty  : uid=1000(system) PowerManagerSer identical 1 line
04-07 13:39:44.511  1259  1722 D DisplayPowerController: Animating brightness: target=386.0, rate=141.0, source= 7
04-07 13:39:44.512  1259  2767 W LightsService: setBrightness brightness: 386.0, brightnessMode:0
04-07 13:39:44.516 27069 27069 D ViewRootImpl: enqueueInputEventMotionEvent { action=ACTION_DOWN, actionButton=0, id[0]=0, x[0]=530.0, y[0]=1306.0, toolType[0]=TOOL_TYPE_FINGER, buttonState=0, classification=NONE, metaState=0, flags=0x0, edgeFlags=0x0, pointerCount=1, historySize=0, eventTime=67234218, downTime=67234218, deviceId=-1, source=0x1002, displayId=0 }
04-07 13:39:44.519  1259  1722 D DisplayPowerController: Animating brightness: target=386.0, rate=141.0, source= 7
04-07 13:39:44.759 23413 18926 I OplusFeedbackInfo: [sendFPSInfo:L314] mInputBufCnt = 0 fps, mOutputBufCnt = 0 fps, mRenderFrameCnt = 0 fps
04-07 13:39:44.759  1544  1611 D AtlasService: clientsCount 1
04-07 13:39:44.759  1544  1611 D AtlasService: notify 1025 to client
04-07 13:39:44.764 23413 18211 I OplusFeedbackInfo: [sendFPSInfo:L314] mInputBufCnt = 0 fps, mOutputBufCnt = 0 fps, mRenderFrameCnt = 0 fps
04-07 13:39:44.764  1544  1611 D AtlasService: clientsCount 1
04-07 13:39:44.764  1544  1611 D AtlasService: notify 1025 to client
04-07 13:39:44.771 23413 18354 I OplusFeedbackInfo: [sendFPSInfo:L314] mInputBufCnt = 0 fps, mOutputBufCnt = 0 fps, mRenderFrameCnt = 0 fps
04-07 13:39:44.771  1544  1611 D AtlasService: clientsCount 1
04-07 13:39:44.771  1544  1611 D AtlasService: notify 1025 to client
04-07 13:39:44.778 23413 18603 I OplusFeedbackInfo: [sendFPSInfo:L314] mInputBufCnt = 0 fps, mOutputBufCnt = 0 fps, mRenderFrameCnt = 0 fps
04-07 13:39:44.778  1544  1611 D AtlasService: clientsCount 1
04-07 13:39:44.778  1544  1611 D AtlasService: notify 1025 to client
04-07 13:39:44.847   996  2744 I chatty  : uid=1047(cameraserver) provider@2.4-se expire 90 lines
04-07 13:39:44.878   996  2741 I chatty  : uid=1047(cameraserver) provider@2.4-se expire 84 lines
04-07 13:39:45.018 27069 27069 D ViewRootImpl: enqueueInputEventMotionEvent { action=ACTION_DOWN, actionButton=0, id[0]=0, x[0]=261.0, y[0]=1276.0, toolType[0]=TOOL_TYPE_FINGER, buttonState=0, classification=NONE, metaState=0, flags=0x0, edgeFlags=0x0, pointerCount=1, historySize=0, eventTime=67234721, downTime=67234721, deviceId=-1, source=0x1002, displayId=0 }
04-07 13:39:45.131 27069 27116 I chatty  : uid=10914(com.HRing.FreshAR) expire 718 lines
04-07 13:39:45.549  1259  2660 E ORMS_CORE: Unsupported action!!!
04-07 13:39:45.628 27069 27069 D ViewRootImpl: enqueueInputEventMotionEvent { action=ACTION_DOWN, actionButton=0, id[0]=0, x[0]=423.0, y[0]=1398.0, toolType[0]=TOOL_TYPE_FINGER, buttonState=0, classification=NONE, metaState=0, flags=0x0, edgeFlags=0x0, pointerCount=1, historySize=0, eventTime=67235331, downTime=67235331, deviceId=-1, source=0x1002, displayId=0 }
04-07 13:39:45.762 23413 18926 I OplusFeedbackInfo: [sendFPSInfo:L314] mInputBufCnt = 0 fps, mOutputBufCnt = 0 fps, mRenderFrameCnt = 0 fps
04-07 13:39:45.762  1544  1611 D AtlasService: clientsCount 1
04-07 13:39:45.762  1544  1611 D AtlasService: notify 1025 to client
04-07 13:39:45.766 23413 18211 I OplusFeedbackInfo: [sendFPSInfo:L314] mInputBufCnt = 0 fps, mOutputBufCnt = 0 fps, mRenderFrameCnt = 0 fps
04-07 13:39:45.767  1544  1611 D AtlasService: clientsCount 1
04-07 13:39:45.767  1544  1611 D AtlasService: notify 1025 to client
04-07 13:39:45.775 23413 18354 I OplusFeedbackInfo: [sendFPSInfo:L314] mInputBufCnt = 0 fps, mOutputBufCnt = 0 fps, mRenderFrameCnt = 0 fps
04-07 13:39:45.776  1544  1611 D AtlasService: clientsCount 1
04-07 13:39:45.776  1544  1611 D AtlasService: notify 1025 to client
04-07 13:39:45.782 23413 18603 I OplusFeedbackInfo: [sendFPSInfo:L314] mInputBufCnt = 0 fps, mOutputBufCnt = 0 fps, mRenderFrameCnt = 0 fps
04-07 13:39:45.782  1544  1611 D AtlasService: clientsCount 1
04-07 13:39:45.782  1544  1611 D AtlasService: notify 1025 to client
04-07 13:39:45.946  1259  2660 E ORMS_CORE: Unsupported action!!!
04-07 13:39:45.964  1259  2654 D JobScheduler.Temperature: get temperature=42.936
04-07 13:39:46.109 27069 27069 D ViewRootImpl: enqueueInputEventMotionEvent { action=ACTION_DOWN, actionButton=0, id[0]=0, x[0]=667.0, y[0]=1840.0, toolType[0]=TOOL_TYPE_FINGER, buttonState=0, classification=NONE, metaState=0, flags=0x0, edgeFlags=0x0, pointerCount=1, historySize=0, eventTime=67235813, downTime=67235813, deviceId=-1, source=0x1002, displayId=0 }
04-07 13:39:46.151  1259  1259 D OppoBaseBatteryService: send broadcast : oppo.intent.action.BATTERY_DATA_UPDATE
04-07 13:39:46.151  1259  1874 D BatteryLed: getLightInColorState, oppoLightMgr empty!
04-07 13:39:46.152  1259  1259 W ContextImpl: Calling a method in the system process without a qualified user: android.app.ContextImpl.sendBroadcast:1158 com.android.server.OppoBaseBatteryService$2.run:280 android.os.Handler.handleCallback:938 android.os.Handler.dispatchMessage:99 android.os.Looper.loop:254 
04-07 13:39:46.160  3303  3303 D DeviceStatisticsService: chargerType=2 batteryLevel=22 totalBatteryCapacity=4000000
04-07 13:39:46.160  3303  3303 D DeviceInfoHidlClient: isPowerInfoNeverSent()=true
04-07 13:39:46.158 31250 31250 D R:Battery: Battery changed: Intent { act=android.intent.action.BATTERY_CHANGED flg=0x60000010 (has extras) } @ 67235864
04-07 13:39:46.425  1490  1490 I CNSS    : cnss_open_log_file: directory /data/vendor/wifi/logs/wifi/wlan_logs/ created
04-07 13:39:46.487  1259  2660 E ORMS_CORE: Unsupported action!!!
04-07 13:39:46.619 27069 27069 D ViewRootImpl: enqueueInputEventMotionEvent { action=ACTION_DOWN, actionButton=0, id[0]=0, x[0]=284.0, y[0]=1455.0, toolType[0]=TOOL_TYPE_FINGER, buttonState=0, classification=NONE, metaState=0, flags=0x0, edgeFlags=0x0, pointerCount=1, historySize=0, eventTime=67236323, downTime=67236323, deviceId=-1, source=0x1002, displayId=0 }
04-07 13:39:46.761   978   978 D ORMS_HAL: OrmsHalService write file /proc/sys/kernel/slide_boost_enabled - 1.
04-07 13:39:46.766 23413 18926 I OplusFeedbackInfo: [sendFPSInfo:L314] mInputBufCnt = 0 fps, mOutputBufCnt = 0 fps, mRenderFrameCnt = 0 fps
04-07 13:39:46.766  1544  1611 D AtlasService: clientsCount 1
04-07 13:39:46.766  1544  1611 D AtlasService: notify 1025 to client
04-07 13:39:46.772 23413 18211 I OplusFeedbackInfo: [sendFPSInfo:L314] mInputBufCnt = 0 fps, mOutputBufCnt = 0 fps, mRenderFrameCnt = 0 fps
04-07 13:39:46.772  1544  1611 D AtlasService: clientsCount 1
04-07 13:39:46.772  1544  1611 D AtlasService: notify 1025 to client
04-07 13:39:46.782 23413 18354 I OplusFeedbackInfo: [sendFPSInfo:L314] mInputBufCnt = 0 fps, mOutputBufCnt = 0 fps, mRenderFrameCnt = 0 fps
04-07 13:39:46.782  1544  1611 D AtlasService: clientsCount 1
04-07 13:39:46.782  1544  1611 D AtlasService: notify 1025 to client
04-07 13:39:46.787 23413 18603 I OplusFeedbackInfo: [sendFPSInfo:L314] mInputBufCnt = 0 fps, mOutputBufCnt = 0 fps, mRenderFrameCnt = 0 fps
04-07 13:39:46.787  1544  1611 D AtlasService: clientsCount 1
04-07 13:39:46.787  1544  1611 D AtlasService: notify 1025 to client
04-07 13:39:46.975  1259  2660 E ORMS_CORE: Unsupported action!!!
04-07 13:39:46.976   978   978 D ORMS_HAL: OrmsHalService write file /proc/sys/kernel/slide_boost_enabled - 0.
04-07 13:39:47.082  1022  1022 E android.hardware.thermal@2.0-service.qti: Sensor Name:skin temp:42 severity:3 temp:42.053 hotThresholds:40 type:SKIN
04-07 13:39:47.088  1022  1022 E android.hardware.thermal@2.0-service.qti: Sensor Name:skin temp:42 severity:3 temp:42.045 hotThresholds:40 type:SKIN
04-07 13:39:47.146 27069 27069 D ViewRootImpl: enqueueInputEventMotionEvent { action=ACTION_DOWN, actionButton=0, id[0]=0, x[0]=521.0, y[0]=1512.0, toolType[0]=TOOL_TYPE_FINGER, buttonState=0, classification=NONE, metaState=0, flags=0x0, edgeFlags=0x0, pointerCount=1, historySize=0, eventTime=67236848, downTime=67236848, deviceId=-1, source=0x1002, displayId=0 }
04-07 13:39:47.328   978   978 D ORMS_HAL: OrmsHalService write file /proc/sys/kernel/slide_boost_enabled - 1.
04-07 13:39:47.371  4259  4279 E horae   : 0: back:43539,frame:43539,front:43539,  +(0), 1 ,43539
04-07 13:39:47.371  4259  4275 E horae   : Entering notifyCallback, binder clients size 2
04-07 13:39:47.372  4262  4262 D oiface  : Horae Thermal status: [9]
04-07 13:39:47.372  4259  4275 E horae   : Notify thermal status: 9
04-07 13:39:47.372  1259  1273 I chatty  : uid=1000(system) Binder:1259_2 expire 2 lines
04-07 13:39:47.372 25301  3763 D RemoteGameSpaceService: onThermalStatusChanged status:9
04-07 13:39:47.372  4259  4275 E horae   : Notify thermal status: 9
04-07 13:39:47.374 25301  3763 I loros.gamespac: oneway function results will be dropped but finished with status OK and parcel size 4
04-07 13:39:47.377  1259  3134 I chatty  : uid=1000(system) Binder:1259_7 expire 4 lines
04-07 13:39:47.383  3652  6119 I chatty  : uid=1000(system) thermal_Control expire 3 lines
04-07 13:39:47.398  1259  1273 D ColorGuardElfFeature: ICharger set value = 4
04-07 13:39:47.398  1259  1273 D ColorGuardElfFeature: calling class name = ThermalControlUtils
04-07 13:39:47.399  3652  6119 D OppoBatteryManager: set charge value = 4
04-07 13:39:47.414  3652 10580 I chatty  : uid=1000(system) customlog_threa expire 3 lines
04-07 13:39:47.418  3652  6119 I chatty  : uid=1000(system) thermal_Control expire 1 line
04-07 13:39:47.419  3652  6119 W ContextImpl: Calling a method in the system process without a qualified user: android.app.ContextImpl.startService:1701 android.content.ContextWrapper.startService:730 com.coloros.thermalcontrol.ThermalControlUtils.setAppControlLevel:1302 com.coloros.thermalcontrol.ThermalControllerCenter.startCollingMethods:308 com.coloros.thermalcontrol.ThermalControllerCenter$ThermalControlHandler.handleMessage:803 
04-07 13:39:47.419   978   978 D ORMS_HAL: OrmsHalService write file /proc/sys/kernel/slide_boost_enabled - 0.
04-07 13:39:47.419   978   978 D ORMS_HAL: OrmsHalService write file /proc/sys/kernel/slide_boost_enabled - 1.
04-07 13:39:47.433  5406  5406 D Athena  : AthenaService: onStartCommand action: oppo.intent.action.REQUEST_APP_CLEAN_RUNNING
04-07 13:39:47.446  1259  2653 W ContextImpl: Calling a method in the system process without a qualified user: android.app.ContextImpl.sendBroadcast:1143 com.android.server.job.controllers.OppoCpuController.notifyHighCpuEventForApp:394 com.android.server.job.controllers.OppoCpuController.handleCpuUpdate:340 com.android.server.job.controllers.OppoCpuController.access$1000:59 com.android.server.job.controllers.OppoCpuController$CpuTrackerHandler.handleMessage:264 
04-07 13:39:47.571  4001 21936 I CastDatabase: Saving the database
04-07 13:39:47.595  4001  4001 D BoundBrokerSvc: onUnbind: Intent { act=com.google.android.gms.safetynet.service.START pkg=com.google.android.gms }
04-07 13:39:47.599  1259  3634 I ActivityManager: Killing 24312:com.github.android/u0a886 (adj 999): empty #31
04-07 13:39:47.601  4001 21936 I SQLiteCastStore: [CastNetworkInfo] saved: 10, skipped: 0, [CastDeviceInfo]: saved 4, skipped 0, [Paired Guest Mode DeviceInfo] saved: 0, skipped: 0. [ProbedNetworks]: saved 0, skipped: 0, [ProbedSocketAddress]: saved 17, skipped: 0, [Network-Device pairs]: saved: 10
04-07 13:39:47.653  1259  1273 D DisplayManagerService: Display listener for pid 24312 died.
04-07 13:39:47.654  1259  3795 D ConnectivityService: ConnectivityService NetworkRequestInfo binderDied(NetworkRequest [ LISTEN id=1570, [ Capabilities: INTERNET&NOT_RESTRICTED&TRUSTED&NOT_VPN&FOREGROUND Uid: 10886 AdministratorUids: [] RequestorUid: 10886 RequestorPackageName: com.github.android] ], android.os.BinderProxy@918f56b)
04-07 13:39:47.656   846   846 I Zygote  : Process 24312 exited due to signal 9 (Killed)
04-07 13:39:47.665  1259  1387 I chatty  : uid=1000(system) ActivityManager expire 1 line
04-07 13:39:47.769 23413 18926 I OplusFeedbackInfo: [sendFPSInfo:L314] mInputBufCnt = 0 fps, mOutputBufCnt = 0 fps, mRenderFrameCnt = 0 fps
04-07 13:39:47.769  1544  1611 D AtlasService: clientsCount 1
04-07 13:39:47.770  1544  1611 D AtlasService: notify 1025 to client
04-07 13:39:47.770  1544  1611 D AtlasService: clientsCount 1
04-07 13:39:47.770  1544  1611 D AtlasService: notify 1029 to client
04-07 13:39:47.774 23413 18211 I OplusFeedbackInfo: [sendFPSInfo:L314] mInputBufCnt = 0 fps, mOutputBufCnt = 0 fps, mRenderFrameCnt = 0 fps
04-07 13:39:47.775  1544  1611 D AtlasService: clientsCount 1
04-07 13:39:47.775  1544  1611 D AtlasService: notify 1025 to client
04-07 13:39:47.777  1544  1611 D AtlasService: clientsCount 1
04-07 13:39:47.777  1544  1611 D AtlasService: notify 1029 to client
04-07 13:39:47.786 23413 18354 I OplusFeedbackInfo: [sendFPSInfo:L314] mInputBufCnt = 0 fps, mOutputBufCnt = 0 fps, mRenderFrameCnt = 0 fps
04-07 13:39:47.787  1544  1611 D AtlasService: clientsCount 1
04-07 13:39:47.787  1544  1611 D AtlasService: notify 1025 to client
04-07 13:39:47.787  1544  1611 D AtlasService: clientsCount 1
04-07 13:39:47.787  1544  1611 D AtlasService: notify 1029 to client
04-07 13:39:47.792 23413 18603 I OplusFeedbackInfo: [sendFPSInfo:L314] mInputBufCnt = 0 fps, mOutputBufCnt = 0 fps, mRenderFrameCnt = 0 fps
04-07 13:39:47.792  1544  1611 D AtlasService: clientsCount 1
04-07 13:39:47.793  1544  1611 D AtlasService: notify 1025 to client
04-07 13:39:47.793  1544  1611 D AtlasService: clientsCount 1
04-07 13:39:47.793  1544  1611 D AtlasService: notify 1029 to client
04-07 13:39:47.855  1259  2660 E ORMS_CORE: Unsupported action!!!
04-07 13:39:47.855   978   978 D ORMS_HAL: OrmsHalService write file /proc/sys/kernel/slide_boost_enabled - 0.
04-07 13:39:48.080 27069 27464 I chatty  : uid=10914(com.HRing.FreshAR) expire 26 lines
04-07 13:39:48.158 27069 27463 I chatty  : uid=10914(com.HRing.FreshAR) expire 11 lines
04-07 13:39:48.356  1259  1722 D ColorAutomaticBrightnessController: enter Auto
04-07 13:39:48.356  1259  1722 D ColorAutomaticBrightnessController: mCameraMode = 0
04-07 13:39:48.356  1259  1722 I ColorAutomaticBrightnessController: updateAutoBrightness: Auto
04-07 13:39:48.356  1259  1722 I ColorAutomaticBrightnessController: , sendUpdate = true, adjustment = 2005.8823, AIBrightness = 608, adjustManualBright = 608
04-07 13:39:48.356  1259  1722 D ColorAutomaticBrightnessController: caclurateRateForIndex: lastAutoBrightness=386 ,newAutoBrightness=608 ,mDeltaLux=1601.1567 ,mAutoRate=163
04-07 13:39:48.356  1259  1722 D ColorAutomaticBrightnessController: onTargetBrightnessChanged mAIBrightness=608
04-07 13:39:48.356  1259  1722 D DisplayPowerController: Animating brightness: target=608.0, rate=163.0, source= 7
04-07 13:39:48.359  1259  2767 W LightsService: setBrightness brightness: 388.0, brightnessMode:0
04-07 13:39:48.373  1259  1722 D DisplayPowerController: Animating brightness: target=608.0, rate=163.0, source= 7
04-07 13:39:48.375  1259  2767 W LightsService: setBrightness brightness: 390.0, brightnessMode:0
04-07 13:39:48.385  1259  1722 D DisplayPowerController: Animating brightness: target=608.0, rate=163.0, source= 7
04-07 13:39:48.393  1259  2767 W LightsService: setBrightness brightness: 392.0, brightnessMode:0
04-07 13:39:48.403  1259  1722 D DisplayPowerController: Animating brightness: target=608.0, rate=163.0, source= 7
04-07 13:39:48.409  1259  2767 W LightsService: setBrightness brightness: 394.0, brightnessMode:0
04-07 13:39:48.417  1259  1722 D DisplayPowerController: Animating brightness: target=608.0, rate=163.0, source= 7
04-07 13:39:48.427  1259  2767 W LightsService: setBrightness brightness: 396.0, brightnessMode:0
04-07 13:39:48.438  1259  1722 D DisplayPowerController: Animating brightness: target=608.0, rate=163.0, source= 7
04-07 13:39:48.443  1259  2767 W LightsService: setBrightness brightness: 398.0, brightnessMode:0
04-07 13:39:48.453  1259  1722 D DisplayPowerController: Animating brightness: target=608.0, rate=163.0, source= 7
04-07 13:39:48.458  1259  2767 W LightsService: setBrightness brightness: 400.0, brightnessMode:0
04-07 13:39:48.469  1259  1722 D DisplayPowerController: Animating brightness: target=608.0, rate=163.0, source= 7
04-07 13:39:48.476  1259  2767 W LightsService: setBrightness brightness: 402.0, brightnessMode:0
04-07 13:39:48.498  1259  1722 D DisplayPowerController: Animating brightness: target=608.0, rate=163.0, source= 7
04-07 13:39:48.499  1259  1722 D DisplayPowerController: Animating brightness: target=608.0, rate=163.0, source= 7
04-07 13:39:48.499  1259  2767 W LightsService: setBrightness brightness: 404.0, brightnessMode:0
04-07 13:39:48.510  1259  2767 W LightsService: setBrightness brightness: 406.0, brightnessMode:0
04-07 13:39:48.512  1259  1722 D DisplayPowerController: Animating brightness: target=608.0, rate=163.0, source= 7
04-07 13:39:48.522  1259  1722 D DisplayPowerController: Animating brightness: target=608.0, rate=163.0, source= 7
04-07 13:39:48.525  1259  2767 W LightsService: setBrightness brightness: 408.0, brightnessMode:0
04-07 13:39:48.535  1259  1722 D DisplayPowerController: Animating brightness: target=608.0, rate=163.0, source= 7
04-07 13:39:48.542  1259  2767 W LightsService: setBrightness brightness: 410.0, brightnessMode:0
04-07 13:39:48.551  1259  1722 D DisplayPowerController: Animating brightness: target=608.0, rate=163.0, source= 7
04-07 13:39:48.561  1259  2767 W LightsService: setBrightness brightness: 412.0, brightnessMode:0
04-07 13:39:48.568  1259  1722 D DisplayPowerController: Animating brightness: target=608.0, rate=163.0, source= 7
04-07 13:39:48.574  1259  2767 W LightsService: setBrightness brightness: 414.0, brightnessMode:0
04-07 13:39:48.584  1259  1722 D DisplayPowerController: Animating brightness: target=608.0, rate=163.0, source= 7
04-07 13:39:48.591  1259  2767 W LightsService: setBrightness brightness: 416.0, brightnessMode:0
04-07 13:39:48.604  1259  1722 D DisplayPowerController: Animating brightness: target=608.0, rate=163.0, source= 7
04-07 13:39:48.608  1259  2767 W LightsService: setBrightness brightness: 418.0, brightnessMode:0
04-07 13:39:48.617  1259  1722 D DisplayPowerController: Animating brightness: target=608.0, rate=163.0, source= 7
04-07 13:39:48.626  1259  2767 W LightsService: setBrightness brightness: 420.0, brightnessMode:0
04-07 13:39:48.634  1259  1722 D DisplayPowerController: Animating brightness: target=608.0, rate=163.0, source= 7
04-07 13:39:48.643  1259  2767 W LightsService: setBrightness brightness: 422.0, brightnessMode:0
04-07 13:39:48.650  1259  1722 D DisplayPowerController: Animating brightness: target=608.0, rate=163.0, source= 7
04-07 13:39:48.659  1259  2767 W LightsService: setBrightness brightness: 424.0, brightnessMode:0
04-07 13:39:48.671  1259  1722 D DisplayPowerController: Animating brightness: target=608.0, rate=163.0, source= 7
04-07 13:39:48.675  1259  2767 W LightsService: setBrightness brightness: 426.0, brightnessMode:0
04-07 13:39:48.686  1259  1722 D DisplayPowerController: Animating brightness: target=608.0, rate=163.0, source= 7
04-07 13:39:48.692  1259  2767 W LightsService: setBrightness brightness: 428.0, brightnessMode:0
04-07 13:39:48.700  1259  1722 D DisplayPowerController: Animating brightness: target=608.0, rate=163.0, source= 7
04-07 13:39:48.708  1259  2767 W LightsService: setBrightness brightness: 430.0, brightnessMode:0
04-07 13:39:48.720  1259  1722 D DisplayPowerController: Animating brightness: target=608.0, rate=163.0, source= 7
04-07 13:39:48.725  1259  2767 W LightsService: setBrightness brightness: 432.0, brightnessMode:0
04-07 13:39:48.738  1259  1722 D DisplayPowerController: Animating brightness: target=608.0, rate=163.0, source= 7
04-07 13:39:48.744  1259  2767 W LightsService: setBrightness brightness: 434.0, brightnessMode:0
04-07 13:39:48.757  1259  1722 D DisplayPowerController: Animating brightness: target=608.0, rate=163.0, source= 7
04-07 13:39:48.762  1259  2767 W LightsService: setBrightness brightness: 436.0, brightnessMode:0
04-07 13:39:48.768  1259  1722 D DisplayPowerController: Animating brightness: target=608.0, rate=163.0, source= 7
04-07 13:39:48.774 23413 18926 I OplusFeedbackInfo: [sendFPSInfo:L314] mInputBufCnt = 0 fps, mOutputBufCnt = 0 fps, mRenderFrameCnt = 0 fps
04-07 13:39:48.775  1259  2767 W LightsService: setBrightness brightness: 438.0, brightnessMode:0
04-07 13:39:48.776  1544  1611 D AtlasService: clientsCount 1
04-07 13:39:48.776  1544  1611 D AtlasService: notify 1025 to client
04-07 13:39:48.778 23413 18211 I OplusFeedbackInfo: [sendFPSInfo:L314] mInputBufCnt = 0 fps, mOutputBufCnt = 0 fps, mRenderFrameCnt = 0 fps
04-07 13:39:48.778  1544  1611 D AtlasService: clientsCount 1
04-07 13:39:48.778  1544  1611 D AtlasService: notify 1025 to client
04-07 13:39:48.784  1259  1722 D DisplayPowerController: Animating brightness: target=608.0, rate=163.0, source= 7
04-07 13:39:48.790 23413 18354 I OplusFeedbackInfo: [sendFPSInfo:L314] mInputBufCnt = 0 fps, mOutputBufCnt = 0 fps, mRenderFrameCnt = 0 fps
04-07 13:39:48.790  1544  1611 D AtlasService: clientsCount 1
04-07 13:39:48.790  1544  1611 D AtlasService: notify 1025 to client
04-07 13:39:48.792  1259  2767 W LightsService: setBrightness brightness: 440.0, brightnessMode:0
04-07 13:39:48.798 23413 18603 I OplusFeedbackInfo: [sendFPSInfo:L314] mInputBufCnt = 0 fps, mOutputBufCnt = 0 fps, mRenderFrameCnt = 0 fps
04-07 13:39:48.798  1544  1611 D AtlasService: clientsCount 1
04-07 13:39:48.798  1544  1611 D AtlasService: notify 1025 to client
04-07 13:39:48.803  1259  1722 D DisplayPowerController: Animating brightness: target=608.0, rate=163.0, source= 7
04-07 13:39:48.807  1259  2767 W LightsService: setBrightness brightness: 442.0, brightnessMode:0
04-07 13:39:48.823  1259  1722 D DisplayPowerController: Animating brightness: target=608.0, rate=163.0, source= 7
04-07 13:39:48.826  1259  2767 W LightsService: setBrightness brightness: 444.0, brightnessMode:0
04-07 13:39:48.836  1259  1722 D DisplayPowerController: Animating brightness: target=608.0, rate=163.0, source= 7
04-07 13:39:48.842  1259  2767 W LightsService: setBrightness brightness: 446.0, brightnessMode:0
04-07 13:39:48.851  1259  1722 D DisplayPowerController: Animating brightness: target=608.0, rate=163.0, source= 7
04-07 13:39:48.858  1259  2767 W LightsService: setBrightness brightness: 448.0, brightnessMode:0
04-07 13:39:48.873  1259  1722 D DisplayPowerController: Animating brightness: target=608.0, rate=163.0, source= 7
04-07 13:39:48.875  1259  2767 W LightsService: setBrightness brightness: 450.0, brightnessMode:0
04-07 13:39:48.886  1259  1722 D DisplayPowerController: Animating brightness: target=608.0, rate=163.0, source= 7
04-07 13:39:48.894  1259  2767 W LightsService: setBrightness brightness: 452.0, brightnessMode:0
04-07 13:39:48.901  1259  1722 D DisplayPowerController: Animating brightness: target=608.0, rate=163.0, source= 7
04-07 13:39:48.908  1259  2767 W LightsService: setBrightness brightness: 454.0, brightnessMode:0
04-07 13:39:48.916  1259  1722 D DisplayPowerController: Animating brightness: target=608.0, rate=163.0, source= 7
04-07 13:39:48.928  1259  2767 W LightsService: setBrightness brightness: 456.0, brightnessMode:0
04-07 13:39:48.934  1259  1722 D DisplayPowerController: Animating brightness: target=608.0, rate=163.0, source= 7
04-07 13:39:48.942  1259  2767 W LightsService: setBrightness brightness: 458.0, brightnessMode:0
04-07 13:39:48.949  1259  1722 D DisplayPowerController: Animating brightness: target=608.0, rate=163.0, source= 7
04-07 13:39:48.959  1259  2767 W LightsService: setBrightness brightness: 460.0, brightnessMode:0
04-07 13:39:48.970  1259  1722 D DisplayPowerController: Animating brightness: target=608.0, rate=163.0, source= 7
04-07 13:39:48.975  1259  2767 W LightsService: setBrightness brightness: 462.0, brightnessMode:0
04-07 13:39:48.990  1259  1722 D DisplayPowerController: Animating brightness: target=608.0, rate=163.0, source= 7
04-07 13:39:48.991  1259  2767 W LightsService: setBrightness brightness: 464.0, brightnessMode:0
04-07 13:39:49.000  1259  1722 D DisplayPowerController: Animating brightness: target=608.0, rate=163.0, source= 7
04-07 13:39:49.009  1259  2767 W LightsService: setBrightness brightness: 466.0, brightnessMode:0
04-07 13:39:49.019  1259  1722 D DisplayPowerController: Animating brightness: target=608.0, rate=163.0, source= 7
04-07 13:39:49.026  1259  2767 W LightsService: setBrightness brightness: 468.0, brightnessMode:0
04-07 13:39:49.034  1259  1722 D DisplayPowerController: Animating brightness: target=608.0, rate=163.0, source= 7
04-07 13:39:49.045  1259  2767 W LightsService: setBrightness brightness: 470.0, brightnessMode:0
04-07 13:39:49.056  1259  1722 D DisplayPowerController: Animating brightness: target=608.0, rate=163.0, source= 7
04-07 13:39:49.060  1259  2767 W LightsService: setBrightness brightness: 472.0, brightnessMode:0
04-07 13:39:49.069  1259  1722 D DisplayPowerController: Animating brightness: target=608.0, rate=163.0, source= 7
04-07 13:39:49.074  1259  2767 W LightsService: setBrightness brightness: 474.0, brightnessMode:0
04-07 13:39:49.084  1259  1722 D DisplayPowerController: Animating brightness: target=608.0, rate=163.0, source= 7
04-07 13:39:49.092  1259  2767 W LightsService: setBrightness brightness: 476.0, brightnessMode:0
04-07 13:39:49.100  1259  1722 D DisplayPowerController: Animating brightness: target=608.0, rate=163.0, source= 7
04-07 13:39:49.108  1259  2767 W LightsService: setBrightness brightness: 478.0, brightnessMode:0
04-07 13:39:49.119  1259  1722 D DisplayPowerController: Animating brightness: target=608.0, rate=163.0, source= 7
04-07 13:39:49.125  1259  2767 W LightsService: setBrightness brightness: 480.0, brightnessMode:0
04-07 13:39:49.136  1259  1722 D DisplayPowerController: Animating brightness: target=608.0, rate=163.0, source= 7
04-07 13:39:49.142  1259  2767 W LightsService: setBrightness brightness: 482.0, brightnessMode:0
04-07 13:39:49.150  1259  1722 D DisplayPowerController: Animating brightness: target=608.0, rate=163.0, source= 7
04-07 13:39:49.163  1259  2767 W LightsService: setBrightness brightness: 484.0, brightnessMode:0
04-07 13:39:49.168  1259  1722 D DisplayPowerController: Animating brightness: target=608.0, rate=163.0, source= 7
04-07 13:39:49.174  1259  2767 W LightsService: setBrightness brightness: 486.0, brightnessMode:0
04-07 13:39:49.186  1259  1722 D DisplayPowerController: Animating brightness: target=608.0, rate=163.0, source= 7
04-07 13:39:49.191  1259  2767 W LightsService: setBrightness brightness: 488.0, brightnessMode:0
04-07 13:39:49.201  1259  1722 D DisplayPowerController: Animating brightness: target=608.0, rate=163.0, source= 7
04-07 13:39:49.210  1259  2767 W LightsService: setBrightness brightness: 490.0, brightnessMode:0
04-07 13:39:49.219  1259  1722 D DisplayPowerController: Animating brightness: target=608.0, rate=163.0, source= 7
04-07 13:39:49.227  1259  2767 W LightsService: setBrightness brightness: 492.0, brightnessMode:0
04-07 13:39:49.239  1259  1722 D DisplayPowerController: Animating brightness: target=608.0, rate=163.0, source= 7
04-07 13:39:49.242  1259  2767 W LightsService: setBrightness brightness: 494.0, brightnessMode:0
04-07 13:39:49.260  1259  2767 W LightsService: setBrightness brightness: 496.0, brightnessMode:0
04-07 13:39:49.272  1259  1722 D DisplayPowerController: Animating brightness: target=608.0, rate=163.0, source= 7
04-07 13:39:49.276  1259  2767 W LightsService: setBrightness brightness: 498.0, brightnessMode:0
04-07 13:39:49.278  1259  1722 D DisplayPowerController: Animating brightness: target=608.0, rate=163.0, source= 7
04-07 13:39:49.286  1259  1722 D DisplayPowerController: Animating brightness: target=608.0, rate=163.0, source= 7
04-07 13:39:49.291  1259  2767 W LightsService: setBrightness brightness: 500.0, brightnessMode:0
04-07 13:39:49.299  1259  1722 D DisplayPowerController: Animating brightness: target=608.0, rate=163.0, source= 7
04-07 13:39:49.308  1259  2767 W LightsService: setBrightness brightness: 502.0, brightnessMode:0
04-07 13:39:49.317  1259  1722 D DisplayPowerController: Animating brightness: target=608.0, rate=163.0, source= 7
04-07 13:39:49.325  1259  2767 W LightsService: setBrightness brightness: 504.0, brightnessMode:0
04-07 13:39:49.333  1259  1722 D DisplayPowerController: Animating brightness: target=608.0, rate=163.0, source= 7
04-07 13:39:49.341  1259  2767 W LightsService: setBrightness brightness: 506.0, brightnessMode:0
04-07 13:39:49.350  1259  1722 D DisplayPowerController: Animating brightness: target=608.0, rate=163.0, source= 7
04-07 13:39:49.358  1259  2767 W LightsService: setBrightness brightness: 508.0, brightnessMode:0
04-07 13:39:49.372  1259  1722 D DisplayPowerController: Animating brightness: target=608.0, rate=163.0, source= 7
04-07 13:39:49.378  1259  2767 W LightsService: setBrightness brightness: 510.0, brightnessMode:0
04-07 13:39:49.387  1259  1722 D DisplayPowerController: Animating brightness: target=608.0, rate=163.0, source= 7
04-07 13:39:49.392  1259  2767 W LightsService: setBrightness brightness: 512.0, brightnessMode:0
04-07 13:39:49.406  1259  1722 D DisplayPowerController: Animating brightness: target=608.0, rate=163.0, source= 7
04-07 13:39:49.409  1259  2767 W LightsService: setBrightness brightness: 514.0, brightnessMode:0
04-07 13:39:49.419  1259  1722 D DisplayPowerController: Animating brightness: target=608.0, rate=163.0, source= 7
04-07 13:39:49.425  1259  2767 W LightsService: setBrightness brightness: 516.0, brightnessMode:0
04-07 13:39:49.441  1259  3634 D ColorAppListInterceptManager: shouldFilterTask
04-07 13:39:49.441  1259  3634 D ColorAppListInterceptManager: shouldFilterTask::packageName = com.HRing.FreshAR
04-07 13:39:49.441  1259  3634 D ColorAppListInterceptManager: shouldFilterTask
04-07 13:39:49.441  1259  3634 D ColorAppListInterceptManager: shouldFilterTask::packageName = org.telegram.messenger
04-07 13:39:49.441  1259  3634 D ColorAppListInterceptManager: shouldFilterTask
04-07 13:39:49.441  1259  3634 D ColorAppListInterceptManager: shouldFilterTask::packageName = com.android.chrome
04-07 13:39:49.441  1259  3634 D ColorAppListInterceptManager: shouldFilterTask
04-07 13:39:49.441  1259  3634 D ColorAppListInterceptManager: shouldFilterTask::packageName = com.reddit.frontpage
04-07 13:39:49.442  1259  2767 W LightsService: setBrightness brightness: 518.0, brightnessMode:0
04-07 13:39:49.444  1259  1722 D DisplayPowerController: Animating brightness: target=608.0, rate=163.0, source= 7
04-07 13:39:49.448  3652  6082 W ContextImpl: Calling a method in the system process without a qualified user: android.app.ContextImpl.startService:1701 android.content.ContextWrapper.startService:730 com.oppo.statistics.record.RecordHandler.startDcsService:210 com.oppo.statistics.record.RecordHandler.addTask:137 com.oppo.statistics.agent.CommonAgent.recordCommon:23 
04-07 13:39:49.453  1259  1722 D DisplayPowerController: Animating brightness: target=608.0, rate=163.0, source= 7
04-07 13:39:49.453 25389 25439 I [0]DCS-StrategyManager: isNeedUpload: false, appID: 20089, logTag: 20089, eventID: temp_level_change_trace
04-07 13:39:49.459  1259  2767 W LightsService: setBrightness brightness: 520.0, brightnessMode:0
04-07 13:39:49.470  1259  1722 D DisplayPowerController: Animating brightness: target=608.0, rate=163.0, source= 7
04-07 13:39:49.477  1259  2767 W LightsService: setBrightness brightness: 522.0, brightnessMode:0
04-07 13:39:49.484  1259  1722 D DisplayPowerController: Animating brightness: target=608.0, rate=163.0, source= 7
04-07 13:39:49.492  1259  2767 W LightsService: setBrightness brightness: 524.0, brightnessMode:0
04-07 13:39:49.501  1259  1722 D DisplayPowerController: Animating brightness: target=608.0, rate=163.0, source= 7
04-07 13:39:49.509  1259  2767 W LightsService: setBrightness brightness: 526.0, brightnessMode:0
04-07 13:39:49.520  1259  1722 D DisplayPowerController: Animating brightness: target=608.0, rate=163.0, source= 7
04-07 13:39:49.526  1259  2767 W LightsService: setBrightness brightness: 528.0, brightnessMode:0
04-07 13:39:49.538  1259  1722 D DisplayPowerController: Animating brightness: target=608.0, rate=163.0, source= 7
04-07 13:39:49.541  1259  2767 W LightsService: setBrightness brightness: 530.0, brightnessMode:0
04-07 13:39:49.553  1259  1722 D DisplayPowerController: Animating brightness: target=608.0, rate=163.0, source= 7
04-07 13:39:49.558  1259  2767 W LightsService: setBrightness brightness: 532.0, brightnessMode:0
04-07 13:39:49.567  1259  1722 D DisplayPowerController: Animating brightness: target=608.0, rate=163.0, source= 7
04-07 13:39:49.574  1259  2767 W LightsService: setBrightness brightness: 534.0, brightnessMode:0
04-07 13:39:49.583  1259  1722 D DisplayPowerController: Animating brightness: target=608.0, rate=163.0, source= 7
04-07 13:39:49.591  1259  2767 W LightsService: setBrightness brightness: 536.0, brightnessMode:0
04-07 13:39:49.599  1259  1722 D DisplayPowerController: Animating brightness: target=608.0, rate=163.0, source= 7
04-07 13:39:49.608  1259  2767 W LightsService: setBrightness brightness: 538.0, brightnessMode:0
04-07 13:39:49.616  1259  1722 D DisplayPowerController: Animating brightness: target=608.0, rate=163.0, source= 7
04-07 13:39:49.626  1259  2767 W LightsService: setBrightness brightness: 540.0, brightnessMode:0
04-07 13:39:49.633  1259  1722 D DisplayPowerController: Animating brightness: target=608.0, rate=163.0, source= 7
04-07 13:39:49.642  1259  2767 W LightsService: setBrightness brightness: 542.0, brightnessMode:0
04-07 13:39:49.651  1259  1722 D DisplayPowerController: Animating brightness: target=608.0, rate=163.0, source= 7
04-07 13:39:49.659  1259  2767 W LightsService: setBrightness brightness: 544.0, brightnessMode:0
04-07 13:39:49.672  1259  1722 D DisplayPowerController: Animating brightness: target=608.0, rate=163.0, source= 7
04-07 13:39:49.674  1259  2767 W LightsService: setBrightness brightness: 546.0, brightnessMode:0
04-07 13:39:49.686  1259  1722 D DisplayPowerController: Animating brightness: target=608.0, rate=163.0, source= 7
04-07 13:39:49.691  1259  2767 W LightsService: setBrightness brightness: 548.0, brightnessMode:0
04-07 13:39:49.699  1259  1722 D DisplayPowerController: Animating brightness: target=608.0, rate=163.0, source= 7
04-07 13:39:49.708  1259  2767 W LightsService: setBrightness brightness: 550.0, brightnessMode:0
04-07 13:39:49.716  1259  1722 D DisplayPowerController: Animating brightness: target=608.0, rate=163.0, source= 7
04-07 13:39:49.724  1259  2767 W LightsService: setBrightness brightness: 552.0, brightnessMode:0
04-07 13:39:49.733  1259  1722 D DisplayPowerController: Animating brightness: target=608.0, rate=163.0, source= 7
04-07 13:39:49.741  1259  2767 W LightsService: setBrightness brightness: 554.0, brightnessMode:0
04-07 13:39:49.749  1259  1722 D DisplayPowerController: Animating brightness: target=608.0, rate=163.0, source= 7
04-07 13:39:49.758  1259  2767 W LightsService: setBrightness brightness: 556.0, brightnessMode:0
04-07 13:39:49.760 31490 31537 D GmsGcmMcsSvc: Heartbeat initiated, reason: Intent { act=org.microg.gms.gcm.mcs.HEARTBEAT flg=0x4 cmp=com.mgoogle.android.gms/org.microg.gms.gcm.McsService (has extras) }
04-07 13:39:49.760 31490 31537 D GmsGcmMcsSvc: Scheduling heartbeat in 47 seconds...
04-07 13:39:49.761  1259  3258 V AlarmManager: set(PendingIntent{38bda5e: PendingIntentRecord{1ad4e89 com.mgoogle.android.gms startService}}) : type=2 when=120810684whenElapsed120810684maxWhen =120810684 win=0 interval=0 flags=0x4 pkg = com.mgoogle.android.gms
04-07 13:39:49.766 31490 27011 D GmsGcmMcsOutput: Outgoing message: HeartbeatPing{last_stream_id_received=2}
04-07 13:39:49.770  1259  1722 D DisplayPowerController: Animating brightness: target=608.0, rate=163.0, source= 7
04-07 13:39:49.774  1259  2767 W LightsService: setBrightness brightness: 558.0, brightnessMode:0
04-07 13:39:49.778 23413 18926 I OplusFeedbackInfo: [sendFPSInfo:L314] mInputBufCnt = 0 fps, mOutputBufCnt = 0 fps, mRenderFrameCnt = 0 fps
04-07 13:39:49.778  1544  1611 D AtlasService: clientsCount 1
04-07 13:39:49.778  1544  1611 D AtlasService: notify 1025 to client
04-07 13:39:49.782 23413 18211 I OplusFeedbackInfo: [sendFPSInfo:L314] mInputBufCnt = 0 fps, mOutputBufCnt = 0 fps, mRenderFrameCnt = 0 fps
04-07 13:39:49.782  1544  1611 D AtlasService: clientsCount 1
04-07 13:39:49.782  1544  1611 D AtlasService: notify 1025 to client
04-07 13:39:49.783  1259  1722 D DisplayPowerController: Animating brightness: target=608.0, rate=163.0, source= 7
04-07 13:39:49.791  1259  2767 W LightsService: setBrightness brightness: 560.0, brightnessMode:0
04-07 13:39:49.792 23413 18354 I OplusFeedbackInfo: [sendFPSInfo:L314] mInputBufCnt = 0 fps, mOutputBufCnt = 0 fps, mRenderFrameCnt = 0 fps
04-07 13:39:49.792  1544  1611 D AtlasService: clientsCount 1
04-07 13:39:49.792  1544  1611 D AtlasService: notify 1025 to client
04-07 13:39:49.799 23413 18603 I OplusFeedbackInfo: [sendFPSInfo:L314] mInputBufCnt = 0 fps, mOutputBufCnt = 0 fps, mRenderFrameCnt = 0 fps
04-07 13:39:49.799  1544  1611 D AtlasService: clientsCount 1
04-07 13:39:49.799  1544  1611 D AtlasService: notify 1025 to client
04-07 13:39:49.805  1259  1722 D DisplayPowerController: Animating brightness: target=608.0, rate=163.0, source= 7
04-07 13:39:49.810  1259  2767 W LightsService: setBrightness brightness: 562.0, brightnessMode:0
04-07 13:39:49.818  1259  1722 D DisplayPowerController: Animating brightness: target=608.0, rate=163.0, source= 7
04-07 13:39:49.825  1259  2767 W LightsService: setBrightness brightness: 564.0, brightnessMode:0
04-07 13:39:49.826 31490 27010 D GmsGcmMcsInput: Incoming message: HeartbeatAck{last_stream_id_received=2}
04-07 13:39:49.826 31490 27010 D GmsGcmPrefs: learnReached: gcm_network_wifi / 47248
04-07 13:39:49.835  1259  1722 D DisplayPowerController: Animating brightness: target=608.0, rate=163.0, source= 7
04-07 13:39:49.841  1259  2767 W LightsService: setBrightness brightness: 566.0, brightnessMode:0
04-07 13:39:49.853  1259  1722 D DisplayPowerController: Animating brightness: target=608.0, rate=163.0, source= 7
04-07 13:39:49.858  1259  2767 W LightsService: setBrightness brightness: 568.0, brightnessMode:0
04-07 13:39:49.867  1259  1722 D DisplayPowerController: Animating brightness: target=608.0, rate=163.0, source= 7
04-07 13:39:49.877  1259  2767 W LightsService: setBrightness brightness: 570.0, brightnessMode:0
04-07 13:39:49.886  1259  1722 D DisplayPowerController: Animating brightness: target=608.0, rate=163.0, source= 7
04-07 13:39:49.891  1259  2767 W LightsService: setBrightness brightness: 572.0, brightnessMode:0
04-07 13:39:49.900  1259  1722 D DisplayPowerController: Animating brightness: target=608.0, rate=163.0, source= 7
04-07 13:39:49.908  1259  2767 W LightsService: setBrightness brightness: 574.0, brightnessMode:0
04-07 13:39:49.920  1259  1722 D DisplayPowerController: Animating brightness: target=608.0, rate=163.0, source= 7
04-07 13:39:49.931  1259  2767 W LightsService: setBrightness brightness: 575.0, brightnessMode:0
04-07 13:39:49.941  1259  1722 D DisplayPowerController: Animating brightness: target=608.0, rate=163.0, source= 7
04-07 13:39:49.941  1259  1722 D DisplayPowerController: Animating brightness: target=608.0, rate=163.0, source= 7
04-07 13:39:49.942  1259  2767 W LightsService: setBrightness brightness: 577.0, brightnessMode:0
04-07 13:39:49.952  1259  1722 D DisplayPowerController: Animating brightness: target=608.0, rate=163.0, source= 7
04-07 13:39:49.959  1259  2767 W LightsService: setBrightness brightness: 579.0, brightnessMode:0
04-07 13:39:49.971  1259  1722 D DisplayPowerController: Animating brightness: target=608.0, rate=163.0, source= 7
04-07 13:39:49.975  1259  2767 W LightsService: setBrightness brightness: 580.0, brightnessMode:0
04-07 13:39:49.989  1259  1722 D DisplayPowerController: Animating brightness: target=608.0, rate=163.0, source= 7
04-07 13:39:49.993  1259  2767 W LightsService: setBrightness brightness: 581.0, brightnessMode:0
04-07 13:39:50.005  1259  1722 D DisplayPowerController: Animating brightness: target=608.0, rate=163.0, source= 7
04-07 13:39:50.008  1259  2767 W LightsService: setBrightness brightness: 583.0, brightnessMode:0
04-07 13:39:50.022  1259  1722 D DisplayPowerController: Animating brightness: target=608.0, rate=163.0, source= 7
04-07 13:39:50.025  1259  2767 W LightsService: setBrightness brightness: 584.0, brightnessMode:0
04-07 13:39:50.044  1259  2767 W LightsService: setBrightness brightness: 585.0, brightnessMode:0
04-07 13:39:50.046  1259  1722 D DisplayPowerController: Animating brightness: target=608.0, rate=163.0, source= 7
04-07 13:39:50.064  1259  2767 W LightsService: setBrightness brightness: 586.0, brightnessMode:0
04-07 13:39:50.068  1259  1722 D DisplayPowerController: Animating brightness: target=608.0, rate=163.0, source= 7
04-07 13:39:50.069  1259  1722 D DisplayPowerController: Animating brightness: target=608.0, rate=163.0, source= 7
04-07 13:39:50.075  1259  2767 W LightsService: setBrightness brightness: 587.0, brightnessMode:0
04-07 13:39:50.083  1259  1722 D DisplayPowerController: Animating brightness: target=608.0, rate=163.0, source= 7
04-07 13:39:50.091  1259  2767 W LightsService: setBrightness brightness: 588.0, brightnessMode:0
04-07 13:39:50.106  1259  1722 D DisplayPowerController: Animating brightness: target=608.0, rate=163.0, source= 7
04-07 13:39:50.108  1259  2767 W LightsService: setBrightness brightness: 589.0, brightnessMode:0
04-07 13:39:50.123  1259  1722 D DisplayPowerController: Animating brightness: target=608.0, rate=163.0, source= 7
04-07 13:39:50.126  1259  2767 W LightsService: setBrightness brightness: 590.0, brightnessMode:0
04-07 13:39:50.135  1259  1722 D DisplayPowerController: Animating brightness: target=608.0, rate=163.0, source= 7
04-07 13:39:50.142  1259  2767 W LightsService: setBrightness brightness: 591.0, brightnessMode:0
04-07 13:39:50.151  1259  1722 D DisplayPowerController: Animating brightness: target=608.0, rate=163.0, source= 7
04-07 13:39:50.158  1259  2767 W LightsService: setBrightness brightness: 592.0, brightnessMode:0
04-07 13:39:50.168  1259  1722 D DisplayPowerController: Animating brightness: target=608.0, rate=163.0, source= 7
04-07 13:39:50.177  1259  2767 W LightsService: setBrightness brightness: 593.0, brightnessMode:0
04-07 13:39:50.188  1259  1722 D DisplayPowerController: Animating brightness: target=608.0, rate=163.0, source= 7
04-07 13:39:50.191  1259  2767 W LightsService: setBrightness brightness: 594.0, brightnessMode:0
04-07 13:39:50.203  1259  1722 D DisplayPowerController: Animating brightness: target=608.0, rate=163.0, source= 7
04-07 13:39:50.224  1259  2767 W LightsService: setBrightness brightness: 595.0, brightnessMode:0
04-07 13:39:50.235  1259  1722 D DisplayPowerController: Animating brightness: target=608.0, rate=163.0, source= 7
04-07 13:39:50.241  1259  2767 W LightsService: setBrightness brightness: 596.0, brightnessMode:0
04-07 13:39:50.251  1259  1722 D DisplayPowerController: Animating brightness: target=608.0, rate=163.0, source= 7
04-07 13:39:50.274  1259  2767 W LightsService: setBrightness brightness: 597.0, brightnessMode:0
04-07 13:39:50.292  1259  1722 D DisplayPowerController: Animating brightness: target=608.0, rate=163.0, source= 7
04-07 13:39:50.308  1259  2767 W LightsService: setBrightness brightness: 598.0, brightnessMode:0
04-07 13:39:50.317  1259  1722 D DisplayPowerController: Animating brightness: target=608.0, rate=163.0, source= 7
04-07 13:39:50.340  1259  2767 W LightsService: setBrightness brightness: 599.0, brightnessMode:0
04-07 13:39:50.350  1259  1722 D DisplayPowerController: Animating brightness: target=608.0, rate=163.0, source= 7
04-07 13:39:50.383  1259  2767 W LightsService: setBrightness brightness: 600.0, brightnessMode:0
