04-07 13:39:59.973  1259  2767 W LightsService: setBrightness brightness: 381.0, brightnessMode:0
04-07 13:39:59.974 29496 29578 D AudioManager: getStreamVolume packageName=com.instagram.android, index=0, streamType=3
04-07 13:39:59.976 29496 29578 D AudioManager: getStreamVolume packageName=com.instagram.android, index=0, streamType=3
04-07 13:39:59.985  1259  1722 D DisplayPowerController: Animating brightness: target=4.0, rate=30.0, source= 11
04-07 13:39:59.988  1259  2767 W LightsService: setBrightness brightness: 367.0, brightnessMode:0
04-07 13:39:59.988 29496 29578 D AudioManager: getStreamVolume packageName=com.instagram.android, index=0, streamType=3
04-07 13:39:59.998  1259  1722 D DisplayPowerController: Animating brightness: target=4.0, rate=30.0, source= 11
04-07 13:40:00.000 29496 29578 D AudioManager: getStreamVolume packageName=com.instagram.android, index=0, streamType=3
04-07 13:40:00.000  1259  2551 V AlarmManager: set(null) : type=3 when=120833706whenElapsed120833706maxWhen =120833706 win=0 interval=0 flags=0x1 pkg = android
04-07 13:40:00.005  1259  2767 W LightsService: setBrightness brightness: 354.0, brightnessMode:0
04-07 13:40:00.003 29496 29578 D AudioManager: getStreamVolume packageName=com.instagram.android, index=0, streamType=3
04-07 13:40:00.014 29496 29578 D AudioManager: getStreamVolume packageName=com.instagram.android, index=0, streamType=3
04-07 13:40:00.021  1259  2767 W LightsService: setBrightness brightness: 341.0, brightnessMode:0
04-07 13:40:00.023  1259  3258 E OplusCustomizeRestrictionManagerService: isBiometricDisabled start
04-07 13:40:00.023  1259  3634 W DevicePolicyManager: Unknown user type: UserInfo{999:multiApp:4000410}
04-07 13:40:00.023  1259  3795 E OplusCustomizeRestrictionManagerService: isBiometricDisabled start
04-07 13:40:00.026 29496 29578 D AudioManager: getStreamVolume packageName=com.instagram.android, index=0, streamType=3
04-07 13:40:00.029  1259  1722 D DisplayPowerController: Animating brightness: target=4.0, rate=30.0, source= 11
04-07 13:40:00.032 29496 29578 D AudioManager: getStreamVolume packageName=com.instagram.android, index=0, streamType=3
04-07 13:40:00.034  1259  1722 D DisplayPowerController: Animating brightness: target=4.0, rate=30.0, source= 11
04-07 13:40:00.039  1259  2767 W LightsService: setBrightness brightness: 327.0, brightnessMode:0
04-07 13:40:00.042 29496 29578 D AudioManager: getStreamVolume packageName=com.instagram.android, index=0, streamType=3
04-07 13:40:00.046 29496 29578 D AudioManager: getStreamVolume packageName=com.instagram.android, index=0, streamType=3
04-07 13:40:00.047  1259  1722 D DisplayPowerController: Animating brightness: target=4.0, rate=30.0, source= 11
04-07 13:40:00.054  1259  2767 W LightsService: setBrightness brightness: 314.0, brightnessMode:0
04-07 13:40:00.060 29496 29578 D AudioManager: getStreamVolume packageName=com.instagram.android, index=0, streamType=3
04-07 13:40:00.068 29496 29578 D AudioManager: getStreamVolume packageName=com.instagram.android, index=0, streamType=3
04-07 13:40:00.071  1259  1722 D DisplayPowerController: Animating brightness: target=4.0, rate=30.0, source= 11
04-07 13:40:00.073  1259  2767 W LightsService: setBrightness brightness: 301.0, brightnessMode:0
04-07 13:40:00.076 29496 29578 D AudioManager: getStreamVolume packageName=com.instagram.android, index=0, streamType=3
04-07 13:40:00.081  1259  1722 D DisplayPowerController: Animating brightness: target=4.0, rate=30.0, source= 11
04-07 13:40:00.088  1259  2767 W LightsService: setBrightness brightness: 287.0, brightnessMode:0
04-07 13:40:00.089 29496 29578 D AudioManager: getStreamVolume packageName=com.instagram.android, index=0, streamType=3
04-07 13:40:00.101 29496 29578 D AudioManager: getStreamVolume packageName=com.instagram.android, index=0, streamType=3
04-07 13:40:00.104  1259  2767 W LightsService: setBrightness brightness: 274.0, brightnessMode:0
04-07 13:40:00.107 29496 29578 D AudioManager: getStreamVolume packageName=com.instagram.android, index=0, streamType=3
04-07 13:40:00.112  1259  1722 D DisplayPowerController: Animating brightness: target=4.0, rate=30.0, source= 11
04-07 13:40:00.114 29496 29578 D AudioManager: getStreamVolume packageName=com.instagram.android, index=0, streamType=3
04-07 13:40:00.120 29496 29578 D AudioManager: getStreamVolume packageName=com.instagram.android, index=0, streamType=3
04-07 13:40:00.116  1259  1722 D DisplayPowerController: Animating brightness: target=4.0, rate=30.0, source= 11
04-07 13:40:00.121  1259  2767 W LightsService: setBrightness brightness: 261.0, brightnessMode:0
04-07 13:40:00.130 29496 29578 D AudioManager: getStreamVolume packageName=com.instagram.android, index=0, streamType=3
04-07 13:40:00.131  1259  1722 D DisplayPowerController: Animating brightness: target=4.0, rate=30.0, source= 11
04-07 13:40:00.135 29496 29578 D AudioManager: getStreamVolume packageName=com.instagram.android, index=0, streamType=3
04-07 13:40:00.139  1259  2767 W LightsService: setBrightness brightness: 247.0, brightnessMode:0
04-07 13:40:00.141 29496 29578 D AudioManager: getStreamVolume packageName=com.instagram.android, index=0, streamType=3
04-07 13:40:00.146  1259  2767 D OplusFeatureDCBacklight: notifySfRepaintEverything begin mCurrentDCMode:0
04-07 13:40:00.148 29496 29578 D AudioManager: getStreamVolume packageName=com.instagram.android, index=0, streamType=3
04-07 13:40:00.158  1259  2767 W LightsService: setBrightness brightness: 234.0, brightnessMode:0
04-07 13:40:00.154 29496 29578 D AudioManager: getStreamVolume packageName=com.instagram.android, index=0, streamType=3
04-07 13:40:00.161  1259  2767 D OplusFeatureDCBacklight: notifySfRepaintEverything begin mCurrentDCMode:0
04-07 13:40:00.162  1259  1722 D DisplayPowerController: Animating brightness: target=4.0, rate=30.0, source= 11
04-07 13:40:00.169 29496 29578 D AudioManager: getStreamVolume packageName=com.instagram.android, index=0, streamType=3
04-07 13:40:00.172 29496 29578 D AudioManager: getStreamVolume packageName=com.instagram.android, index=0, streamType=3
04-07 13:40:00.167  1259  1722 D DisplayPowerController: Animating brightness: target=4.0, rate=30.0, source= 11
04-07 13:40:00.173  1259  2767 W LightsService: setBrightness brightness: 221.0, brightnessMode:0
04-07 13:40:00.179  1259  2767 D OplusFeatureDCBacklight: notifySfRepaintEverything begin mCurrentDCMode:0
04-07 13:40:00.181 29496 29578 D AudioManager: getStreamVolume packageName=com.instagram.android, index=0, streamType=3
04-07 13:40:00.182  1259  1722 D DisplayPowerController: Animating brightness: target=4.0, rate=30.0, source= 11
04-07 13:40:00.190  1259  2767 W LightsService: setBrightness brightness: 207.0, brightnessMode:0
04-07 13:40:00.192 29496 29578 D AudioManager: getStreamVolume packageName=com.instagram.android, index=0, streamType=3
04-07 13:40:00.195  1259  2767 D OplusFeatureDCBacklight: notifySfRepaintEverything begin mCurrentDCMode:0
04-07 13:40:00.196 29496 29578 D AudioManager: getStreamVolume packageName=com.instagram.android, index=0, streamType=3
04-07 13:40:00.198  1259  1722 D DisplayPowerController: Animating brightness: target=4.0, rate=30.0, source= 11
04-07 13:40:00.200 29496 29578 D AudioManager: getStreamVolume packageName=com.instagram.android, index=0, streamType=3
04-07 13:40:00.207  1259  2767 D ScreenMode: enter DC and low brightness mode:true
04-07 13:40:00.207  1259  2767 W LightsService: setBrightness brightness: 194.0, brightnessMode:0
04-07 13:40:00.208  1259  1330 D OplusGestureUpBar: mNavBarPositionFollowScreenRotation = 1,displayWidth:1080,displayHeight:2400
04-07 13:40:00.210  1259  1329 D PowerManagerService: setScreenBrightnessOverrideFromWindowManagerInternal brightness=NaN mScreenBrightnessOverrideFromWindowManager=NaN
04-07 13:40:00.212  1259  2767 D OppoBaseLightsService: notifyFlingerLight color=194code=21005
04-07 13:40:00.213  1259  2767 D OplusFeatureDCBacklight: notifySfRepaintEverything begin mCurrentDCMode:0
04-07 13:40:00.215 29496 29578 D AudioManager: getStreamVolume packageName=com.instagram.android, index=0, streamType=3
04-07 13:40:00.219  1259  1722 D DisplayPowerController: Animating brightness: target=4.0, rate=30.0, source= 11
04-07 13:40:00.221  1259  2767 W LightsService: setBrightness brightness: 181.0, brightnessMode:0
04-07 13:40:00.224 29496 29578 D AudioManager: getStreamVolume packageName=com.instagram.android, index=0, streamType=3
04-07 13:40:00.229  1259  2767 D OplusFeatureDCBacklight: notifySfRepaintEverything begin mCurrentDCMode:0
04-07 13:40:00.229 29496 29578 D AudioManager: getStreamVolume packageName=com.instagram.android, index=0, streamType=3
04-07 13:40:00.234  1259  1722 D DisplayPowerController: Animating brightness: target=4.0, rate=30.0, source= 11
04-07 13:40:00.233 29496 29578 D AudioManager: getStreamVolume packageName=com.instagram.android, index=0, streamType=3
04-07 13:40:00.237  1259  2767 W LightsService: setBrightness brightness: 167.0, brightnessMode:0
04-07 13:40:00.238 29496 29578 D AudioManager: getStreamVolume packageName=com.instagram.android, index=0, streamType=3
04-07 13:40:00.245  1259  2767 D OplusFeatureDCBacklight: notifySfRepaintEverything begin mCurrentDCMode:0
04-07 13:40:00.247 29496 29578 D AudioManager: getStreamVolume packageName=com.instagram.android, index=0, streamType=3
04-07 13:40:00.248  1259  1722 D DisplayPowerController: Animating brightness: target=4.0, rate=30.0, source= 11
04-07 13:40:00.256  1259  2767 W LightsService: setBrightness brightness: 154.0, brightnessMode:0
04-07 13:40:00.253 29496 29578 D AudioManager: getStreamVolume packageName=com.instagram.android, index=0, streamType=3
04-07 13:40:00.262  1259  2767 D OplusFeatureDCBacklight: notifySfRepaintEverything begin mCurrentDCMode:0
04-07 13:40:00.266  1259  1722 D DisplayPowerController: Animating brightness: target=4.0, rate=30.0, source= 11
04-07 13:40:00.270 29496 29578 D AudioManager: getStreamVolume packageName=com.instagram.android, index=0, streamType=3
04-07 13:40:00.271  1259  2767 W LightsService: setBrightness brightness: 141.0, brightnessMode:0
04-07 13:40:00.275 29496 29578 D AudioManager: getStreamVolume packageName=com.instagram.android, index=0, streamType=3
04-07 13:40:00.278  1259  2767 D OplusFeatureDCBacklight: notifySfRepaintEverything begin mCurrentDCMode:0
04-07 13:40:00.279 29496 29578 D AudioManager: getStreamVolume packageName=com.instagram.android, index=0, streamType=3
04-07 13:40:00.281  1259  1722 D DisplayPowerController: Animating brightness: target=4.0, rate=30.0, source= 11
04-07 13:40:00.288  1259  2767 W LightsService: setBrightness brightness: 127.0, brightnessMode:0
04-07 13:40:00.289 29496 29578 D AudioManager: getStreamVolume packageName=com.instagram.android, index=0, streamType=3
04-07 13:40:00.295  1259  2767 D OplusFeatureDCBacklight: notifySfRepaintEverything begin mCurrentDCMode:0
04-07 13:40:00.297 29496 29578 D AudioManager: getStreamVolume packageName=com.instagram.android, index=0, streamType=3
04-07 13:40:00.298  1259  1722 D DisplayPowerController: Animating brightness: target=4.0, rate=30.0, source= 11
04-07 13:40:00.305  1259  2767 W LightsService: setBrightness brightness: 114.0, brightnessMode:0
04-07 13:40:00.301 29496 29578 D AudioManager: getStreamVolume packageName=com.instagram.android, index=0, streamType=3
04-07 13:40:00.311  1259  2767 D OplusFeatureDCBacklight: notifySfRepaintEverything begin mCurrentDCMode:0
04-07 13:40:00.314 29496 29578 D AudioManager: getStreamVolume packageName=com.instagram.android, index=0, streamType=3
04-07 13:40:00.315  1259  1722 D DisplayPowerController: Animating brightness: target=4.0, rate=30.0, source= 11
04-07 13:40:00.322  1259  2767 W LightsService: setBrightness brightness: 101.0, brightnessMode:0
04-07 13:40:00.319 29496 29578 D AudioManager: getStreamVolume packageName=com.instagram.android, index=0, streamType=3
04-07 13:40:00.328  1259  2767 D OplusFeatureDCBacklight: notifySfRepaintEverything begin mCurrentDCMode:0
04-07 13:40:00.330  1259  1722 D DisplayPowerController: Animating brightness: target=4.0, rate=30.0, source= 11
04-07 13:40:00.331 29496 29578 D AudioManager: getStreamVolume packageName=com.instagram.android, index=0, streamType=3
04-07 13:40:00.334 29496 29578 D AudioManager: getStreamVolume packageName=com.instagram.android, index=0, streamType=3
04-07 13:40:00.338  1259  2767 W LightsService: setBrightness brightness: 87.0, brightnessMode:0
04-07 13:40:00.345  1259  2767 D OplusFeatureDCBacklight: notifySfRepaintEverything begin mCurrentDCMode:0
04-07 13:40:00.347  1259  1722 D DisplayPowerController: Animating brightness: target=4.0, rate=30.0, source= 11
04-07 13:40:00.350 29496 29578 D AudioManager: getStreamVolume packageName=com.instagram.android, index=0, streamType=3
04-07 13:40:00.356  1259  2767 W LightsService: setBrightness brightness: 74.0, brightnessMode:0
04-07 13:40:00.357 29496 29578 D AudioManager: getStreamVolume packageName=com.instagram.android, index=0, streamType=3
04-07 13:40:00.366  1259  2767 D OplusFeatureDCBacklight: notifySfRepaintEverything begin mCurrentDCMode:0
04-07 13:40:00.368  1259  1722 D DisplayPowerController: Animating brightness: target=4.0, rate=30.0, source= 11
04-07 13:40:00.369 29496 29578 D AudioManager: getStreamVolume packageName=com.instagram.android, index=0, streamType=3
04-07 13:40:00.371  1259  2767 W LightsService: setBrightness brightness: 61.0, brightnessMode:0
04-07 13:40:00.374 29496 29578 D AudioManager: getStreamVolume packageName=com.instagram.android, index=0, streamType=3
04-07 13:40:00.378  1259  2767 D OplusFeatureDCBacklight: notifySfRepaintEverything begin mCurrentDCMode:0
04-07 13:40:00.379 29496 29578 D AudioManager: getStreamVolume packageName=com.instagram.android, index=0, streamType=3
04-07 13:40:00.382  1259  1722 D DisplayPowerController: Animating brightness: target=4.0, rate=30.0, source= 11
04-07 13:40:00.388  1259  2767 W LightsService: setBrightness brightness: 47.0, brightnessMode:0
04-07 13:40:00.389 29496 29578 D AudioManager: getStreamVolume packageName=com.instagram.android, index=0, streamType=3
04-07 13:40:00.396  1259  2767 D OplusFeatureDCBacklight: notifySfRepaintEverything begin mCurrentDCMode:0
04-07 13:40:00.397 29496 29578 D AudioManager: getStreamVolume packageName=com.instagram.android, index=0, streamType=3
04-07 13:40:00.399  1259  1722 D DisplayPowerController: Animating brightness: target=4.0, rate=30.0, source= 11
04-07 13:40:00.404  1259  2767 W LightsService: setBrightness brightness: 34.0, brightnessMode:0
04-07 13:40:00.402 29496 29578 D AudioManager: getStreamVolume packageName=com.instagram.android, index=0, streamType=3
04-07 13:40:00.413  1259  2767 D OplusFeatureDCBacklight: notifySfRepaintEverything begin mCurrentDCMode:0
04-07 13:40:00.415 29496 29578 D AudioManager: getStreamVolume packageName=com.instagram.android, index=0, streamType=3
04-07 13:40:00.415  1259  1722 D DisplayPowerController: Animating brightness: target=4.0, rate=30.0, source= 11
04-07 13:40:00.421  1259  2767 W LightsService: setBrightness brightness: 21.0, brightnessMode:0
04-07 13:40:00.418 29496 29578 D AudioManager: getStreamVolume packageName=com.instagram.android, index=0, streamType=3
04-07 13:40:00.428  1259  2767 D OplusFeatureDCBacklight: notifySfRepaintEverything begin mCurrentDCMode:0
04-07 13:40:00.430 29496 29578 D AudioManager: getStreamVolume packageName=com.instagram.android, index=0, streamType=3
04-07 13:40:00.430  1259  1722 D DisplayPowerController: Animating brightness: target=4.0, rate=30.0, source= 11
04-07 13:40:00.438  1259  2767 W LightsService: setBrightness brightness: 7.0, brightnessMode:0
04-07 13:40:00.435 29496 29578 D AudioManager: getStreamVolume packageName=com.instagram.android, index=0, streamType=3
04-07 13:40:00.445  1259  2767 D OplusFeatureDCBacklight: notifySfRepaintEverything begin mCurrentDCMode:0
04-07 13:40:00.447  1259  1722 D DisplayPowerController: Animating brightness: target=4.0, rate=30.0, source= 11
04-07 13:40:00.447 29496 29578 D AudioManager: getStreamVolume packageName=com.instagram.android, index=0, streamType=3
04-07 13:40:00.454  1259  1722 D DisplayPowerController: Animating brightness: target=4.0, rate=30.0, source= 11
04-07 13:40:00.457  1259  2767 W LightsService: setBrightness brightness: 4.0, brightnessMode:0
04-07 13:40:00.453 29496 29578 D AudioManager: getStreamVolume packageName=com.instagram.android, index=0, streamType=3
04-07 13:40:00.461 29496 29578 D AudioManager: getStreamVolume packageName=com.instagram.android, index=0, streamType=3
04-07 13:40:00.462  1259  2767 D OplusFeatureDCBacklight: notifySfRepaintEverything begin mCurrentDCMode:0
04-07 13:40:00.475  1259  1722 D DisplayPowerController: Animating brightness: target=4.0, rate=30.0, source= 11
04-07 13:40:00.476 29496 29578 D AudioManager: getStreamVolume packageName=com.instagram.android, index=0, streamType=3
04-07 13:40:00.484 29496 29578 D AudioManager: getStreamVolume packageName=com.instagram.android, index=0, streamType=3
04-07 13:40:00.492 29496 29578 D AudioManager: getStreamVolume packageName=com.instagram.android, index=0, streamType=3
04-07 13:40:00.567  1259  1722 D DisplayPowerController: Animating brightness: target=386.0, rate=800.0, source= 7
04-07 13:40:00.568 27069 27069 D ViewRootImpl: enqueueInputEventMotionEvent { action=ACTION_DOWN, actionButton=0, id[0]=0, x[0]=882.0, y[0]=1392.0, toolType[0]=TOOL_TYPE_FINGER, buttonState=0, classification=NONE, metaState=0, flags=0x0, edgeFlags=0x0, pointerCount=1, historySize=0, eventTime=67250272, downTime=67250272, deviceId=-1, source=0x1002, displayId=0 }
04-07 13:40:00.568  1259  1722 D OplusDisplayPowerControllerFeature: RECORD:onUpdatePowerState policy:3 state:2 brightness:386
04-07 13:40:00.572  1259  2767 W LightsService: setBrightness brightness: 6.0, brightnessMode:0
04-07 13:40:00.579  1259  2767 D OplusFeatureDCBacklight: notifySfRepaintEverything begin mCurrentDCMode:0
04-07 13:40:00.580  1259  1722 D DisplayPowerController: Animating brightness: target=386.0, rate=30.0, source= 7
04-07 13:40:00.581 29496 29578 D AudioManager: getStreamVolume packageName=com.instagram.android, index=0, streamType=3
04-07 13:40:00.589  1259  2767 W LightsService: setBrightness brightness: 20.0, brightnessMode:0
04-07 13:40:00.583 29496 29578 D AudioManager: getStreamVolume packageName=com.instagram.android, index=0, streamType=3
04-07 13:40:00.599  1259  2767 D OplusFeatureDCBacklight: notifySfRepaintEverything begin mCurrentDCMode:0
04-07 13:40:00.605  1259  1722 D DisplayPowerController: Animating brightness: target=386.0, rate=30.0, source= 7
04-07 13:40:00.606  1259  1722 D DisplayPowerController: Animating brightness: target=386.0, rate=30.0, source= 7
04-07 13:40:00.615  1259  2767 W LightsService: setBrightness brightness: 33.0, brightnessMode:0
04-07 13:40:00.619  1259  2767 D OplusFeatureDCBacklight: notifySfRepaintEverything begin mCurrentDCMode:0
04-07 13:40:00.619 29496 29578 D AudioManager: getStreamVolume packageName=com.instagram.android, index=0, streamType=3
04-07 13:40:00.622  1259  2767 W LightsService: setBrightness brightness: 46.0, brightnessMode:0
04-07 13:40:00.625 29496 29578 D AudioManager: getStreamVolume packageName=com.instagram.android, index=0, streamType=3
04-07 13:40:00.633 29496 29578 D AudioManager: getStreamVolume packageName=com.instagram.android, index=0, streamType=3
04-07 13:40:00.634  1259  1722 D DisplayPowerController: Animating brightness: target=386.0, rate=30.0, source= 7
04-07 13:40:00.639  1259  2767 D OplusFeatureDCBacklight: notifySfRepaintEverything begin mCurrentDCMode:0
04-07 13:40:00.642  1259  2767 W LightsService: setBrightness brightness: 60.0, brightnessMode:0
04-07 13:40:00.644  1259  1722 D DisplayPowerController: Animating brightness: target=386.0, rate=30.0, source= 7
04-07 13:40:00.649  1259  2767 D OplusFeatureDCBacklight: notifySfRepaintEverything begin mCurrentDCMode:0
04-07 13:40:00.653 29496 29578 D AudioManager: getStreamVolume packageName=com.instagram.android, index=0, streamType=3
04-07 13:40:00.656  1259  1722 D DisplayPowerController: Animating brightness: target=386.0, rate=30.0, source= 7
04-07 13:40:00.662  1259  2767 W LightsService: setBrightness brightness: 73.0, brightnessMode:0
04-07 13:40:00.662  1259  1722 D DisplayPowerController: Animating brightness: target=386.0, rate=30.0, source= 7
04-07 13:40:00.660 29496 29578 D AudioManager: getStreamVolume packageName=com.instagram.android, index=0, streamType=3
04-07 13:40:00.665  1259  2767 D OplusFeatureDCBacklight: notifySfRepaintEverything begin mCurrentDCMode:0
04-07 13:40:00.666 29496 29578 D AudioManager: getStreamVolume packageName=com.instagram.android, index=0, streamType=3
04-07 13:40:00.668  1259  1722 D DisplayPowerController: Animating brightness: target=386.0, rate=30.0, source= 7
04-07 13:40:00.673  1259  2767 W LightsService: setBrightness brightness: 87.0, brightnessMode:0
04-07 13:40:00.678  1259  2767 D OplusFeatureDCBacklight: notifySfRepaintEverything begin mCurrentDCMode:0
04-07 13:40:00.680 29496 29578 D AudioManager: getStreamVolume packageName=com.instagram.android, index=0, streamType=3
04-07 13:40:00.681  1259  1722 D DisplayPowerController: Animating brightness: target=386.0, rate=30.0, source= 7
04-07 13:40:00.689  1259  2767 W LightsService: setBrightness brightness: 100.0, brightnessMode:0
04-07 13:40:00.692 29496 29578 D AudioManager: getStreamVolume packageName=com.instagram.android, index=0, streamType=3
04-07 13:40:00.696  1259  2767 D OplusFeatureDCBacklight: notifySfRepaintEverything begin mCurrentDCMode:0
04-07 13:40:00.700  1259  1722 D DisplayPowerController: Animating brightness: target=386.0, rate=30.0, source= 7
04-07 13:40:00.705  1259  2767 W LightsService: setBrightness brightness: 114.0, brightnessMode:0
04-07 13:40:00.709 29496 29578 D AudioManager: getStreamVolume packageName=com.instagram.android, index=0, streamType=3
04-07 13:40:00.711 29496 29578 D AudioManager: getStreamVolume packageName=com.instagram.android, index=0, streamType=3
04-07 13:40:00.712  1259  2767 D OplusFeatureDCBacklight: notifySfRepaintEverything begin mCurrentDCMode:0
04-07 13:40:00.712 29496 29578 D AudioManager: getStreamVolume packageName=com.instagram.android, index=0, streamType=3
04-07 13:40:00.715  1259  1722 D DisplayPowerController: Animating brightness: target=386.0, rate=30.0, source= 7
04-07 13:40:00.721  1259  2767 W LightsService: setBrightness brightness: 127.0, brightnessMode:0
04-07 13:40:00.727 29496 29578 D AudioManager: getStreamVolume packageName=com.instagram.android, index=0, streamType=3
04-07 13:40:00.728  1259  2767 D OplusFeatureDCBacklight: notifySfRepaintEverything begin mCurrentDCMode:0
04-07 13:40:00.729 29496 29578 D AudioManager: getStreamVolume packageName=com.instagram.android, index=0, streamType=3
04-07 13:40:00.732  1259  1722 D DisplayPowerController: Animating brightness: target=386.0, rate=30.0, source= 7
04-07 13:40:00.732 29496 29578 D AudioManager: getStreamVolume packageName=com.instagram.android, index=0, streamType=3
04-07 13:40:00.738 29496 29578 D AudioManager: getStreamVolume packageName=com.instagram.android, index=0, streamType=3
04-07 13:40:00.739  1259  2767 W LightsService: setBrightness brightness: 141.0, brightnessMode:0
04-07 13:40:00.743 29496 29578 D AudioManager: getStreamVolume packageName=com.instagram.android, index=0, streamType=3
04-07 13:40:00.745  1259  2767 D OplusFeatureDCBacklight: notifySfRepaintEverything begin mCurrentDCMode:0
04-07 13:40:00.747  1259  1722 D DisplayPowerController: Animating brightness: target=386.0, rate=30.0, source= 7
04-07 13:40:00.748 29496 29578 D AudioManager: getStreamVolume packageName=com.instagram.android, index=0, streamType=3
04-07 13:40:00.756  1259  2767 W LightsService: setBrightness brightness: 154.0, brightnessMode:0
04-07 13:40:00.759 29496 29578 D AudioManager: getStreamVolume packageName=com.instagram.android, index=0, streamType=3
04-07 13:40:00.768 29496 29578 D AudioManager: getStreamVolume packageName=com.instagram.android, index=0, streamType=3
04-07 13:40:00.773  1259  2767 D OplusFeatureDCBacklight: notifySfRepaintEverything begin mCurrentDCMode:0
04-07 13:40:00.773  1259  2767 W LightsService: setBrightness brightness: 168.0, brightnessMode:0
04-07 13:40:00.774 29496 29578 D AudioManager: getStreamVolume packageName=com.instagram.android, index=0, streamType=3
04-07 13:40:00.774  1259  1722 D DisplayPowerController: Animating brightness: target=386.0, rate=30.0, source= 7
04-07 13:40:00.777 29496 29578 D AudioManager: getStreamVolume packageName=com.instagram.android, index=0, streamType=3
04-07 13:40:00.780  1259  2767 D OplusFeatureDCBacklight: notifySfRepaintEverything begin mCurrentDCMode:0
04-07 13:40:00.782 29496 29578 D AudioManager: getStreamVolume packageName=com.instagram.android, index=0, streamType=3
04-07 13:40:00.783  1259  1722 D DisplayPowerController: Animating brightness: target=386.0, rate=30.0, source= 7
04-07 13:40:00.789  1259  2767 W LightsService: setBrightness brightness: 181.0, brightnessMode:0
04-07 13:40:00.788 29496 29578 D AudioManager: getStreamVolume packageName=com.instagram.android, index=0, streamType=3
04-07 13:40:00.798  1259  2767 D OplusFeatureDCBacklight: notifySfRepaintEverything begin mCurrentDCMode:0
04-07 13:40:00.798 29496 29578 D AudioManager: getStreamVolume packageName=com.instagram.android, index=0, streamType=3
04-07 13:40:00.801  1259  1722 D DisplayPowerController: Animating brightness: target=386.0, rate=30.0, source= 7
04-07 13:40:00.801 29496 29578 D AudioManager: getStreamVolume packageName=com.instagram.android, index=0, streamType=3
04-07 13:40:00.805  1259  2767 W LightsService: setBrightness brightness: 195.0, brightnessMode:0
04-07 13:40:00.808 29496 29578 D AudioManager: getStreamVolume packageName=com.instagram.android, index=0, streamType=3
04-07 13:40:00.811  1259  2767 D OplusFeatureDCBacklight: notifySfRepaintEverything begin mCurrentDCMode:0
04-07 13:40:00.813 29496 29578 D AudioManager: getStreamVolume packageName=com.instagram.android, index=0, streamType=3
04-07 13:40:00.814  1259  1722 D DisplayPowerController: Animating brightness: target=386.0, rate=30.0, source= 7
04-07 13:40:00.823  1259  2767 D ScreenMode: enter DC and low brightness mode:false
04-07 13:40:00.823  1259  2767 W LightsService: setBrightness brightness: 209.0, brightnessMode:0
04-07 13:40:00.824  1259  1330 D OplusGestureUpBar: mNavBarPositionFollowScreenRotation = 1,displayWidth:1080,displayHeight:2400
04-07 13:40:00.819 29496 29578 D AudioManager: getStreamVolume packageName=com.instagram.android, index=0, streamType=3
04-07 13:40:00.828  1259  2767 D OppoBaseLightsService: notifyFlingerLight color=209code=21005
04-07 13:40:00.829  1259  2767 D OplusFeatureDCBacklight: notifySfRepaintEverything begin mCurrentDCMode:0
04-07 13:40:00.830  1259  1329 D PowerManagerService: setScreenBrightnessOverrideFromWindowManagerInternal brightness=NaN mScreenBrightnessOverrideFromWindowManager=NaN
04-07 13:40:00.834  1259  1722 D DisplayPowerController: Animating brightness: target=386.0, rate=30.0, source= 7
04-07 13:40:00.838  1259  2767 W LightsService: setBrightness brightness: 222.0, brightnessMode:0
04-07 13:40:00.838 29496 29578 D AudioManager: getStreamVolume packageName=com.instagram.android, index=0, streamType=3
04-07 13:40:00.845  1259  2767 D OplusFeatureDCBacklight: notifySfRepaintEverything begin mCurrentDCMode:0
04-07 13:40:00.846 29496 29578 D AudioManager: getStreamVolume packageName=com.instagram.android, index=0, streamType=3
04-07 13:40:00.853  1259  1722 D DisplayPowerController: Animating brightness: target=386.0, rate=30.0, source= 7
04-07 13:40:00.855  1259  2767 W LightsService: setBrightness brightness: 236.0, brightnessMode:0
04-07 13:40:00.859 29496 29578 D AudioManager: getStreamVolume packageName=com.instagram.android, index=0, streamType=3
04-07 13:40:00.862  1259  2767 D OplusFeatureDCBacklight: notifySfRepaintEverything begin mCurrentDCMode:0
04-07 13:40:00.869 29496 29578 D AudioManager: getStreamVolume packageName=com.instagram.android, index=0, streamType=3
04-07 13:40:00.869  1259  1722 D DisplayPowerController: Animating brightness: target=386.0, rate=30.0, source= 7
04-07 13:40:00.871  1259  2767 W LightsService: setBrightness brightness: 250.0, brightnessMode:0
04-07 13:40:00.872 29496 29578 D AudioManager: getStreamVolume packageName=com.instagram.android, index=0, streamType=3
04-07 13:40:00.878  1259  2767 D OplusFeatureDCBacklight: notifySfRepaintEverything begin mCurrentDCMode:0
04-07 13:40:00.878 29496 29578 D AudioManager: getStreamVolume packageName=com.instagram.android, index=0, streamType=3
04-07 13:40:00.881  1259  1722 D DisplayPowerController: Animating brightness: target=386.0, rate=30.0, source= 7
04-07 13:40:00.889  1259  2767 W LightsService: setBrightness brightness: 263.0, brightnessMode:0
04-07 13:40:00.892 29496 29578 D AudioManager: getStreamVolume packageName=com.instagram.android, index=0, streamType=3
04-07 13:40:00.893 27069 27464 I chatty  : uid=10914(com.HRing.FreshAR) expire 24 lines
04-07 13:40:00.894 29496 29578 D AudioManager: getStreamVolume packageName=com.instagram.android, index=0, streamType=3
04-07 13:40:00.899  1259  1722 D DisplayPowerController: Animating brightness: target=386.0, rate=30.0, source= 7
04-07 13:40:00.900 29496 29578 D AudioManager: getStreamVolume packageName=com.instagram.android, index=0, streamType=3
04-07 13:40:00.904  1259  2767 W LightsService: setBrightness brightness: 277.0, brightnessMode:0
04-07 13:40:00.905 29496 29578 D AudioManager: getStreamVolume packageName=com.instagram.android, index=0, streamType=3
04-07 13:40:00.911 29496 29578 D AudioManager: getStreamVolume packageName=com.instagram.android, index=0, streamType=3
04-07 13:40:00.914 29496 29578 D AudioManager: getStreamVolume packageName=com.instagram.android, index=0, streamType=3
04-07 13:40:00.914  1259  1722 D DisplayPowerController: Animating brightness: target=386.0, rate=30.0, source= 7
04-07 13:40:00.924  1259  2767 W LightsService: setBrightness brightness: 291.0, brightnessMode:0
04-07 13:40:00.920 29496 29578 D AudioManager: getStreamVolume packageName=com.instagram.android, index=0, streamType=3
04-07 13:40:00.928 29496 29578 D AudioManager: getStreamVolume packageName=com.instagram.android, index=0, streamType=3
04-07 13:40:00.930  1259  1722 D DisplayPowerController: Animating brightness: target=386.0, rate=30.0, source= 7
04-07 13:40:00.935 29496 29578 D AudioManager: getStreamVolume packageName=com.instagram.android, index=0, streamType=3
04-07 13:40:00.940  1259  2767 W LightsService: setBrightness brightness: 304.0, brightnessMode:0
04-07 13:40:00.946  1259  1722 D DisplayPowerController: Animating brightness: target=386.0, rate=30.0, source= 7
04-07 13:40:00.947 29496 29578 D AudioManager: getStreamVolume packageName=com.instagram.android, index=0, streamType=3
04-07 13:40:00.955  1259  2767 W LightsService: setBrightness brightness: 318.0, brightnessMode:0
04-07 13:40:00.952 29496 29578 D AudioManager: getStreamVolume packageName=com.instagram.android, index=0, streamType=3
04-07 13:40:00.963 29496 29578 D AudioManager: getStreamVolume packageName=com.instagram.android, index=0, streamType=3
04-07 13:40:00.964  1259  1722 D DisplayPowerController: Animating brightness: target=386.0, rate=30.0, source= 7
04-07 13:40:00.966 29496 29578 D AudioManager: getStreamVolume packageName=com.instagram.android, index=0, streamType=3
04-07 13:40:00.973  1259  2767 W LightsService: setBrightness brightness: 332.0, brightnessMode:0
04-07 13:40:00.983  1259  1722 D DisplayPowerController: Animating brightness: target=386.0, rate=30.0, source= 7
04-07 13:40:00.987 29496 29578 D AudioManager: getStreamVolume packageName=com.instagram.android, index=0, streamType=3
04-07 13:40:00.988  1259  2767 W LightsService: setBrightness brightness: 346.0, brightnessMode:0
04-07 13:40:00.992 29496 29578 D AudioManager: getStreamVolume packageName=com.instagram.android, index=0, streamType=3
04-07 13:40:00.994 29496 29578 D AudioManager: getStreamVolume packageName=com.instagram.android, index=0, streamType=3
04-07 13:40:00.996  1259  1722 D DisplayPowerController: Animating brightness: target=386.0, rate=30.0, source= 7
04-07 13:40:01.000 29496 29578 D AudioManager: getStreamVolume packageName=com.instagram.android, index=0, streamType=3
04-07 13:40:01.003 29496 29578 D AudioManager: getStreamVolume packageName=com.instagram.android, index=0, streamType=3
04-07 13:40:01.006  1259  2767 W LightsService: setBrightness brightness: 359.0, brightnessMode:0
04-07 13:40:01.009 29496 29578 D AudioManager: getStreamVolume packageName=com.instagram.android, index=0, streamType=3
04-07 13:40:01.013  1259  1722 D DisplayPowerController: Animating brightness: target=386.0, rate=30.0, source= 7
04-07 13:40:01.014 29496 29578 D AudioManager: getStreamVolume packageName=com.instagram.android, index=0, streamType=3
04-07 13:40:01.023  1259  2767 W LightsService: setBrightness brightness: 373.0, brightnessMode:0
04-07 13:40:01.026 29496 29578 D AudioManager: getStreamVolume packageName=com.instagram.android, index=0, streamType=3
04-07 13:40:01.030 29496 29578 D AudioManager: getStreamVolume packageName=com.instagram.android, index=0, streamType=3
04-07 13:40:01.030  1259  1722 D DisplayPowerController: Animating brightness: target=386.0, rate=30.0, source= 7
04-07 13:40:01.037  1259  1722 D DisplayPowerController: Animating brightness: target=386.0, rate=30.0, source= 7
04-07 13:40:01.038  1259  2767 W LightsService: setBrightness brightness: 386.0, brightnessMode:0
04-07 13:40:01.038  1259  1722 D DisplayPowerController: Animating brightness: target=386.0, rate=30.0, source= 7
04-07 13:40:01.038 29496 29578 D AudioManager: getStreamVolume packageName=com.instagram.android, index=0, streamType=3
04-07 13:40:01.041 29496 29578 D AudioManager: getStreamVolume packageName=com.instagram.android, index=0, streamType=3
04-07 13:40:01.048 29496 29578 D AudioManager: getStreamVolume packageName=com.instagram.android, index=0, streamType=3
04-07 13:40:01.053 29496 29578 D AudioManager: getStreamVolume packageName=com.instagram.android, index=0, streamType=3
04-07 13:40:01.049  1259  1722 D DisplayPowerController: Animating brightness: target=386.0, rate=30.0, source= 7
04-07 13:40:01.239  1259  1259 D OppoBaseBatteryService: send broadcast : oppo.intent.action.BATTERY_DATA_UPDATE
04-07 13:40:01.240  1259  1259 W ContextImpl: Calling a method in the system process without a qualified user: android.app.ContextImpl.sendBroadcast:1158 com.android.server.OppoBaseBatteryService$2.run:280 android.os.Handler.handleCallback:938 android.os.Handler.dispatchMessage:99 android.os.Looper.loop:254 
04-07 13:40:02.019  1022  1022 E android.hardware.thermal@2.0-service.qti: Sensor Name:skin temp:43 severity:3 temp:43.192 hotThresholds:40 type:SKIN
04-07 13:40:02.026  1022  1022 E android.hardware.thermal@2.0-service.qti: Sensor Name:skin temp:43 severity:3 temp:43.177 hotThresholds:40 type:SKIN
04-07 13:40:02.029  1022  1022 E android.hardware.thermal@2.0-service.qti: Sensor Name:skin temp:43 severity:3 temp:43.177 hotThresholds:40 type:SKIN
04-07 13:40:02.370  4259  4279 E horae   : 0: back:44709,frame:44709,front:44709,  +(0), 1 ,44709
04-07 13:40:03.451 27069 27116 I chatty  : uid=10914(com.HRing.FreshAR) expire 112 lines
04-07 13:40:03.800  1259  1722 D ColorAutomaticBrightnessController: enter Auto
04-07 13:40:03.801  1259  1722 D ColorAutomaticBrightnessController: mCameraMode = 0
04-07 13:40:03.801  1259  1722 I ColorAutomaticBrightnessController: updateAutoBrightness: Auto
04-07 13:40:03.801  1259  1722 I ColorAutomaticBrightnessController: , sendUpdate = true, adjustment = 2005.8823, AIBrightness = 370, adjustManualBright = 370
04-07 13:40:03.801  1259  1722 D ColorAutomaticBrightnessController: caclurateRateForIndex: lastAutoBrightness=386 ,newAutoBrightness=370 ,mDeltaLux=-509.66693 ,mAutoRate=29
04-07 13:40:03.801  1259  1722 D ColorAutomaticBrightnessController: onTargetBrightnessChanged mAIBrightness=370
04-07 13:40:03.801  1259  1722 D DisplayPowerController: Animating brightness: target=370.0, rate=29.0, source= 7
04-07 13:40:03.805 29496 29578 D AudioManager: getStreamVolume packageName=com.instagram.android, index=0, streamType=3
04-07 13:40:03.837  1259  2767 W LightsService: setBrightness brightness: 385.0, brightnessMode:0
04-07 13:40:03.849  1259  1722 D DisplayPowerController: Animating brightness: target=370.0, rate=29.0, source= 7
04-07 13:40:03.851 29496 29578 D AudioManager: getStreamVolume packageName=com.instagram.android, index=0, streamType=3
04-07 13:40:03.874 29496 29578 D AudioManager: getStreamVolume packageName=com.instagram.android, index=0, streamType=3
04-07 13:40:03.904  1259  2767 W LightsService: setBrightness brightness: 384.0, brightnessMode:0
04-07 13:40:03.916  1259  1722 D DisplayPowerController: Animating brightness: target=370.0, rate=29.0, source= 7
04-07 13:40:03.918 29496 29578 D AudioManager: getStreamVolume packageName=com.instagram.android, index=0, streamType=3
04-07 13:40:03.922 29496 29578 D AudioManager: getStreamVolume packageName=com.instagram.android, index=0, streamType=3
04-07 13:40:03.987  1259  2767 W LightsService: setBrightness brightness: 383.0, brightnessMode:0
04-07 13:40:03.999 29496 29578 D AudioManager: getStreamVolume packageName=com.instagram.android, index=0, streamType=3
04-07 13:40:04.000  1259  1722 D DisplayPowerController: Animating brightness: target=370.0, rate=29.0, source= 7
04-07 13:40:04.005 29496 29578 D AudioManager: getStreamVolume packageName=com.instagram.android, index=0, streamType=3
04-07 13:40:04.033   996  2748 I chatty  : uid=1047(cameraserver) provider@2.4-se expire 73 lines
04-07 13:40:04.071  1259  2767 W LightsService: setBrightness brightness: 382.0, brightnessMode:0
04-07 13:40:04.089 29496 29578 D AudioManager: getStreamVolume packageName=com.instagram.android, index=0, streamType=3
04-07 13:40:04.091  1259  1722 D DisplayPowerController: Animating brightness: target=370.0, rate=29.0, source= 7
04-07 13:40:04.094 29496 29578 D AudioManager: getStreamVolume packageName=com.instagram.android, index=0, streamType=3
04-07 13:40:04.154  1259  2767 W LightsService: setBrightness brightness: 381.0, brightnessMode:0
04-07 13:40:04.164  1259  1722 D DisplayPowerController: Animating brightness: target=370.0, rate=29.0, source= 7
04-07 13:40:04.168 29496 29578 D AudioManager: getStreamVolume packageName=com.instagram.android, index=0, streamType=3
04-07 13:40:04.173 29496 29578 D AudioManager: getStreamVolume packageName=com.instagram.android, index=0, streamType=3
04-07 13:40:04.255  1259  2767 W LightsService: setBrightness brightness: 380.0, brightnessMode:0
04-07 13:40:04.268 29496 29578 D AudioManager: getStreamVolume packageName=com.instagram.android, index=0, streamType=3
04-07 13:40:04.269  1259  1722 D DisplayPowerController: Animating brightness: target=370.0, rate=29.0, source= 7
04-07 13:40:04.279 29496 29578 D AudioManager: getStreamVolume packageName=com.instagram.android, index=0, streamType=3
04-07 13:40:04.371  1259  2767 W LightsService: setBrightness brightness: 379.0, brightnessMode:0
04-07 13:40:04.380 29496 29578 D AudioManager: getStreamVolume packageName=com.instagram.android, index=0, streamType=3
04-07 13:40:04.380  1259  1722 D DisplayPowerController: Animating brightness: target=370.0, rate=29.0, source= 7
04-07 13:40:04.392 29496 29578 D AudioManager: getStreamVolume packageName=com.instagram.android, index=0, streamType=3
04-07 13:40:04.487  1259  2767 W LightsService: setBrightness brightness: 378.0, brightnessMode:0
04-07 13:40:04.497 29496 29578 D AudioManager: getStreamVolume packageName=com.instagram.android, index=0, streamType=3
04-07 13:40:04.498  1259  1722 D DisplayPowerController: Animating brightness: target=370.0, rate=29.0, source= 7
04-07 13:40:04.500 29496 29578 D AudioManager: getStreamVolume packageName=com.instagram.android, index=0, streamType=3
04-07 13:40:04.637  1259  2767 W LightsService: setBrightness brightness: 377.0, brightnessMode:0
04-07 13:40:04.648  1259  1722 D DisplayPowerController: Animating brightness: target=370.0, rate=29.0, source= 7
04-07 13:40:04.650 29496 29578 D AudioManager: getStreamVolume packageName=com.instagram.android, index=0, streamType=3
04-07 13:40:04.652 29496 29578 D AudioManager: getStreamVolume packageName=com.instagram.android, index=0, streamType=3
04-07 13:40:04.745  1259  1333 V OppoBaseWatchdog: @WatchDog_ error e: java.io.FileNotFoundException: /d/wakeup_sources: open failed: ENOENT (No such file or directory)
04-07 13:40:04.787  1259  2767 W LightsService: setBrightness brightness: 376.0, brightnessMode:0
04-07 13:40:04.796  1259  1722 D DisplayPowerController: Animating brightness: target=370.0, rate=29.0, source= 7
04-07 13:40:04.797 29496 29578 D AudioManager: getStreamVolume packageName=com.instagram.android, index=0, streamType=3
04-07 13:40:04.801 29496 29578 D AudioManager: getStreamVolume packageName=com.instagram.android, index=0, streamType=3
04-07 13:40:04.971  1259  2767 W LightsService: setBrightness brightness: 375.0, brightnessMode:0
04-07 13:40:04.981 29496 29578 D AudioManager: getStreamVolume packageName=com.instagram.android, index=0, streamType=3
04-07 13:40:04.981  1259  1722 D DisplayPowerController: Animating brightness: target=370.0, rate=29.0, source= 7
04-07 13:40:04.985 29496 29578 D AudioManager: getStreamVolume packageName=com.instagram.android, index=0, streamType=3
04-07 13:40:04.999 23659 23659 W SQLiteLog: (28) unixSync pthread_create
04-07 13:40:05.008 23659 27611 W SQLiteLog: (28) ASYNC full_afsync end rc=0
04-07 13:40:05.008 23659 23659 W SQLiteLog: (28) unixClose pthread_join end
04-07 13:40:05.188  1259  2767 W LightsService: setBrightness brightness: 374.0, brightnessMode:0
04-07 13:40:05.198 29496 29578 D AudioManager: getStreamVolume packageName=com.instagram.android, index=0, streamType=3
04-07 13:40:05.198  1259  1722 D DisplayPowerController: Animating brightness: target=370.0, rate=29.0, source= 7
04-07 13:40:05.202 29496 29578 D AudioManager: getStreamVolume packageName=com.instagram.android, index=0, streamType=3
04-07 13:40:05.404  1259  2767 W LightsService: setBrightness brightness: 373.0, brightnessMode:0
04-07 13:40:05.423 29496 29578 D AudioManager: getStreamVolume packageName=com.instagram.android, index=0, streamType=3
04-07 13:40:05.424  1259  1722 D DisplayPowerController: Animating brightness: target=370.0, rate=29.0, source= 7
04-07 13:40:05.429 29496 29578 D AudioManager: getStreamVolume packageName=com.instagram.android, index=0, streamType=3
04-07 13:40:05.637  1259  2767 W LightsService: setBrightness brightness: 372.0, brightnessMode:0
04-07 13:40:05.649  1259  1722 D DisplayPowerController: Animating brightness: target=370.0, rate=29.0, source= 7
04-07 13:40:05.651 29496 29578 D AudioManager: getStreamVolume packageName=com.instagram.android, index=0, streamType=3
04-07 13:40:05.654 29496 29578 D AudioManager: getStreamVolume packageName=com.instagram.android, index=0, streamType=3
04-07 13:40:05.853  1259  2767 W LightsService: setBrightness brightness: 371.0, brightnessMode:0
04-07 13:40:05.865 29496 29578 D AudioManager: getStreamVolume packageName=com.instagram.android, index=0, streamType=3
04-07 13:40:05.866  1259  1722 D DisplayPowerController: Animating brightness: target=370.0, rate=29.0, source= 7
04-07 13:40:05.871 29496 29578 D AudioManager: getStreamVolume packageName=com.instagram.android, index=0, streamType=3
04-07 13:40:05.875 29496 29578 D AudioManager: getStreamVolume packageName=com.instagram.android, index=0, streamType=3
04-07 13:40:05.987  1259  2767 W LightsService: setBrightness brightness: 370.0, brightnessMode:0
04-07 13:40:05.987  1259  1722 D DisplayPowerController: Animating brightness: target=370.0, rate=29.0, source= 7
04-07 13:40:05.987  1259  2654 D JobScheduler.Temperature: get temperature=44.709
04-07 13:40:05.997  1259  1722 D DisplayPowerController: Animating brightness: target=370.0, rate=29.0, source= 7
04-07 13:40:05.998 29496 29578 D AudioManager: getStreamVolume packageName=com.instagram.android, index=0, streamType=3
04-07 13:40:05.999 29496 29578 D AudioManager: getStreamVolume packageName=com.instagram.android, index=0, streamType=3
04-07 13:40:06.107 27069 27463 I chatty  : uid=10914(com.HRing.FreshAR) expire 7 lines
04-07 13:40:06.359  1259  1259 D OppoBaseBatteryService: send broadcast : oppo.intent.action.BATTERY_DATA_UPDATE
04-07 13:40:06.359  1259  1874 D BatteryLed: getLightInColorState, oppoLightMgr empty!
04-07 13:40:06.359  1259  1259 W ContextImpl: Calling a method in the system process without a qualified user: android.app.ContextImpl.sendBroadcast:1158 com.android.server.OppoBaseBatteryService$2.run:280 android.os.Handler.handleCallback:938 android.os.Handler.dispatchMessage:99 android.os.Looper.loop:254 
04-07 13:40:06.376 31250 31250 D R:Battery: Battery changed: Intent { act=android.intent.action.BATTERY_CHANGED flg=0x60000010 (has extras) } @ 67256082
04-07 13:40:06.387  3303  3303 D DeviceStatisticsService: chargerType=2 batteryLevel=22 totalBatteryCapacity=4000000
04-07 13:40:06.387  3303  3303 D DeviceInfoHidlClient: isPowerInfoNeverSent()=true
04-07 13:40:07.081  1022  1022 E android.hardware.thermal@2.0-service.qti: Sensor Name:skin temp:43 severity:3 temp:43.283 hotThresholds:40 type:SKIN
04-07 13:40:07.087  1022  1022 E android.hardware.thermal@2.0-service.qti: Sensor Name:skin temp:43 severity:3 temp:43.309 hotThresholds:40 type:SKIN
04-07 13:40:07.980  1259  1722 D ColorAutomaticBrightnessController: enter Auto
04-07 13:40:07.980  1259  1722 D ColorAutomaticBrightnessController: mCameraMode = 0
04-07 13:40:07.980  1259  1722 I ColorAutomaticBrightnessController: updateAutoBrightness: Auto
04-07 13:40:07.980  1259  1722 I ColorAutomaticBrightnessController: , sendUpdate = true, adjustment = 2005.8823, AIBrightness = 357, adjustManualBright = 357
04-07 13:40:07.980  1259  1722 D ColorAutomaticBrightnessController: caclurateRateForIndex: lastAutoBrightness=370 ,newAutoBrightness=357 ,mDeltaLux=-596.028 ,mAutoRate=30
04-07 13:40:07.980  1259  1722 D ColorAutomaticBrightnessController: onTargetBrightnessChanged mAIBrightness=357
04-07 13:40:07.980  1259  1722 D DisplayPowerController: Animating brightness: target=357.0, rate=30.0, source= 7
04-07 13:40:07.988 29496 29578 D AudioManager: getStreamVolume packageName=com.instagram.android, index=0, streamType=3
04-07 13:40:07.993   996  2744 I chatty  : uid=1047(cameraserver) provider@2.4-se expire 55 lines
04-07 13:40:08.020  1259  2767 W LightsService: setBrightness brightness: 369.0, brightnessMode:0
04-07 13:40:08.026  1011  1011 I chatty  : uid=1000(system) android.hardwar expire 23 lines
04-07 13:40:08.031  1259  1722 D DisplayPowerController: Animating brightness: target=357.0, rate=30.0, source= 7
04-07 13:40:08.035 29496 29578 D AudioManager: getStreamVolume packageName=com.instagram.android, index=0, streamType=3
04-07 13:40:08.044 29496 29578 D AudioManager: getStreamVolume packageName=com.instagram.android, index=0, streamType=3
04-07 13:40:08.091   996  2747 I chatty  : uid=1047(cameraserver) provider@2.4-se expire 75 lines
04-07 13:40:08.120  1259  2767 W LightsService: setBrightness brightness: 368.0, brightnessMode:0
04-07 13:40:08.130  1259  1722 D DisplayPowerController: Animating brightness: target=357.0, rate=30.0, source= 7
04-07 13:40:08.132 29496 29578 D AudioManager: getStreamVolume packageName=com.instagram.android, index=0, streamType=3
04-07 13:40:08.133 29496 29578 D AudioManager: getStreamVolume packageName=com.instagram.android, index=0, streamType=3
04-07 13:40:08.157   996  2745 I chatty  : uid=1047(cameraserver) provider@2.4-se expire 67 lines
04-07 13:40:08.220  1259  2767 W LightsService: setBrightness brightness: 367.0, brightnessMode:0
04-07 13:40:08.226   996  2746 I chatty  : uid=1047(cameraserver) provider@2.4-se expire 78 lines
04-07 13:40:08.230  1259  1722 D DisplayPowerController: Animating brightness: target=357.0, rate=30.0, source= 7
04-07 13:40:08.231 29496 29578 D AudioManager: getStreamVolume packageName=com.instagram.android, index=0, streamType=3
04-07 13:40:08.233 29496 29578 I chatty  : uid=10004(com.instagram.android) ackgroundLooper identical 16 lines
04-07 13:40:08.235 29496 29578 D AudioManager: getStreamVolume packageName=com.instagram.android, index=0, streamType=3
04-07 13:40:08.255   996  2742 I chatty  : uid=1047(cameraserver) provider@2.4-se expire 83 lines
04-07 13:40:08.320  1259  2767 W LightsService: setBrightness brightness: 366.0, brightnessMode:0
04-07 13:40:08.331 29496 29578 D AudioManager: getStreamVolume packageName=com.instagram.android, index=0, streamType=3
04-07 13:40:08.331  1259  1722 D DisplayPowerController: Animating brightness: target=357.0, rate=30.0, source= 7
04-07 13:40:08.333 29496 29578 D AudioManager: getStreamVolume packageName=com.instagram.android, index=0, streamType=3
04-07 13:40:08.453  1259  2767 W LightsService: setBrightness brightness: 365.0, brightnessMode:0
04-07 13:40:08.454   996  2741 I chatty  : uid=1047(cameraserver) provider@2.4-se expire 67 lines
04-07 13:40:08.462 29496 29578 D AudioManager: getStreamVolume packageName=com.instagram.android, index=0, streamType=3
04-07 13:40:08.463  1259  1722 D DisplayPowerController: Animating brightness: target=357.0, rate=30.0, source= 7
04-07 13:40:08.464 29496 29578 D AudioManager: getStreamVolume packageName=com.instagram.android, index=0, streamType=3
04-07 13:40:08.587  1259  2767 W LightsService: setBrightness brightness: 364.0, brightnessMode:0
04-07 13:40:08.597 29496 29578 D AudioManager: getStreamVolume packageName=com.instagram.android, index=0, streamType=3
