--------- beginning of system
04-07 13:39:09.399  1259  3795 I ActivityTaskManager: START u0 {flg=0x10000000 cmp=com.HRing.FreshAR/com.epicgames.ue4.SplashActivity mCallingUid=2000} from uid 2000 and from pid 27063
04-07 13:39:09.402  1259  3795 V ActivityTaskManager: Calling mServicetracker.OnActivityStateChange with flag falsestateINITIALIZING
04-07 13:39:09.402  1259  3795 V ActivityTaskManager: Calling mServicetracker.OnActivityStateChange with flag truestateINITIALIZING
04-07 13:39:09.404  1259  3795 E ColorZoomWindowManagerService: onConfigurationChanged rotation not changed - prevRotation: 0
04-07 13:39:09.407  1259  3795 E ColorZoomWindowManagerService: onConfigurationChanged rotation not changed - prevRotation: 0
04-07 13:39:09.412  1259  3795 D ColorZoomWindowRUSConfigManager: isSupportZoomModeWithPolicyLocked: target = com.HRing.FreshAR/com.epicgames.ue4.SplashActivity
04-07 13:39:09.412  1259  3795 D ColorZoomWindowRUSConfigManager: targetPkg = com.HRing.FreshAR
04-07 13:39:09.412  1259  3795 V ColorZoomWindowManagerService: unSupportZoom: false ,callingPid: 27063 ,sourceStack: null
04-07 13:39:09.412  1259  3795 V ActivityTaskManager: Calling mServicetracker.OnActivityStateChange with flag truestateRESUMED
04-07 13:39:09.413  1259  3795 V ActivityTaskManager: Calling mServicetracker.OnActivityStateChange with flag truestatePAUSING
04-07 13:39:09.413  1259  3795 V ActivityTaskManager: Calling mServicetracker.OnActivityStateChange with flag falsestatePAUSING
04-07 13:39:09.417  1259  3795 D ActivityTaskManager: setWillCloseOrEnterPip:true ActivityRecord:ActivityRecord{b38e759 u0 com.oppo.launcher/.Launcher t2} callers:com.android.server.wm.ActivityStack.resumeTopActivityInnerLocked:1912 com.android.server.wm.ActivityStack.resumeTopActivityUncheckedLocked:1701 com.android.server.wm.RootWindowContainer.resumeFocusedStacksTopActivities:2463 com.android.server.wm.ActivityStarter.startActivityInner:2268 com.android.server.wm.ActivityStarter.startActivityUnchecked:1968 
04-07 13:39:09.417  1259  3795 D OplusGestureUpBar: mNavBarPositionFollowScreenRotation = 1,displayWidth:1080,displayHeight:2400
04-07 13:39:09.417  1259  3795 I chatty  : uid=1000(system) Binder:1259_13 identical 1 line
04-07 13:39:09.418  1259  3795 D OplusGestureUpBar: mNavBarPositionFollowScreenRotation = 1,displayWidth:1080,displayHeight:2400
04-07 13:39:09.422  1259  3172 D ActivityTaskManager: setWillCloseOrEnterPip:false ActivityRecord:ActivityRecord{b38e759 u0 com.oppo.launcher/.Launcher t2} callers:com.android.server.wm.ActivityStack.completePauseLocked:1316 com.android.server.wm.ActivityRecord.activityPaused:5435 com.android.server.wm.ActivityTaskManagerService.activityPaused:1987 android.app.IActivityTaskManager$Stub.onTransact:1956 com.android.server.wm.OppoActivityTaskManagerService.onTransact:174 
04-07 13:39:09.422  1259  3172 V ActivityTaskManager: Calling mServicetracker.OnActivityStateChange with flag truestatePAUSED
04-07 13:39:09.423  1259  3172 V ActivityTaskManager: Calling mServicetracker.OnActivityStateChange with flag falsestatePAUSED
04-07 13:39:09.424  1259  3172 V ActivityTaskManager: Calling mServicetracker.OnActivityStateChange with flag truestateRESUMED
04-07 13:39:09.424  1259  3172 I ColorAccessController: enter isIgnoreAppSwitchActivity
04-07 13:39:09.424  1259  3172 I ColorAccessController: enter isIgnoreAppSwitchActivity and intent != null
04-07 13:39:09.424  1259  3172 I ColorAccessController: enter isIgnoreAppSwitchActivity and componentName != null
04-07 13:39:09.424  1259  3172 I ColorAccessController: enter isIgnoreAppSwitchActivity and packageName&activity is not Empty
04-07 13:39:09.430  1259  3172 D OplusGestureUpBar: mNavBarPositionFollowScreenRotation = 1,displayWidth:1080,displayHeight:2400
04-07 13:39:09.434  1259  1329 D CompatibilityChangeReporter: Compat change id reported: 135634846; UID 10914; state: DISABLED
04-07 13:39:09.434  1259  1329 D CompatibilityChangeReporter: Compat change id reported: 135754954; UID 10914; state: DISABLED
04-07 13:39:09.435  1259  1329 D PowerManagerService: setScreenBrightnessOverrideFromWindowManagerInternal brightness=NaN mScreenBrightnessOverrideFromWindowManager=NaN
04-07 13:39:09.435  1259  1358 D CompatibilityChangeReporter: Compat change id reported: 143937733; UID 10914; state: DISABLED
04-07 13:39:09.435  1259  1329 D PowerManagerService: setScreenBrightnessOverrideFromWindowManagerInternal brightness=NaN mScreenBrightnessOverrideFromWindowManager=NaN
04-07 13:39:09.452  1259  1358 I ActivityManager: Start proc 27069:com.HRing.FreshAR/u0a914 for pre-top-activity {com.HRing.FreshAR/com.epicgames.ue4.SplashActivity}
04-07 13:39:09.463  1259  1330 D ColorViewRootUtil: initSwipState, isDisplayCompatApp false
04-07 13:39:09.463  1259  1330 D ColorViewRootUtil: mScreenHeight 2400, mScreenWidth 1080
04-07 13:39:09.476  1259  1330 D OplusGestureUpBar: mNavBarPositionFollowScreenRotation = 1,displayWidth:1080,displayHeight:2400
04-07 13:39:09.476  1259  1330 I chatty  : uid=1000(system) android.anim identical 1 line
04-07 13:39:09.477  1259  1330 D OplusGestureUpBar: mNavBarPositionFollowScreenRotation = 1,displayWidth:1080,displayHeight:2400
04-07 13:39:09.478  1259  3795 D ColorInputMethodManagerServiceEx: onHandleImeWindowVisibleStatus handledVis: 0, switcher visible: 0, switcher active: 0, needsToShowImeSwitcher: false
04-07 13:39:09.481  1259  1330 V WindowManager: Changing focus from Window{5a6489c u0 com.oppo.launcher/com.oppo.launcher.Launcher} to null,diplayid=0
04-07 13:39:09.482  1259  1329 D PowerManagerService: setScreenBrightnessOverrideFromWindowManagerInternal brightness=NaN mScreenBrightnessOverrideFromWindowManager=NaN
04-07 13:39:09.494  1259  3795 D OplusGestureUpBar: mNavBarPositionFollowScreenRotation = 1,displayWidth:1080,displayHeight:2400
04-07 13:39:09.494  1259  3795 I chatty  : uid=1000(system) Binder:1259_13 identical 1 line
04-07 13:39:09.495  1259  3795 D OplusGestureUpBar: mNavBarPositionFollowScreenRotation = 1,displayWidth:1080,displayHeight:2400
04-07 13:39:09.497  1259  1329 D PowerManagerService: setScreenBrightnessOverrideFromWindowManagerInternal brightness=NaN mScreenBrightnessOverrideFromWindowManager=NaN
04-07 13:39:09.498  1259  1330 D OplusGestureUpBar: mNavBarPositionFollowScreenRotation = 1,displayWidth:1080,displayHeight:2400
04-07 13:39:09.498  1259  1330 I chatty  : uid=1000(system) android.anim identical 1 line
04-07 13:39:09.499  1259  1330 D OplusGestureUpBar: mNavBarPositionFollowScreenRotation = 1,displayWidth:1080,displayHeight:2400
04-07 13:39:09.502  1259  1329 D PowerManagerService: setScreenBrightnessOverrideFromWindowManagerInternal brightness=NaN mScreenBrightnessOverrideFromWindowManager=NaN
04-07 13:39:09.506  1259  1329 D DisplayManagerService: Delivering display event: displayId=0, event=2
04-07 13:39:09.506  1259  1722 D OppoPowerManagerHelper: onDisplayChanged:0
04-07 13:39:09.507  1259  3795 V ActivityTaskManager: Calling mServicetracker.OnActivityStateChange with flag truestateRESUMED
04-07 13:39:09.507  1259  3795 V ActivityTaskManager: Calling mServicetracker.OnActivityStateChange with flag falsestateRESUMED
04-07 13:39:09.508  1259  1259 I OppoWallpaperManagerServiceHelper: onDisplayChanged. displayId = 0
04-07 13:39:09.515  1259  3795 I ColorAppSwitchManagerService: appswitch hasProcess ActivityRecord{322dab u0 com.HRing.FreshAR/com.epicgames.ue4.SplashActivity t153}
04-07 13:39:09.520  1259  3795 I ColorAppSwitchManagerService: appswitch hasProcess ActivityRecord{322dab u0 com.HRing.FreshAR/com.epicgames.ue4.SplashActivity t153}
04-07 13:39:09.522  1259  1325 D ColorZoomWindowManagerService: current size = 1080 x 2400, density = 3.0
04-07 13:39:09.524  1259  1329 D OplusKeepAliveManager: TOP_APP is ProcessRecord{3d21280 27069:com.HRing.FreshAR/u0a914} uid is 10914
04-07 13:39:09.526  1259  1330 D OplusGestureUpBar: mNavBarPositionFollowScreenRotation = 1,displayWidth:1080,displayHeight:2400
04-07 13:39:09.532  1259  1330 I chatty  : uid=1000(system) android.anim identical 1 line
04-07 13:39:09.532  1259  1330 D OplusGestureUpBar: mNavBarPositionFollowScreenRotation = 1,displayWidth:1080,displayHeight:2400
04-07 13:39:09.533  1259  1330 I ColorStatusBarManagerService:  topIsFullscreen fullscreen: true
04-07 13:39:09.534  1259  1330 I ColorStatusBarManagerService:  topIsFullscreen fullscreen: true
04-07 13:39:09.539  1259  1330 D OplusGestureUpBar: mNavBarPositionFollowScreenRotation = 1,displayWidth:1080,displayHeight:2400
04-07 13:39:09.554  1259  1329 D PowerManagerService: setScreenBrightnessOverrideFromWindowManagerInternal brightness=NaN mScreenBrightnessOverrideFromWindowManager=NaN
04-07 13:39:09.555  1259  1329 D PowerManagerService: setScreenBrightnessOverrideFromWindowManagerInternal brightness=NaN mScreenBrightnessOverrideFromWindowManager=NaN
04-07 13:39:09.556  1259  1329 D OplusGestureUpBar: mNavBarPositionFollowScreenRotation = 1,displayWidth:1080,displayHeight:2400
04-07 13:39:09.557  1259  1329 I chatty  : uid=1000(system) android.display identical 1 line
04-07 13:39:09.558  1259  1329 D OplusGestureUpBar: mNavBarPositionFollowScreenRotation = 1,displayWidth:1080,displayHeight:2400
04-07 13:39:09.563  1259  1329 D PowerManagerService: setScreenBrightnessOverrideFromWindowManagerInternal brightness=NaN mScreenBrightnessOverrideFromWindowManager=NaN
04-07 13:39:09.564  1259  3134 D ColorAppListInterceptManager: shouldFilterTask
04-07 13:39:09.564  1259  3134 D ColorAppListInterceptManager: shouldFilterTask::packageName = com.HRing.FreshAR
04-07 13:39:09.564  1259  3134 D ColorAppListInterceptManager: shouldFilterTask
04-07 13:39:09.564  1259  3134 D ColorAppListInterceptManager: shouldFilterTask::packageName = org.telegram.messenger
04-07 13:39:09.566  1259  2391 D OplusGestureUpBar: mNavBarPositionFollowScreenRotation = 1,displayWidth:1080,displayHeight:2400
04-07 13:39:09.566  1259  2391 I chatty  : uid=1000(system) Binder:1259_5 identical 1 line
04-07 13:39:09.567  1259  2391 D OplusGestureUpBar: mNavBarPositionFollowScreenRotation = 1,displayWidth:1080,displayHeight:2400
04-07 13:39:09.570  1259  5185 D OplusGestureUpBar: mNavBarPositionFollowScreenRotation = 1,displayWidth:1080,displayHeight:2400
04-07 13:39:09.570  1259  5185 D OplusGestureUpBar: mNavBarPositionFollowScreenRotation = 1,displayWidth:1080,displayHeight:2400
04-07 13:39:09.570  1259  1329 D PowerManagerService: setScreenBrightnessOverrideFromWindowManagerInternal brightness=NaN mScreenBrightnessOverrideFromWindowManager=NaN
04-07 13:39:09.571  1259  5185 D OplusGestureUpBar: mNavBarPositionFollowScreenRotation = 1,displayWidth:1080,displayHeight:2400
04-07 13:39:09.573  1259  1329 D PowerManagerService: setScreenBrightnessOverrideFromWindowManagerInternal brightness=NaN mScreenBrightnessOverrideFromWindowManager=NaN
04-07 13:39:09.625  1259  2628 D ConnectivityService: NetReassign [no changes]
04-07 13:39:09.627  1259  2391 E ORMS_Platform : OplusResourceManagerPlatformUtils: readFile function exception:/sys/devices/platform/soc/2c00000.qcom,kgsl-3d0/kgsl/kgsl-3d0/freq_table_mhz: open failed: EACCES (Permission denied)
04-07 13:39:09.638  1259  5185 E ORMS_Platform : OplusResourceManagerPlatformUtils: readFile function exception:/sys/devices/platform/soc/2c00000.qcom,kgsl-3d0/kgsl/kgsl-3d0/freq_table_mhz: open failed: EACCES (Permission denied)
04-07 13:39:09.688  1259  3172 I ActivityTaskManager: START u0 {flg=0x10000 cmp=com.HRing.FreshAR/com.epicgames.ue4.GameActivity (has extras) mCallingUid=10914} from uid 10914 and from pid 27069
04-07 13:39:09.689  1259  3172 V ActivityTaskManager: Calling mServicetracker.OnActivityStateChange with flag falsestateINITIALIZING
04-07 13:39:09.689  1259  3172 V ActivityTaskManager: Calling mServicetracker.OnActivityStateChange with flag truestateINITIALIZING
04-07 13:39:09.689  1259  3172 D ColorZoomWindowRUSConfigManager: isSupportZoomModeWithPolicyLocked: target = com.HRing.FreshAR/com.epicgames.ue4.GameActivity
04-07 13:39:09.689  1259  3172 D ColorZoomWindowRUSConfigManager: targetPkg = com.HRing.FreshAR
04-07 13:39:09.689  1259  3172 V ColorZoomWindowManagerService: unSupportZoom: false ,callingPid: 27069 ,sourceStack: Task{6bfdd8b #153 visible=true type=standard mode=fullscreen translucent=false A=10914:com.HRing.FreshAR U=0 StackId=153 sz=1}
04-07 13:39:09.690  1259  3172 D OplusDisplayCompatUtils: com.HRing.FreshAR, maxAspectRatio: 2.1 >>> 0.0
04-07 13:39:09.692  1259  3172 D ColorZoomWindowRUSConfigManager: isSupportZoomModeWithPolicyLocked: target = com.HRing.FreshAR/com.epicgames.ue4.GameActivity
04-07 13:39:09.692  1259  3172 D ColorZoomWindowRUSConfigManager: targetPkg = com.HRing.FreshAR
04-07 13:39:09.692  1259  3172 V ColorZoomWindowManagerService: unSupportZoom: false ,callingPid: 27069 ,sourceStack: Task{6bfdd8b #153 visible=true type=standard mode=fullscreen translucent=false A=10914:com.HRing.FreshAR U=0 StackId=153 sz=2}
04-07 13:39:09.692  1259  3172 V ActivityTaskManager: Calling mServicetracker.OnActivityStateChange with flag truestateRESUMED
04-07 13:39:09.693  1259  3172 V ActivityTaskManager: Calling mServicetracker.OnActivityStateChange with flag truestatePAUSING
04-07 13:39:09.693  1259  3172 V ActivityTaskManager: Calling mServicetracker.OnActivityStateChange with flag falsestatePAUSING
04-07 13:39:09.694  1259  3172 D OplusGestureUpBar: mNavBarPositionFollowScreenRotation = 1,displayWidth:1080,displayHeight:2400
04-07 13:39:09.694  1259  3172 I chatty  : uid=1000(system) Binder:1259_8 identical 1 line
04-07 13:39:09.695  1259  3172 D OplusGestureUpBar: mNavBarPositionFollowScreenRotation = 1,displayWidth:1080,displayHeight:2400
04-07 13:39:09.701  1259  1329 D PowerManagerService: setScreenBrightnessOverrideFromWindowManagerInternal brightness=NaN mScreenBrightnessOverrideFromWindowManager=NaN
04-07 13:39:09.708  1259  3795 D ActivityTaskManager: setWillCloseOrEnterPip:false ActivityRecord:ActivityRecord{322dab u0 com.HRing.FreshAR/com.epicgames.ue4.SplashActivity t153 f}} callers:com.android.server.wm.ActivityStack.completePauseLocked:1316 com.android.server.wm.ActivityRecord.activityPaused:5435 com.android.server.wm.ActivityTaskManagerService.activityPaused:1987 android.app.IActivityTaskManager$Stub.onTransact:1956 com.android.server.wm.OppoActivityTaskManagerService.onTransact:174 
04-07 13:39:09.708  1259  3795 V ActivityTaskManager: Calling mServicetracker.OnActivityStateChange with flag truestatePAUSED
04-07 13:39:09.708  1259  3795 V ActivityTaskManager: Calling mServicetracker.OnActivityStateChange with flag falsestatePAUSED
04-07 13:39:09.708  1259  3795 V ActivityTaskManager: Calling mServicetracker.OnActivityStateChange with flag truestateSTOPPING
04-07 13:39:09.708  1259  3795 V ActivityTaskManager: Calling mServicetracker.OnActivityStateChange with flag falsestateSTOPPING
04-07 13:39:09.709  1259  3795 V ActivityTaskManager: Calling mServicetracker.OnActivityStateChange with flag truestateRESUMED
04-07 13:39:09.710  1259  3795 I ColorAccessController: enter isIgnoreAppSwitchActivity
04-07 13:39:09.710  1259  3795 I ColorAccessController: enter isIgnoreAppSwitchActivity and intent != null
04-07 13:39:09.710  1259  3795 I ColorAccessController: enter isIgnoreAppSwitchActivity and componentName != null
04-07 13:39:09.710  1259  3795 I ColorAccessController: enter isIgnoreAppSwitchActivity and packageName&activity is not Empty
04-07 13:39:09.710  1259  3795 I OppoBaseActivityStack: notifyAppSwitch the same packageName!
04-07 13:39:09.710  1259  3795 I ActivityTaskManager: The Process com.HRing.FreshAR Already Exists in BG. So sending its PID: 27069
04-07 13:39:09.710  1259  3795 W ActivityTaskManager: Tried to set launchTime (0) < mLastActivityLaunchTime (67199212)
04-07 13:39:09.711  1259  3795 V ActivityTaskManager: Calling mServicetracker.OnActivityStateChange with flag truestateRESUMED
04-07 13:39:09.712  1259  3795 V ActivityTaskManager: Calling mServicetracker.OnActivityStateChange with flag falsestateRESUMED
04-07 13:39:09.715  1259  3795 D OplusGestureUpBar: mNavBarPositionFollowScreenRotation = 1,displayWidth:1080,displayHeight:2400
04-07 13:39:09.717  1259  3795 I chatty  : uid=1000(system) Binder:1259_13 identical 2 lines
04-07 13:39:09.717  1259  3795 D OplusGestureUpBar: mNavBarPositionFollowScreenRotation = 1,displayWidth:1080,displayHeight:2400
04-07 13:39:09.718  1259  1330 D OplusGestureUpBar: mNavBarPositionFollowScreenRotation = 1,displayWidth:1080,displayHeight:2400
04-07 13:39:09.718  1259  1330 I chatty  : uid=1000(system) android.anim identical 1 line
04-07 13:39:09.719  1259  1330 D OplusGestureUpBar: mNavBarPositionFollowScreenRotation = 1,displayWidth:1080,displayHeight:2400
04-07 13:39:09.723  1259  1329 D PowerManagerService: setScreenBrightnessOverrideFromWindowManagerInternal brightness=NaN mScreenBrightnessOverrideFromWindowManager=NaN
04-07 13:39:09.724  1259  1329 I chatty  : uid=1000(system) android.display identical 1 line
04-07 13:39:09.724  1259  1329 D PowerManagerService: setScreenBrightnessOverrideFromWindowManagerInternal brightness=NaN mScreenBrightnessOverrideFromWindowManager=NaN
04-07 13:39:09.809  1259  1330 V ColorZoomWindowManagerService: onAnimationFinished:  r = ActivityRecord{b38e759 u0 com.oppo.launcher/.Launcher t2}
04-07 13:39:09.809  1259  1330 I OplusMirageDisplayManagerService: onAnimationFinished:
04-07 13:39:09.809  1259  1330 V ColorZoomWindowManagerService: onAnimationFinished:  r = ActivityRecord{322dab u0 com.HRing.FreshAR/com.epicgames.ue4.SplashActivity t153 f}}
04-07 13:39:09.809  1259  1330 I OplusMirageDisplayManagerService: onAnimationFinished:
04-07 13:39:09.817  1259  2391 D ColorAppListInterceptManager: shouldFilterTask
04-07 13:39:09.817  1259  2391 D ColorAppListInterceptManager: shouldFilterTask::packageName = com.HRing.FreshAR
04-07 13:39:09.817  1259  2391 D ColorAppListInterceptManager: shouldFilterTask
04-07 13:39:09.817  1259  2391 D ColorAppListInterceptManager: shouldFilterTask::packageName = org.telegram.messenger
04-07 13:39:09.828  1259  1330 D OplusGestureUpBar: mNavBarPositionFollowScreenRotation = 1,displayWidth:1080,displayHeight:2400
04-07 13:39:09.828  1259  1330 I chatty  : uid=1000(system) android.anim identical 1 line
04-07 13:39:09.829  1259  1330 D OplusGestureUpBar: mNavBarPositionFollowScreenRotation = 1,displayWidth:1080,displayHeight:2400
04-07 13:39:09.831  1259  1330 I ColorAppSwitchManagerService:  handleAppVisible , r = ActivityRecord{c2b09f7 u0 com.HRing.FreshAR/com.epicgames.ue4.GameActivity t153}
04-07 13:39:09.832  1259  1330 D OplusGestureUpBar: mNavBarPositionFollowScreenRotation = 1,displayWidth:1080,displayHeight:2400
04-07 13:39:09.832  1259  1330 I chatty  : uid=1000(system) android.anim identical 1 line
04-07 13:39:09.833  1259  1330 D OplusGestureUpBar: mNavBarPositionFollowScreenRotation = 1,displayWidth:1080,displayHeight:2400
04-07 13:39:09.835  1259  5185 D OplusGestureUpBar: mNavBarPositionFollowScreenRotation = 1,displayWidth:1080,displayHeight:2400
04-07 13:39:09.835  1259  5185 I chatty  : uid=1000(system) Binder:1259_20 identical 1 line
04-07 13:39:09.835  1259  5185 D OplusGestureUpBar: mNavBarPositionFollowScreenRotation = 1,displayWidth:1080,displayHeight:2400
04-07 13:39:09.838  1259  2391 D OplusGestureUpBar: mNavBarPositionFollowScreenRotation = 1,displayWidth:1080,displayHeight:2400
04-07 13:39:09.838  1259  2391 I chatty  : uid=1000(system) Binder:1259_5 identical 1 line
04-07 13:39:09.838  1259  2391 D OplusGestureUpBar: mNavBarPositionFollowScreenRotation = 1,displayWidth:1080,displayHeight:2400
04-07 13:39:09.842  1259  1329 D PowerManagerService: setScreenBrightnessOverrideFromWindowManagerInternal brightness=NaN mScreenBrightnessOverrideFromWindowManager=NaN
04-07 13:39:09.844  1259  1329 I chatty  : uid=1000(system) android.display identical 2 lines
04-07 13:39:09.844  1259  1329 D PowerManagerService: setScreenBrightnessOverrideFromWindowManagerInternal brightness=NaN mScreenBrightnessOverrideFromWindowManager=NaN
04-07 13:39:10.311 27069 27069 D ColorViewRootUtil: initSwipState, isDisplayCompatApp false
04-07 13:39:10.311 27069 27069 D ColorViewRootUtil: mScreenHeight 2400, mScreenWidth 1080
04-07 13:39:10.397  1259  4123 D CompatibilityChangeReporter: Compat change id reported: 149924527; UID 10914; state: ENABLED
04-07 13:39:10.398  1259  4123 D CompatibilityChangeReporter: Compat change id reported: 132649864; UID 10914; state: DISABLED
04-07 13:39:10.431 27069 27069 E OplusCustomizeRestrictionManager: sInstance is null, start a new sInstance
04-07 13:39:10.501 27069 27069 D ColorViewRootUtil: initSwipState, isDisplayCompatApp false
04-07 13:39:10.501 27069 27069 D ColorViewRootUtil: mScreenHeight 2400, mScreenWidth 1080
04-07 13:39:10.517  1259  2391 D OplusGestureUpBar: mNavBarPositionFollowScreenRotation = 1,displayWidth:1080,displayHeight:2400
04-07 13:39:10.517  1259  2391 I chatty  : uid=1000(system) Binder:1259_5 identical 1 line
04-07 13:39:10.518  1259  2391 D OplusGestureUpBar: mNavBarPositionFollowScreenRotation = 1,displayWidth:1080,displayHeight:2400
04-07 13:39:10.521  1259  1329 D PowerManagerService: setScreenBrightnessOverrideFromWindowManagerInternal brightness=NaN mScreenBrightnessOverrideFromWindowManager=NaN
04-07 13:39:10.585  1259  5185 D OplusGestureUpBar: mNavBarPositionFollowScreenRotation = 1,displayWidth:1080,displayHeight:2400
04-07 13:39:10.585  1259  5185 I chatty  : uid=1000(system) Binder:1259_20 identical 1 line
04-07 13:39:10.586  1259  5185 D OplusGestureUpBar: mNavBarPositionFollowScreenRotation = 1,displayWidth:1080,displayHeight:2400
04-07 13:39:10.589  1259  5185 V WindowManager: Changing focus from null to Window{df6aa60 u0 com.HRing.FreshAR/com.epicgames.ue4.GameActivity},diplayid=0
04-07 13:39:10.601  1259  1329 D PowerManagerService: setScreenBrightnessOverrideFromWindowManagerInternal brightness=NaN mScreenBrightnessOverrideFromWindowManager=NaN
04-07 13:39:10.602  1259  1329 D OplusGestureUpBar: mNavBarPositionFollowScreenRotation = 1,displayWidth:1080,displayHeight:2400
04-07 13:39:10.602  1259  1329 I chatty  : uid=1000(system) android.display identical 1 line
04-07 13:39:10.603  1259  1329 D OplusGestureUpBar: mNavBarPositionFollowScreenRotation = 1,displayWidth:1080,displayHeight:2400
04-07 13:39:10.616  1259  1329 D PowerManagerService: setScreenBrightnessOverrideFromWindowManagerInternal brightness=NaN mScreenBrightnessOverrideFromWindowManager=NaN
04-07 13:39:10.625  1259  1330 D OplusGestureUpBar: mNavBarPositionFollowScreenRotation = 1,displayWidth:1080,displayHeight:2400
04-07 13:39:10.625  1259  1330 I chatty  : uid=1000(system) android.anim identical 1 line
04-07 13:39:10.626  1259  1330 D OplusGestureUpBar: mNavBarPositionFollowScreenRotation = 1,displayWidth:1080,displayHeight:2400
04-07 13:39:10.628  1259  1329 D PowerManagerService: setScreenBrightnessOverrideFromWindowManagerInternal brightness=NaN mScreenBrightnessOverrideFromWindowManager=NaN
04-07 13:39:10.629  1259  1330 D OplusGestureUpBar: mNavBarPositionFollowScreenRotation = 1,displayWidth:1080,displayHeight:2400
04-07 13:39:10.632  1259  1330 I chatty  : uid=1000(system) android.anim identical 4 lines
04-07 13:39:10.633  1259  1330 D OplusGestureUpBar: mNavBarPositionFollowScreenRotation = 1,displayWidth:1080,displayHeight:2400
04-07 13:39:10.637  1259  1329 D PowerManagerService: setScreenBrightnessOverrideFromWindowManagerInternal brightness=NaN mScreenBrightnessOverrideFromWindowManager=NaN
04-07 13:39:10.637  1259  1329 D PowerManagerService: setScreenBrightnessOverrideFromWindowManagerInternal brightness=NaN mScreenBrightnessOverrideFromWindowManager=NaN
04-07 13:39:10.640  1259  1330 D OplusGestureUpBar: mNavBarPositionFollowScreenRotation = 1,displayWidth:1080,displayHeight:2400
04-07 13:39:10.640  1259  1330 I chatty  : uid=1000(system) android.anim identical 1 line
04-07 13:39:10.641  1259  1330 D OplusGestureUpBar: mNavBarPositionFollowScreenRotation = 1,displayWidth:1080,displayHeight:2400
04-07 13:39:10.645  1259  3273 D OppoBasePowerManagerService: do restore jobs
04-07 13:39:10.645  1259  3273 D OppoBasePowerManagerService: do restore jobs
04-07 13:39:10.651  1259  1330 D OplusGestureUpBar: mNavBarPositionFollowScreenRotation = 1,displayWidth:1080,displayHeight:2400
04-07 13:39:10.651  1259  1329 D PowerManagerService: setScreenBrightnessOverrideFromWindowManagerInternal brightness=NaN mScreenBrightnessOverrideFromWindowManager=NaN
04-07 13:39:10.653  1259  1329 D PowerManagerService: setScreenBrightnessOverrideFromWindowManagerInternal brightness=NaN mScreenBrightnessOverrideFromWindowManager=NaN
04-07 13:39:10.658  1259  4602 D ColorInputMethodManagerServiceEx: onHandleImeWindowVisibleStatus handledVis: 0, switcher visible: 0, switcher active: 0, needsToShowImeSwitcher: false
04-07 13:39:10.659  1259  4602 D ColorInputMethodManagerServiceEx: onHandleImeWindowVisibleStatus handledVis: 0, switcher visible: 0, switcher active: 0, needsToShowImeSwitcher: false
04-07 13:39:10.664  1259  4602 V ActivityTaskManager: Calling mServicetracker.OnActivityStateChange with flag truestateFINISHING
04-07 13:39:10.664  1259  4602 V ActivityTaskManager: Calling mServicetracker.OnActivityStateChange with flag falsestateFINISHING
04-07 13:39:10.665  1259  4602 V ActivityTaskManager: Calling mServicetracker.OnActivityStateChange with flag truestateDESTROYING
04-07 13:39:10.665  1259  4602 V ActivityTaskManager: Calling mServicetracker.OnActivityStateChange with flag falsestateDESTROYING
04-07 13:39:10.665  1259  4602 V ActivityTaskManager: Calling mServicetracker.OnActivityStateChange with flag truestateSTOPPING
04-07 13:39:10.665  1259  4602 V ActivityTaskManager: Calling mServicetracker.OnActivityStateChange with flag falsestateSTOPPING
04-07 13:39:10.669  1259  4123 V ActivityTaskManager: Calling mServicetracker.OnActivityStateChange with flag truestateDESTROYED
04-07 13:39:10.669  1259  4123 V ActivityTaskManager: Calling mServicetracker.OnActivityStateChange with flag falsestateDESTROYED
04-07 13:39:10.679  1259  5185 D OplusGestureUpBar: mNavBarPositionFollowScreenRotation = 1,displayWidth:1080,displayHeight:2400
04-07 13:39:10.680  1259  5185 D OplusGestureUpBar: mNavBarPositionFollowScreenRotation = 1,displayWidth:1080,displayHeight:2400
04-07 13:39:10.680  1259  2391 D ColorInputMethodManagerServiceEx: onHandleImeWindowVisibleStatus handledVis: 0, switcher visible: 0, switcher active: 0, needsToShowImeSwitcher: false
04-07 13:39:10.682  1259  5185 D OplusGestureUpBar: mNavBarPositionFollowScreenRotation = 1,displayWidth:1080,displayHeight:2400
04-07 13:39:10.685  1259  1329 D PowerManagerService: setScreenBrightnessOverrideFromWindowManagerInternal brightness=NaN mScreenBrightnessOverrideFromWindowManager=NaN
04-07 13:39:10.696  1259  5185 D OplusGestureUpBar: mNavBarPositionFollowScreenRotation = 1,displayWidth:1080,displayHeight:2400
04-07 13:39:10.696  1259  5185 I chatty  : uid=1000(system) Binder:1259_20 identical 1 line
04-07 13:39:10.697  1259  5185 D OplusGestureUpBar: mNavBarPositionFollowScreenRotation = 1,displayWidth:1080,displayHeight:2400
04-07 13:39:10.699  1259  3172 V ActivityTaskManager: Calling mServicetracker.OnActivityStateChange with flag truestateSTOPPED
04-07 13:39:10.699  1259  3172 V ActivityTaskManager: Calling mServicetracker.OnActivityStateChange with flag falsestateSTOPPED
04-07 13:39:10.700  1259  1329 D PowerManagerService: setScreenBrightnessOverrideFromWindowManagerInternal brightness=NaN mScreenBrightnessOverrideFromWindowManager=NaN
04-07 13:39:10.792  1259  1330 D OplusGestureUpBar: mNavBarPositionFollowScreenRotation = 1,displayWidth:1080,displayHeight:2400
04-07 13:39:10.793  1259  1330 I chatty  : uid=1000(system) android.anim identical 1 line
04-07 13:39:10.795  1259  1330 D OplusGestureUpBar: mNavBarPositionFollowScreenRotation = 1,displayWidth:1080,displayHeight:2400
04-07 13:39:10.797  1259  1329 D PowerManagerService: setScreenBrightnessOverrideFromWindowManagerInternal brightness=NaN mScreenBrightnessOverrideFromWindowManager=NaN
04-07 13:39:10.810  1259  1330 D OplusGestureUpBar: mNavBarPositionFollowScreenRotation = 1,displayWidth:1080,displayHeight:2400
04-07 13:39:10.810  1259  1330 I chatty  : uid=1000(system) android.anim identical 1 line
04-07 13:39:10.811  1259  1330 D OplusGestureUpBar: mNavBarPositionFollowScreenRotation = 1,displayWidth:1080,displayHeight:2400
04-07 13:39:10.813  1259  3172 D OplusGestureUpBar: mNavBarPositionFollowScreenRotation = 1,displayWidth:1080,displayHeight:2400
04-07 13:39:10.813  1259  3172 I chatty  : uid=1000(system) Binder:1259_8 identical 1 line
04-07 13:39:10.814  1259  3172 D OplusGestureUpBar: mNavBarPositionFollowScreenRotation = 1,displayWidth:1080,displayHeight:2400
04-07 13:39:10.816  1259  1329 D PowerManagerService: setScreenBrightnessOverrideFromWindowManagerInternal brightness=NaN mScreenBrightnessOverrideFromWindowManager=NaN
04-07 13:39:10.817  1259  1329 D PowerManagerService: setScreenBrightnessOverrideFromWindowManagerInternal brightness=NaN mScreenBrightnessOverrideFromWindowManager=NaN
04-07 13:39:10.935  1259  2391 V AlarmManager: set(PendingIntent{1712f4a: PendingIntentRecord{25684d0 com.google.android.gms/com.google.android.gms.gcm broadcastIntent}}) : type=3 when=120866971whenElapsed120866971maxWhen =120973718 win=106747 interval=0 flags=0x0 pkg = com.google.android.gms
04-07 13:39:10.949  1259  3172 V AlarmManager: set(PendingIntent{d1af616: PendingIntentRecord{25684d0 com.google.android.gms/com.google.android.gms.gcm broadcastIntent}}) : type=3 when=120866971whenElapsed120866971maxWhen =120973708 win=106737 interval=0 flags=0x0 pkg = com.google.android.gms
04-07 13:39:10.988  1259  4123 V AlarmManager: set(PendingIntent{9a0768f: PendingIntentRecord{25684d0 com.google.android.gms/com.google.android.gms.gcm broadcastIntent}}) : type=3 when=120866971whenElapsed120866971maxWhen =120973679 win=106708 interval=0 flags=0x0 pkg = com.google.android.gms
04-07 13:39:11.022  1259  3172 V AlarmManager: set(PendingIntent{5bfefa: PendingIntentRecord{25684d0 com.google.android.gms/com.google.android.gms.gcm broadcastIntent}}) : type=3 when=120866971whenElapsed120866971maxWhen =120973654 win=106683 interval=0 flags=0x0 pkg = com.google.android.gms
04-07 13:39:11.056  1259  3172 V AlarmManager: set(PendingIntent{5db10c6: PendingIntentRecord{25684d0 com.google.android.gms/com.google.android.gms.gcm broadcastIntent}}) : type=3 when=120866971whenElapsed120866971maxWhen =120973627 win=106656 interval=0 flags=0x0 pkg = com.google.android.gms
04-07 13:39:11.070  1259  3172 V AlarmManager: set(PendingIntent{fe77352: PendingIntentRecord{25684d0 com.google.android.gms/com.google.android.gms.gcm broadcastIntent}}) : type=3 when=120866971whenElapsed120866971maxWhen =120973617 win=106646 interval=0 flags=0x0 pkg = com.google.android.gms
04-07 13:39:11.093  1259  5185 V AlarmManager: set(PendingIntent{cd2217f: PendingIntentRecord{25684d0 com.google.android.gms/com.google.android.gms.gcm broadcastIntent}}) : type=3 when=120866971whenElapsed120866971maxWhen =120973600 win=106629 interval=0 flags=0x0 pkg = com.google.android.gms
04-07 13:39:11.522  1259  3508 I ColorGameSpaceManager: in handleApplicationSwitchInner ---- gamemode = 0 ----mModeStatus = 0
04-07 13:39:12.175  1259  2391 W UriGrantsManagerService: No permission grants found for com.google.android.apps.photos
04-07 13:39:12.175  1259  2391 W UriGrantsManagerService: No permission grants found for com.google.android.apps.photos
04-07 13:39:12.231  1259  4123 W UriGrantsManagerService: No permission grants found for com.google.android.apps.photos
04-07 13:39:12.231  1259  3172 W UriGrantsManagerService: No permission grants found for com.google.android.apps.photos
04-07 13:39:12.299  1259  5185 W UriGrantsManagerService: No permission grants found for com.google.android.apps.photos
04-07 13:39:12.301  1259  5185 W UriGrantsManagerService: No permission grants found for com.google.android.apps.photos
04-07 13:39:12.313  1259  5185 V AlarmManager: set(PendingIntent{d76ca4f: PendingIntentRecord{25684d0 com.google.android.gms/com.google.android.gms.gcm broadcastIntent}}) : type=3 when=120866971whenElapsed120866971maxWhen =120972685 win=105714 interval=0 flags=0x0 pkg = com.google.android.gms
04-07 13:39:12.343  1259  3795 V AlarmManager: set(PendingIntent{adbb447: PendingIntentRecord{25684d0 com.google.android.gms/com.google.android.gms.gcm broadcastIntent}}) : type=3 when=120866971whenElapsed120866971maxWhen =120972663 win=105692 interval=0 flags=0x0 pkg = com.google.android.gms
04-07 13:39:12.421  1259  2391 V AlarmManager: set(PendingIntent{1ae7fd1: PendingIntentRecord{25684d0 com.google.android.gms/com.google.android.gms.gcm broadcastIntent}}) : type=3 when=120866971whenElapsed120866971maxWhen =120972604 win=105633 interval=0 flags=0x0 pkg = com.google.android.gms
04-07 13:39:12.439  4199  8298 W ContextImpl: Calling a method in the system process without a qualified user: android.app.ContextImpl.startService:1701 android.content.ContextWrapper.startService:730 com.oplus.util.OplusStatisticsImpl.startService:216 com.oplus.util.OplusStatisticsImpl.sendDataToDCS:192 com.oplus.util.OplusStatisticsImpl.onCommonSync:84 
04-07 13:39:12.661  1259  3795 V AlarmManager: set(PendingIntent{f7cd534: PendingIntentRecord{25684d0 com.google.android.gms/com.google.android.gms.gcm broadcastIntent}}) : type=3 when=120866971whenElapsed120866971maxWhen =120972424 win=105453 interval=0 flags=0x0 pkg = com.google.android.gms
04-07 13:39:12.676  1259  3172 V AlarmManager: set(PendingIntent{938d0d2: PendingIntentRecord{25684d0 com.google.android.gms/com.google.android.gms.gcm broadcastIntent}}) : type=3 when=120866971whenElapsed120866971maxWhen =120972412 win=105441 interval=0 flags=0x0 pkg = com.google.android.gms
04-07 13:39:12.779  1259  2391 V AlarmManager: set(PendingIntent{350e591: PendingIntentRecord{25684d0 com.google.android.gms/com.google.android.gms.gcm broadcastIntent}}) : type=3 when=120866971whenElapsed120866971maxWhen =120972336 win=105365 interval=0 flags=0x0 pkg = com.google.android.gms
04-07 13:39:12.950  1259  1722 D DisplayPowerController: Animating brightness: target=4.0, rate=800.0, source= 11
04-07 13:39:12.952  1259  1722 D OplusDisplayPowerControllerFeature: RECORD:onUpdatePowerState policy:2 state:2 brightness:4
04-07 13:39:12.958  1259  2767 W LightsService: setBrightness brightness: 320.0, brightnessMode:0
04-07 13:39:12.971  1259  1722 D DisplayPowerController: Animating brightness: target=4.0, rate=26.0, source= 11
04-07 13:39:12.975  1259  2767 W LightsService: setBrightness brightness: 307.0, brightnessMode:0
04-07 13:39:12.990  1259  1722 D DisplayPowerController: Animating brightness: target=4.0, rate=26.0, source= 11
04-07 13:39:12.992  1259  2767 W LightsService: setBrightness brightness: 293.0, brightnessMode:0
04-07 13:39:13.016  1259  2767 W LightsService: setBrightness brightness: 280.0, brightnessMode:0
04-07 13:39:13.020  1259  1722 D DisplayPowerController: Animating brightness: target=4.0, rate=26.0, source= 11
04-07 13:39:13.029  1259  2767 W LightsService: setBrightness brightness: 267.0, brightnessMode:0
04-07 13:39:13.033  1259  1722 D DisplayPowerController: Animating brightness: target=4.0, rate=26.0, source= 11
04-07 13:39:13.047  1259  2767 W LightsService: setBrightness brightness: 253.0, brightnessMode:0
04-07 13:39:13.054  1259  1722 D DisplayPowerController: Animating brightness: target=4.0, rate=26.0, source= 11
04-07 13:39:13.055  1259  2767 D OplusFeatureDCBacklight: notifySfRepaintEverything begin mCurrentDCMode:0
04-07 13:39:13.058  1259  2767 W LightsService: setBrightness brightness: 240.0, brightnessMode:0
04-07 13:39:13.066  1259  1722 D DisplayPowerController: Animating brightness: target=4.0, rate=26.0, source= 11
04-07 13:39:13.074  1259  2767 D OplusFeatureDCBacklight: notifySfRepaintEverything begin mCurrentDCMode:0
04-07 13:39:13.076  1259  2767 W LightsService: setBrightness brightness: 227.0, brightnessMode:0
04-07 13:39:13.076  1259  1722 D DisplayPowerController: Animating brightness: target=4.0, rate=26.0, source= 11
04-07 13:39:13.096  1259  2767 D OplusFeatureDCBacklight: notifySfRepaintEverything begin mCurrentDCMode:0
04-07 13:39:13.097  1259  2767 W LightsService: setBrightness brightness: 213.0, brightnessMode:0
04-07 13:39:13.099  1259  1722 D DisplayPowerController: Animating brightness: target=4.0, rate=26.0, source= 11
04-07 13:39:13.122  1259  2767 D OplusFeatureDCBacklight: notifySfRepaintEverything begin mCurrentDCMode:0
04-07 13:39:13.122  1259  2767 W LightsService: setBrightness brightness: 200.0, brightnessMode:0
04-07 13:39:13.124  1259  1722 D DisplayPowerController: Animating brightness: target=4.0, rate=26.0, source= 11
04-07 13:39:13.129  1259  2767 D OplusFeatureDCBacklight: notifySfRepaintEverything begin mCurrentDCMode:0
04-07 13:39:13.130  1259  2767 D ScreenMode: enter DC and low brightness mode:true
04-07 13:39:13.130  1259  2767 W LightsService: setBrightness brightness: 187.0, brightnessMode:0
04-07 13:39:13.131  1259  1330 D OplusGestureUpBar: mNavBarPositionFollowScreenRotation = 1,displayWidth:1080,displayHeight:2400
04-07 13:39:13.133  1259  1329 D PowerManagerService: setScreenBrightnessOverrideFromWindowManagerInternal brightness=NaN mScreenBrightnessOverrideFromWindowManager=NaN
04-07 13:39:13.134  1259  1874 D BatteryLed: getLightInColorState, oppoLightMgr empty!
04-07 13:39:13.140  1259  1722 D DisplayPowerController: Animating brightness: target=4.0, rate=26.0, source= 11
04-07 13:39:13.143  1259  2767 D OppoBaseLightsService: notifyFlingerLight color=187code=21005
04-07 13:39:13.143  1259  2767 D OplusFeatureDCBacklight: notifySfRepaintEverything begin mCurrentDCMode:0
04-07 13:39:13.143  1259  2767 W LightsService: setBrightness brightness: 173.0, brightnessMode:0
04-07 13:39:13.148  1259  1722 D DisplayPowerController: Animating brightness: target=4.0, rate=26.0, source= 11
04-07 13:39:13.157  1259  2767 D OplusFeatureDCBacklight: notifySfRepaintEverything begin mCurrentDCMode:0
04-07 13:39:13.161  1259  2767 W LightsService: setBrightness brightness: 160.0, brightnessMode:0
04-07 13:39:13.166  1259  2767 D OplusFeatureDCBacklight: notifySfRepaintEverything begin mCurrentDCMode:0
04-07 13:39:13.167  1259  1722 D DisplayPowerController: Animating brightness: target=4.0, rate=26.0, source= 11
04-07 13:39:13.174  1259  5185 D OplusGestureUpBar: mNavBarPositionFollowScreenRotation = 1,displayWidth:1080,displayHeight:2400
04-07 13:39:13.174  1259  5185 I chatty  : uid=1000(system) Binder:1259_20 identical 1 line
04-07 13:39:13.176  1259  5185 D OplusGestureUpBar: mNavBarPositionFollowScreenRotation = 1,displayWidth:1080,displayHeight:2400
04-07 13:39:13.177  1259  1722 D DisplayPowerController: Animating brightness: target=4.0, rate=26.0, source= 11
04-07 13:39:13.177  1259  2767 W LightsService: setBrightness brightness: 147.0, brightnessMode:0
04-07 13:39:13.179  1259  2767 D OplusFeatureDCBacklight: notifySfRepaintEverything begin mCurrentDCMode:0
04-07 13:39:13.183  1259  1329 D PowerManagerService: setScreenBrightnessOverrideFromWindowManagerInternal brightness=NaN mScreenBrightnessOverrideFromWindowManager=NaN
04-07 13:39:13.189  1259  1722 D DisplayPowerController: Animating brightness: target=4.0, rate=26.0, source= 11
04-07 13:39:13.194  1259  2767 W LightsService: setBrightness brightness: 134.0, brightnessMode:0
04-07 13:39:13.200  1259  2767 D OplusFeatureDCBacklight: notifySfRepaintEverything begin mCurrentDCMode:0
04-07 13:39:13.202  1259  1722 D DisplayPowerController: Animating brightness: target=4.0, rate=26.0, source= 11
04-07 13:39:13.210  1259  2767 W LightsService: setBrightness brightness: 120.0, brightnessMode:0
04-07 13:39:13.215  1259  2767 D OplusFeatureDCBacklight: notifySfRepaintEverything begin mCurrentDCMode:0
04-07 13:39:13.218  1259  1722 D DisplayPowerController: Animating brightness: target=4.0, rate=26.0, source= 11
04-07 13:39:13.225  1259  2767 W LightsService: setBrightness brightness: 107.0, brightnessMode:0
04-07 13:39:13.232  1259  2767 D OplusFeatureDCBacklight: notifySfRepaintEverything begin mCurrentDCMode:0
04-07 13:39:13.233  1259  1722 D DisplayPowerController: Animating brightness: target=4.0, rate=26.0, source= 11
04-07 13:39:13.241  1259  2767 W LightsService: setBrightness brightness: 94.0, brightnessMode:0
04-07 13:39:13.243  1259  2767 D OplusFeatureDCBacklight: notifySfRepaintEverything begin mCurrentDCMode:0
04-07 13:39:13.247  1259  1722 D DisplayPowerController: Animating brightness: target=4.0, rate=26.0, source= 11
04-07 13:39:13.259  1259  2767 W LightsService: setBrightness brightness: 80.0, brightnessMode:0
04-07 13:39:13.265  1259  2767 D OplusFeatureDCBacklight: notifySfRepaintEverything begin mCurrentDCMode:0
04-07 13:39:13.267  1259  1722 D DisplayPowerController: Animating brightness: target=4.0, rate=26.0, source= 11
04-07 13:39:13.274  1259  2767 W LightsService: setBrightness brightness: 67.0, brightnessMode:0
04-07 13:39:13.282  1259  2767 D OplusFeatureDCBacklight: notifySfRepaintEverything begin mCurrentDCMode:0
04-07 13:39:13.283  1259  1722 D DisplayPowerController: Animating brightness: target=4.0, rate=26.0, source= 11
04-07 13:39:13.292  1259  2767 W LightsService: setBrightness brightness: 54.0, brightnessMode:0
04-07 13:39:13.293  1259  2767 D OplusFeatureDCBacklight: notifySfRepaintEverything begin mCurrentDCMode:0
04-07 13:39:13.296  1259  1722 D DisplayPowerController: Animating brightness: target=4.0, rate=26.0, source= 11
04-07 13:39:13.308  1259  2767 W LightsService: setBrightness brightness: 40.0, brightnessMode:0
04-07 13:39:13.309  1259  2767 D OplusFeatureDCBacklight: notifySfRepaintEverything begin mCurrentDCMode:0
04-07 13:39:13.312  1259  1722 D DisplayPowerController: Animating brightness: target=4.0, rate=26.0, source= 11
04-07 13:39:13.325  1259  2767 W LightsService: setBrightness brightness: 27.0, brightnessMode:0
04-07 13:39:13.326  1259  2767 D OplusFeatureDCBacklight: notifySfRepaintEverything begin mCurrentDCMode:0
04-07 13:39:13.328  1259  1722 D DisplayPowerController: Animating brightness: target=4.0, rate=26.0, source= 11
04-07 13:39:13.341  1259  2767 W LightsService: setBrightness brightness: 14.0, brightnessMode:0
04-07 13:39:13.344  1259  3172 W UriGrantsManagerService: No permission grants found for com.google.android.apps.photos
04-07 13:39:13.344  1259  3172 W UriGrantsManagerService: No permission grants found for com.google.android.apps.photos
04-07 13:39:13.345  1259  2767 D OplusFeatureDCBacklight: notifySfRepaintEverything begin mCurrentDCMode:0
04-07 13:39:13.348  1259  1722 D DisplayPowerController: Animating brightness: target=4.0, rate=26.0, source= 11
04-07 13:39:13.358  1259  1722 D DisplayPowerController: Animating brightness: target=4.0, rate=26.0, source= 11
04-07 13:39:13.359  1259  2767 W LightsService: setBrightness brightness: 4.0, brightnessMode:0
04-07 13:39:13.359  1259  1722 D DisplayPowerController: Animating brightness: target=4.0, rate=26.0, source= 11
04-07 13:39:13.366  1259  2767 D OplusFeatureDCBacklight: notifySfRepaintEverything begin mCurrentDCMode:0
04-07 13:39:13.369  1259  1722 D DisplayPowerController: Animating brightness: target=4.0, rate=26.0, source= 11
04-07 13:39:13.955  1259  3172 W UriGrantsManagerService: No permission grants found for com.google.android.apps.photos
04-07 13:39:13.956  1259  3795 W UriGrantsManagerService: No permission grants found for com.google.android.apps.photos
04-07 13:39:15.934  1259  2654 D JobScheduler.Temperature: get temperature=39.16
04-07 13:39:15.949  1259  1722 I PowerManagerService: Nap time (uid 1000)...
04-07 13:39:15.951  1259  1722 W DreamManagerService: Dream ComponentInfo{com.google.android.deskclock/com.android.deskclock.Screensaver} does not exist
04-07 13:39:15.951  1259  1722 W DreamManagerService: Falling back to default dream ComponentInfo{com.google.android.deskclock/com.android.deskclock.Screensaver}
04-07 13:39:15.951  1259  1722 I DreamManagerService: Entering dreamland.
04-07 13:39:15.952  1259  1722 I PowerManagerService: Dreaming...
04-07 13:39:15.956  1259  1324 I DreamController: Starting dream: name=ComponentInfo{com.google.android.deskclock/com.android.deskclock.Screensaver}, isTest=false, canDoze=false, userId=0
04-07 13:39:15.964  1259  1259 D ColorInputMethodManagerServiceEx: onHandleImeWindowVisibleStatus handledVis: 0, switcher visible: 0, switcher active: 0, needsToShowImeSwitcher: false
04-07 13:39:15.967  1259  1324 W ActivityManager: Unable to start service Intent { act=android.service.dreams.DreamService flg=0x800000 cmp=com.google.android.deskclock/com.android.deskclock.Screensaver } U=0: not found
04-07 13:39:15.967  1259  1324 E DreamController: Unable to bind dream service: Intent { act=android.service.dreams.DreamService flg=0x800000 cmp=com.google.android.deskclock/com.android.deskclock.Screensaver }
04-07 13:39:15.967  1259  1324 I DreamController: Stopping dream: name=ComponentInfo{com.google.android.deskclock/com.android.deskclock.Screensaver}, isTest=false, canDoze=false, userId=0, reason='bindService failed'
04-07 13:39:15.968  1259  1722 I PowerManagerService: handleSandman: Bed time and goToSleepNoUpdateLocked
04-07 13:39:15.969  1259  1722 D OppoPowerManagerHelper: goToSleepNoUpdateLocked  needIntercepet: false
04-07 13:39:15.969  1259  1722 D Assassin: [onGoToSleepNoUpdateLockedBegin]
04-07 13:39:15.969  1259  1722 D OppoPowerManagerHelper: [onGoToSleep]
04-07 13:39:15.969  1259  1722 D OppoPowerManagerHelper: [requestKeyguard]
04-07 13:39:15.971  1259  1722 I PowerManagerService: Going to sleep due to timeout (uid 1000)...
04-07 13:39:15.972  1259  1722 D OppoPowerManagerHelper: wakelock list dump: mLocks.size=3:
04-07 13:39:15.972  1259  1722 D OppoPowerManagerHelper: No.0: PARTIAL_WAKE_LOCK             activated(flags=1, uid=10273, pid=31250) total=1704890ms)
04-07 13:39:15.972  1259  1722 D OppoPowerManagerHelper: No.1: PARTIAL_WAKE_LOCK             activated(flags=1, uid=1041, pid=0) total=51758ms)
04-07 13:39:15.972  1259  1722 D OppoPowerManagerHelper: No.2: PARTIAL_WAKE_LOCK             activated(flags=1, uid=1041, pid=0) total=3885ms)
04-07 13:39:15.973  1259  1259 D ColorInputMethodManagerServiceEx: onHandleImeWindowVisibleStatus handledVis: 0, switcher visible: 0, switcher active: 0, needsToShowImeSwitcher: false
04-07 13:39:15.979  1259  3795 W DevicePolicyManager: Unknown user type: UserInfo{999:multiApp:4000410}
04-07 13:39:15.980  1259  3795 V AlarmManager: set(PendingIntent{5f6546d: PendingIntentRecord{e958a2 com.android.systemui broadcastIntent}}) : type=2 when=120734685whenElapsed120734685maxWhen =120734685 win=0 interval=0 flags=0x9 pkg = com.android.systemui
04-07 13:39:15.988  1259  5185 E OplusCustomizeRestrictionManagerService: isBiometricDisabled start
04-07 13:39:15.989  1259  5185 E OplusCustomizeRestrictionManagerService: isBiometricDisabled start
04-07 13:39:15.994  1259  2767 W LightsService: setBrightness brightness: 0.0, brightnessMode:0
04-07 13:39:16.003  1259  2767 D OplusFeatureDCBacklight: notifySfRepaintEverything begin mCurrentDCMode:0
04-07 13:39:16.006  1259  5185 D OplusGestureUpBar: mNavBarPositionFollowScreenRotation = 1,displayWidth:1080,displayHeight:2400
04-07 13:39:16.006  1259  5185 I chatty  : uid=1000(system) Binder:1259_20 identical 1 line
04-07 13:39:16.010  1259  5185 D OplusGestureUpBar: mNavBarPositionFollowScreenRotation = 1,displayWidth:1080,displayHeight:2400
04-07 13:39:16.012  1259  1329 D PowerManagerService: setScreenBrightnessOverrideFromWindowManagerInternal brightness=NaN mScreenBrightnessOverrideFromWindowManager=NaN
04-07 13:39:16.041  1259  1722 D OplusDisplayPowerControllerFeature: RECORD: Animation finished when screen is off
04-07 13:39:16.041  1259  1722 I DisplayPowerController: Blocking screen off
04-07 13:39:16.042  1259  1722 I DisplayPowerController: Unblocked screen off after 0 ms
04-07 13:39:16.042  1259  1722 D OplusFeatureReduceBrightness: unregisterByNewImpl
04-07 13:39:16.043  1259  2767 W LightsService: setBrightness brightness: -1.0, brightnessMode:0
04-07 13:39:16.044  1259  2767 D OplusFeatureDCBacklight: notifySfRepaintEverything begin mCurrentDCMode:0
04-07 13:39:16.286  1259  2767 D ColorSilentRebootManager: silence flags file value is :0
04-07 13:39:16.299  1259  1722 V OplusMirageDisplayManagerService: notifyMirageWindowExit size: 0
04-07 13:39:16.299  1259  1722 V OplusMirageDisplayManagerService: notifyMirageWindowExit info: OplusMirageWindowInfo = {  pkgName = null windowShown = false cpnName = null width = 0 height = 0 taskId = 0 stackId = 0 flag = 0 castMode = 0 castFlag = 0 extension = Bundle[{}]}
04-07 13:39:16.299  1259  1722 I OplusMirageDisplayManagerService: goingToSleep
04-07 13:39:16.299  1259  1722 D ActivityTaskManager: Top Process State changed to PROCESS_STATE_TOP_SLEEPING
04-07 13:39:16.299  1259  1329 I DisplayManagerService: Display device changed state: "Integrierter Bildschirm", OFF
04-07 13:39:16.300  1259  1722 V ActivityTaskManager: Calling mServicetracker.OnActivityStateChange with flag truestatePAUSING
04-07 13:39:16.300  1259  1722 V ActivityTaskManager: Calling mServicetracker.OnActivityStateChange with flag falsestatePAUSING
04-07 13:39:16.305  1259  4602 I OplusCustomizeService: pkg:com.android.systemui isPlatformSigned, return true drectly 
04-07 13:39:16.309  1259  3172 D ActivityTaskManager: setWillCloseOrEnterPip:false ActivityRecord:ActivityRecord{c2b09f7 u0 com.HRing.FreshAR/com.epicgames.ue4.GameActivity t153} callers:com.android.server.wm.ActivityStack.completePauseLocked:1316 com.android.server.wm.ActivityRecord.activityPaused:5435 com.android.server.wm.ActivityTaskManagerService.activityPaused:1987 android.app.IActivityTaskManager$Stub.onTransact:1956 com.android.server.wm.OppoActivityTaskManagerService.onTransact:174 
