04-07 13:40:15.525  1079  1618 D APM_AudioPolicyManager: setOutputDevice() output 13 device {type:0x2,@:} force 0 delayMs 0
04-07 13:40:15.525  1079  1618 D APM_AudioPolicyManager: setOutputDevices() prevDevice {type:0x2,@:}
04-07 13:40:15.525  1079  1623 V GameAudioEffects: outputStarted  portId(963)
04-07 13:40:15.525  1079  1618 D APM_AudioPolicyManager: setOutputDevices:filteredDevices isempty 0,getEncodedFormat 0x0,getName = primary output
04-07 13:40:15.526  1079  1618 W APM::AudioPolicyEngine: getDevicesForStrategy() unknown strategy: -1
04-07 13:40:15.526  1079  1618 W APM::AudioPolicyEngine: getDevicesForStrategy() unknown strategy: -1
04-07 13:40:15.526  1079  1624 V OppoAudioLowLatency: outputStarted  portId(963)
04-07 13:40:15.528   943 19572 D audio_hw_primary: out_set_parameters: enter: usecase(1: low-latency-playback) kvpairs: suspend_playback=false
04-07 13:40:15.528   943 19572 D audio_hw_extn: audio_extn_fm_set_parameters: Enter
04-07 13:40:15.528   943 19572 D audio_hw_primary: out_set_parameters: exit: code(0)
04-07 13:40:15.528  1079  2644 D AudioFlinger: [OPEN_PA_STATE]addTrack_l flag 2
04-07 13:40:15.529  1544 17426 D OppoAudioState: updateAudioState eventId:37
04-07 13:40:15.529  1544 17426 D OppoAudioState: updateAudioState eventId:1
04-07 13:40:15.534 25389 25439 I [0]DCS-StrategyManager: isNeedUpload: false, appID: 20161, logTag: 2016101, eventID: exceptionrecord
04-07 13:40:15.535  4199  6316 D OppoAtlasAudioState: getActiveAudioMusic ret = true
04-07 13:40:15.537  4199  6316 D AudioManager: getStreamVolume packageName=com.oppo.atlas, index=0, streamType=3
04-07 13:40:15.537  4199  6316 D OppoAtlasAudioState: isSpeakerMute() device: 2 ,index:0,ST:3
04-07 13:40:15.537  4199  6316 D OppoAtlasAudioState: checkAndSetPaState(state:2,mute:true), hasMusic:true,mode:0 ,mIsPlaybackRecord:false
04-07 13:40:15.542   943 19572 D audio_hw_primary: adev_set_parameters: enter: muted_music_state=true
04-07 13:40:15.542   943 19572 D dummy_snd_dev: oplus_dummy_set_parameters: setting muted_music_state
04-07 13:40:15.542   943 19572 D audio_hw_hfp: hfp_set_parameters: enter
04-07 13:40:15.543   943 19572 D audio_hw_primary: adev_set_parameters: set dual headphone enable: 0x0
04-07 13:40:15.543   943 19572 D audio_hw_extn: audio_extn_fm_set_parameters: Enter
04-07 13:40:15.543   943 19572 D audio_hw_primary: adev_set_parameters: exit with code(0)
04-07 13:40:15.544  4199  8298 W ContextImpl: Calling a method in the system process without a qualified user: android.app.ContextImpl.startService:1701 android.content.ContextWrapper.startService:730 com.oplus.util.OplusStatisticsImpl.startService:216 com.oplus.util.OplusStatisticsImpl.sendDataToDCS:192 com.oplus.util.OplusStatisticsImpl.onCommonSync:84 
04-07 13:40:15.544  1079  2644 D AudioFlinger: getActiveSessionPids SessionId:4241 pid:9564 mState 6
04-07 13:40:15.544  1079  2644 D AudioFlinger: getActiveSessionPids SessionId:4241 pid:9564 mState 6
04-07 13:40:15.546   956  1020 V DolbyManagerService: doOnDapParamUpdate() entry
04-07 13:40:15.547  3652  8335 I QualityProtectUtils: OneTraceJankInfoEnd
04-07 13:40:15.547  3652  8335 I Quality-OIDTUtils: Exception type:5; pkgName:com.HRing.FreshAR;
04-07 13:40:15.548   956  1020 V DolbyManagerService: doOnDapParamUpdate() exit
04-07 13:40:15.550 25389 25439 I [0]DCS-StrategyManager: isNeedUpload: false, appID: 30384, logTag: audio, eventID: 20003
04-07 13:40:15.558  5161  5161 D DaxService: mIntentReceiver, action = com.dolby.intent.action.DAP_PARAMS_UPDATE
04-07 13:40:15.566  5248  5248 D OppoDolbyService: mrDolbyEffectBroadcastReceiver action = android.Multimedia.AudioEffect.AudioTrack_BROADCAST
04-07 13:40:15.566  5248  5248 D OppoDolbyService: +new tast
04-07 13:40:15.566  5248  5248 D OppoDolbyService: -new tast
04-07 13:40:15.566  5248 17447 D DolbyDetectSceneService: Task.run, effect ui enable = true
04-07 13:40:15.566  4168  4549 D BaseBroadcastReceiver: android.media.ACTION_AUDIO_PLAYBACK_STATE_CHANGED
04-07 13:40:15.567  1079  2644 D AudioFlinger: getActiveDeepBufferAudioPids pids = :27069
04-07 13:40:15.568  5248 17447 D DolbyDetectSceneService: checkAndSetDolby: 1, activeAudioPids = :27069forBypass = true
04-07 13:40:15.571  5248 17447 D DolbyDetectSceneService: activePidList = [27069]
04-07 13:40:15.573  5248 17447 D DolbyDetectSceneService: activeAudioAppList = [com.HRing.FreshAR]
04-07 13:40:15.573  5248 17447 D DolbyDetectSceneService: isInBlackAppList appName:com.HRing.FreshAR
04-07 13:40:15.574  5248 17447 D DolbyDetectSceneService: activePidList = [27069]
04-07 13:40:15.575  5248 17447 D DolbyDetectSceneService: activeAudioAppList = [com.HRing.FreshAR]
04-07 13:40:15.575  5248 17447 D DolbyDetectSceneService: SelectedCategory: 1
04-07 13:40:15.575  5248 17447 D DolbyDetectSceneService: checkAndGetDolbyProfile profile:2
04-07 13:40:15.575  5248 17447 D OppoDolbyService: setDolbyEffectEnableInternal ++++ enable = true profile = 2 mSelectedProfile:2 forBypass:true
04-07 13:40:15.575  5248 17447 D OppoDolbyService: mWiredHeadsetOn:false, mA2dpConnected:false,mLimitA2dpDevcie:false, mOFreeDevice:false
04-07 13:40:15.575  5248 17447 D OppoDolbyService: mBtDeviceName:No Support Devcie
04-07 13:40:15.575  5248 17447 D OppoDolbyService: mDolbyEffectUIOn:true
04-07 13:40:15.575  5248 17447 D OppoDolbyService: setDolbyDsOn, enable:true forBypass:true
04-07 13:40:15.576   943 19572 D DlbDlbEffect: handle_EFFECT_CMD_SET_PARAM()
04-07 13:40:15.581   956  1020 V DolbyManagerService: doOnDapParamUpdate() entry
04-07 13:40:15.581   956  1020 V DolbyManagerService: doOnDapParamUpdate() exit
04-07 13:40:15.581  5248 17447 D OppoDolbyService: audioeffect enable change to: true
04-07 13:40:15.581  5248 17447 D OppoDolbyService: setDolbyEffectProfileImpl, effectProfile:2
04-07 13:40:15.583  5248 17447 D OppoDolbyService: setDolbyGeqBandGainsImpl geq gains[ 0 ]0
04-07 13:40:15.583  5248 17447 D OppoDolbyService: setDolbyGeqBandGainsImpl geq gains[ 1 ]0
04-07 13:40:15.583  5248 17447 D OppoDolbyService: setDolbyGeqBandGainsImpl geq gains[ 2 ]0
04-07 13:40:15.583  5248 17447 D OppoDolbyService: setDolbyGeqBandGainsImpl geq gains[ 3 ]0
04-07 13:40:15.583  5248 17447 D OppoDolbyService: setDolbyGeqBandGainsImpl geq gains[ 4 ]0
04-07 13:40:15.583  5248 17447 D OppoDolbyService: setDolbyGeqBandGainsImpl geq gains[ 5 ]0
04-07 13:40:15.583  5248 17447 D OppoDolbyService: setDolbyGeqBandGainsImpl geq gains[ 6 ]0
04-07 13:40:15.583  5248 17447 D OppoDolbyService: setDolbyGeqBandGainsImpl geq gains[ 7 ]0
04-07 13:40:15.583  5248 17447 D OppoDolbyService: setDolbyGeqBandGainsImpl geq gains[ 8 ]0
04-07 13:40:15.583  5248 17447 D OppoDolbyService: setDolbyGeqBandGainsImpl geq gains[ 9 ]0
04-07 13:40:15.583  5248 17447 D OppoDolbyService: setDolbyGeqBandGainsImpl geq gains[ 10 ]0
04-07 13:40:15.583  5248 17447 D OppoDolbyService: setDolbyGeqBandGainsImpl geq gains[ 11 ]0
04-07 13:40:15.583  5248 17447 D OppoDolbyService: setDolbyGeqBandGainsImpl geq gains[ 12 ]0
04-07 13:40:15.583  5248 17447 D OppoDolbyService: setDolbyGeqBandGainsImpl geq gains[ 13 ]0
04-07 13:40:15.583  5248 17447 D OppoDolbyService: setDolbyGeqBandGainsImpl geq gains[ 14 ]0
04-07 13:40:15.583  5248 17447 D OppoDolbyService: setDolbyGeqBandGainsImpl geq gains[ 15 ]0
04-07 13:40:15.583  5248 17447 D OppoDolbyService: setDolbyGeqBandGainsImpl geq gains[ 16 ]0
04-07 13:40:15.583  5248 17447 D OppoDolbyService: setDolbyGeqBandGainsImpl geq gains[ 17 ]0
04-07 13:40:15.583  5248 17447 D OppoDolbyService: setDolbyGeqBandGainsImpl geq gains[ 18 ]0
04-07 13:40:15.583  5248 17447 D OppoDolbyService: setDolbyGeqBandGainsImpl geq gains[ 19 ]0
04-07 13:40:15.585   943 19572 D DlbDlbEffect: handle_EFFECT_CMD_SET_PARAM()
04-07 13:40:15.586  5248 17447 D OppoDolbyService: setDolbyMusicIeqPresetImpl: 0
04-07 13:40:15.589   956  1020 V DolbyManagerService: doOnDapParamUpdate() entry
04-07 13:40:15.589  5248 17447 D OppoDolbyService: device :2
04-07 13:40:15.590   943 19572 D DlbDlbEffect: handle_EFFECT_CMD_SET_PARAM()
04-07 13:40:15.590   943 19572 D DlbEffectContext: mDualSpeakerMode: 1
04-07 13:40:15.590  5248 17447 D OppoDolbyService: mPhoneDisplayOrientation: 0, mExternalDeviceStatus: 1, OutputMode mix:1
04-07 13:40:15.591   956   956 I DMSService: getSelectedTuningDevice called with port=0.
04-07 13:40:15.591  5248 17447 D OppoDolbyService: mPhoneDisplayOrientation: 0, mExternalDeviceStatus: 1, endpoint port:0, endpoint device:default_speaker_portrait
04-07 13:40:15.591   956  1020 V DolbyManagerService: doOnDapParamUpdate() exit
04-07 13:40:15.593  5161  5161 D DaxService: mIntentReceiver, action = com.dolby.intent.action.DAP_PARAMS_UPDATE
04-07 13:40:15.605  5161  5161 D DaxService: mIntentReceiver, action = com.dolby.intent.action.DAP_PARAMS_UPDATE
04-07 13:40:15.755  1259  1330 D OplusGestureUpBar: mNavBarPositionFollowScreenRotation = 1,displayWidth:1080,displayHeight:2400
04-07 13:40:15.755  1259  1330 I chatty  : uid=1000(system) android.anim identical 1 line
04-07 13:40:15.756  1259  1330 D OplusGestureUpBar: mNavBarPositionFollowScreenRotation = 1,displayWidth:1080,displayHeight:2400
04-07 13:40:15.762  1259  1329 D PowerManagerService: setScreenBrightnessOverrideFromWindowManagerInternal brightness=NaN mScreenBrightnessOverrideFromWindowManager=NaN
04-07 13:40:15.756  1093  1093 W HwcComposer: command 0x4080000 generated error 4
04-07 13:40:15.769  1093  1093 D OppoExLayer: ~Layer() sequence=12423, name=EnterBlackFrameLayer#0
04-07 13:40:15.769  1093  1093 D OppoExLayer: ~Layer() sequence=12428, name=Surface(name=RotationLayer)/@0x1e1b2e8 - animation-leash#0
04-07 13:40:15.769  1093  1093 D OppoExLayer: ~Layer() sequence=12422, name=RotationLayer#0
04-07 13:40:15.769  1093  1093 D OppoExLayer: ~Layer() sequence=12427, name=Surface(name=mWindowContainers)/@0xdfbddb0 - animation-leash#0
04-07 13:40:15.770  1093  1093 D OppoExLayer: ~Layer() sequence=12421, name=BackColorSurface#0
04-07 13:40:15.952 31490 31490 D GmsGcmMcsSvc: Connection is not enabled or dead.
04-07 13:40:15.952 31490 31490 D GmsGcmTrigger: Not connected to GCM but should be, asking the service to start up. Triggered by: Intent { act=org.microg.gms.gcm.mcs.RECONNECT flg=0x80014 cmp=com.mgoogle.android.gms/org.microg.gms.gcm.TriggerReceiver (has extras) }
04-07 13:40:15.973 31490 31490 D ForegroundService: Starting in foreground mode.
04-07 13:40:15.981 31490 31490 D GmsGcmMcsSvc: Started in foreground mode.
04-07 13:40:15.994  1259  2654 D JobScheduler.Temperature: get temperature=44.735
04-07 13:40:16.095 31490 31537 D GmsGcmMcsSvc: Connect initiated, reason: Intent { act=org.microg.gms.gcm.mcs.RECONNECT flg=0x80014 cmp=com.mgoogle.android.gms/org.microg.gms.gcm.TriggerReceiver (has extras) }
04-07 13:40:16.098 31490 31537 D GmsGcmMcsSvc: Connection is not enabled or dead.
04-07 13:40:16.099 31490 31537 D GmsGcmMcsSvc: Starting MCS connection...
04-07 13:40:16.126 23413 18926 I OplusFeedbackInfo: [sendFPSInfo:L314] mInputBufCnt = 0 fps, mOutputBufCnt = 0 fps, mRenderFrameCnt = 0 fps
04-07 13:40:16.126 23413 18603 I OplusFeedbackInfo: [sendFPSInfo:L314] mInputBufCnt = 0 fps, mOutputBufCnt = 0 fps, mRenderFrameCnt = 0 fps
04-07 13:40:16.126 23413 18211 I OplusFeedbackInfo: [sendFPSInfo:L314] mInputBufCnt = 0 fps, mOutputBufCnt = 0 fps, mRenderFrameCnt = 0 fps
04-07 13:40:16.127  1544  1611 D AtlasService: clientsCount 1
04-07 13:40:16.127  1544  1611 D AtlasService: notify 1025 to client
04-07 13:40:16.127  1544  1611 D AtlasService: clientsCount 1
04-07 13:40:16.127  1544  1611 D AtlasService: notify 1025 to client
04-07 13:40:16.127  1544  1611 D AtlasService: clientsCount 1
04-07 13:40:16.127  1544  1611 D AtlasService: notify 1025 to client
04-07 13:40:16.127  1544  1611 D AtlasService: clientsCount 1
04-07 13:40:16.127  1544  1611 D AtlasService: notify 1029 to client
04-07 13:40:16.127  1544  1611 D AtlasService: clientsCount 1
04-07 13:40:16.127  1544  1611 D AtlasService: notify 1029 to client
04-07 13:40:16.127  1544  1611 D AtlasService: clientsCount 1
04-07 13:40:16.127  1544  1611 D AtlasService: notify 1029 to client
04-07 13:40:16.130 23413 18354 I OplusFeedbackInfo: [sendFPSInfo:L314] mInputBufCnt = 0 fps, mOutputBufCnt = 0 fps, mRenderFrameCnt = 0 fps
04-07 13:40:16.137  1544  1611 D AtlasService: clientsCount 1
04-07 13:40:16.137  1544  1611 D AtlasService: notify 1025 to client
04-07 13:40:16.137  1544  1611 D AtlasService: clientsCount 1
04-07 13:40:16.137  1544  1611 D AtlasService: notify 1029 to client
04-07 13:40:16.143 31490 31537 D GmsGcmMcsSvc: Connected to mtalk.google.com:5228
04-07 13:40:16.143 31490 31537 D GmsGcmMcsSvc: Activated SSL with mtalk.google.com:5228
04-07 13:40:16.172 31490 31537 D GmsGcmMcsSvc: Scheduling heartbeat in 48 seconds...
04-07 13:40:16.173  1259  3193 V AlarmManager: set(PendingIntent{f084ddb: PendingIntentRecord{1ad4e89 com.mgoogle.android.gms startService}}) : type=2 when=120838041whenElapsed120838041maxWhen =120838041 win=0 interval=0 flags=0x4 pkg = com.mgoogle.android.gms
04-07 13:40:16.178 31490 27701 D GmsGcmMcsSvc: Sending login request...
04-07 13:40:16.183 31490 27701 D GmsGcmMcsOutput: Outgoing message: LoginRequest{id=android-30, domain=mcs.android.com, user=4524718407588255183, resource=4524718407588255183, auth_token=8509376250577198053, device_id=android-3ecb076b30f815cf, setting=[Setting{name=new_vc, value=1}], adaptive_heartbeat=false, use_rmq2=true, auth_service=ANDROID_ID, network_type=1}
04-07 13:40:16.183 31490 27701 D GmsGcmMcsOutput: Write MCS version code: 41
04-07 13:40:16.216 27069 27069 D ViewRootImpl: enqueueInputEventMotionEvent { action=ACTION_DOWN, actionButton=0, id[0]=0, x[0]=493.0, y[0]=1289.0, toolType[0]=TOOL_TYPE_FINGER, buttonState=0, classification=NONE, metaState=0, flags=0x0, edgeFlags=0x0, pointerCount=1, historySize=0, eventTime=67265921, downTime=67265921, deviceId=-1, source=0x1002, displayId=0 }
04-07 13:40:16.217 31490 27700 D GmsGcmMcsInput: Reading from MCS version: 41
04-07 13:40:16.226 31490 27700 D GmsGcmMcsInput: Incoming message: LoginResponse{id=android-30, jid=user@firebase.com/notifications, last_stream_id_received=1, server_timestamp=1649331617068}
04-07 13:40:16.227 31490 27700 D GmsGcmMcsSvc: Logged in
04-07 13:40:16.231 31490 27700 D GmsGcmMcsInput: Incoming message: IqStanza{type=SET, id=, extension=Extension{id=12, data=[size=0]}}
04-07 13:40:16.231 31490 27700 W GmsGcmMcsSvc: Unknown message: IqStanza{type=SET, id=, extension=Extension{id=12, data=[size=0]}}
04-07 13:40:16.339   978   978 D ORMS_HAL: OrmsHalService write file /proc/sys/kernel/slide_boost_enabled - 1.
04-07 13:40:16.386 27702 27702 W ip      : type=1400 audit(0.0:298679): avc: denied { bind } for scontext=u:r:untrusted_app:s0:c169,c258,c512,c768 tcontext=u:r:untrusted_app:s0:c169,c258,c512,c768 tclass=netlink_route_socket permissive=0 b/155595000 app=com.anydesk.anydeskandroid
04-07 13:40:16.390  2500  2500 W Thread-3: type=1400 audit(0.0:298680): avc: denied { read } for name="arp" dev="proc" ino=4026532217 scontext=u:r:untrusted_app:s0:c169,c258,c512,c768 tcontext=u:object_r:proc_net:s0 tclass=file permissive=0 app=com.anydesk.anydeskandroid
04-07 13:40:16.740  1259  2660 E ORMS_CORE: Unsupported action!!!
04-07 13:40:16.740   978   978 D ORMS_HAL: OrmsHalService write file /proc/sys/kernel/slide_boost_enabled - 0.
04-07 13:40:16.822 27069 27069 D ViewRootImpl: enqueueInputEventMotionEvent { action=ACTION_DOWN, actionButton=0, id[0]=0, x[0]=252.0, y[0]=1071.0, toolType[0]=TOOL_TYPE_FINGER, buttonState=0, classification=NONE, metaState=0, flags=0x0, edgeFlags=0x0, pointerCount=1, historySize=0, eventTime=67266527, downTime=67266527, deviceId=-1, source=0x1002, displayId=0 }
04-07 13:40:16.905   978   978 D ORMS_HAL: OrmsHalService write file /proc/sys/kernel/slide_boost_enabled - 1.
04-07 13:40:17.074   978   978 D ORMS_HAL: OrmsHalService write file /proc/sys/kernel/slide_boost_enabled - 0.
04-07 13:40:17.075   978   978 D ORMS_HAL: OrmsHalService write file /proc/sys/kernel/slide_boost_enabled - 1.
04-07 13:40:17.076   978   978 D ORMS_HAL: OrmsHalService write file /proc/sys/kernel/slide_boost_enabled - 0.
04-07 13:40:17.076   978   978 D ORMS_HAL: OrmsHalService write file /proc/sys/kernel/slide_boost_enabled - 1.
04-07 13:40:17.083  1022  1022 E android.hardware.thermal@2.0-service.qti: Sensor Name:skin temp:43 severity:3 temp:43.528 hotThresholds:40 type:SKIN
04-07 13:40:17.090  1022  1022 E android.hardware.thermal@2.0-service.qti: Sensor Name:skin temp:43 severity:3 temp:43.543 hotThresholds:40 type:SKIN
04-07 13:40:17.114  1259  1874 D BatteryLed: getLightInColorState, oppoLightMgr empty!
04-07 13:40:17.120  3303  3303 D DeviceStatisticsService: chargerType=2 batteryLevel=22 totalBatteryCapacity=4000000
04-07 13:40:17.120  3303  3303 D DeviceInfoHidlClient: isPowerInfoNeverSent()=true
04-07 13:40:17.121 31250 31250 D R:Battery: Battery changed: Intent { act=android.intent.action.BATTERY_CHANGED flg=0x60000010 (has extras) } @ 67266825
04-07 13:40:17.130 23413 18211 I OplusFeedbackInfo: [sendFPSInfo:L314] mInputBufCnt = 0 fps, mOutputBufCnt = 0 fps, mRenderFrameCnt = 0 fps
04-07 13:40:17.130 23413 18603 I OplusFeedbackInfo: [sendFPSInfo:L314] mInputBufCnt = 0 fps, mOutputBufCnt = 0 fps, mRenderFrameCnt = 0 fps
04-07 13:40:17.130 23413 18926 I OplusFeedbackInfo: [sendFPSInfo:L314] mInputBufCnt = 0 fps, mOutputBufCnt = 0 fps, mRenderFrameCnt = 0 fps
04-07 13:40:17.130  1544  1611 D AtlasService: clientsCount 1
04-07 13:40:17.130  1544  1611 D AtlasService: notify 1025 to client
04-07 13:40:17.132  1544  1611 D AtlasService: clientsCount 1
04-07 13:40:17.133  1544  1611 D AtlasService: notify 1025 to client
04-07 13:40:17.133  1544  1611 D AtlasService: clientsCount 1
04-07 13:40:17.133  1544  1611 D AtlasService: notify 1025 to client
04-07 13:40:17.137 23413 18354 I OplusFeedbackInfo: [sendFPSInfo:L314] mInputBufCnt = 0 fps, mOutputBufCnt = 0 fps, mRenderFrameCnt = 0 fps
04-07 13:40:17.138  1544  1611 D AtlasService: clientsCount 1
04-07 13:40:17.138  1544  1611 D AtlasService: notify 1025 to client
04-07 13:40:17.193 27069 27069 D ViewRootImpl: enqueueInputEventMotionEvent { action=ACTION_DOWN, actionButton=0, id[0]=0, x[0]=570.0, y[0]=1213.0, toolType[0]=TOOL_TYPE_FINGER, buttonState=0, classification=NONE, metaState=0, flags=0x0, edgeFlags=0x0, pointerCount=1, historySize=0, eventTime=67266897, downTime=67266897, deviceId=-1, source=0x1002, displayId=0 }
04-07 13:40:17.207   978   978 D ORMS_HAL: OrmsHalService write file /proc/sys/kernel/slide_boost_enabled - 0.
04-07 13:40:17.616  1259  1270 I chatty  : uid=1000(system) FinalizerDaemon expire 6 lines
04-07 13:40:17.619  1093  1093 D OppoExLayer: ~Layer() sequence=12415, name=Surface(name=dd0ff4e NavigationBar0)/@0x604a852 - animation-leash#0
04-07 13:40:17.927 27069 27069 D ViewRootImpl: enqueueInputEventMotionEvent { action=ACTION_DOWN, actionButton=0, id[0]=0, x[0]=353.0, y[0]=2208.0, toolType[0]=TOOL_TYPE_FINGER, buttonState=0, classification=NONE, metaState=0, flags=0x0, edgeFlags=0x0, pointerCount=1, historySize=0, eventTime=67267632, downTime=67267632, deviceId=-1, source=0x1002, displayId=0 }
04-07 13:40:18.134 23413 18926 I OplusFeedbackInfo: [sendFPSInfo:L314] mInputBufCnt = 0 fps, mOutputBufCnt = 0 fps, mRenderFrameCnt = 0 fps
04-07 13:40:18.134 23413 18603 I OplusFeedbackInfo: [sendFPSInfo:L314] mInputBufCnt = 0 fps, mOutputBufCnt = 0 fps, mRenderFrameCnt = 0 fps
04-07 13:40:18.134  1544  1611 D AtlasService: clientsCount 1
04-07 13:40:18.134  1544  1611 D AtlasService: notify 1025 to client
04-07 13:40:18.135  1544  1611 D AtlasService: clientsCount 1
04-07 13:40:18.135  1544  1611 D AtlasService: notify 1025 to client
04-07 13:40:18.136 23413 18211 I OplusFeedbackInfo: [sendFPSInfo:L314] mInputBufCnt = 0 fps, mOutputBufCnt = 0 fps, mRenderFrameCnt = 0 fps
04-07 13:40:18.137  1544  1611 D AtlasService: clientsCount 1
04-07 13:40:18.137  1544  1611 D AtlasService: notify 1025 to client
04-07 13:40:18.142 23413 18354 I OplusFeedbackInfo: [sendFPSInfo:L314] mInputBufCnt = 0 fps, mOutputBufCnt = 0 fps, mRenderFrameCnt = 0 fps
04-07 13:40:18.142  1544  1611 D AtlasService: clientsCount 1
04-07 13:40:18.142  1544  1611 D AtlasService: notify 1025 to client
04-07 13:40:18.302   996  2744 I chatty  : uid=1047(cameraserver) provider@2.4-se expire 63 lines
04-07 13:40:18.373   996  2747 I chatty  : uid=1047(cameraserver) provider@2.4-se expire 65 lines
04-07 13:40:18.431  1259  1722 D ColorAutomaticBrightnessController: enter Auto
04-07 13:40:18.432  1259  1722 D ColorAutomaticBrightnessController: mCameraMode = 0
04-07 13:40:18.432  1259  1722 I ColorAutomaticBrightnessController: updateAutoBrightness: Auto
04-07 13:40:18.432  1259  1722 I ColorAutomaticBrightnessController: , sendUpdate = true, adjustment = 2005.8823, AIBrightness = 361, adjustManualBright = 361
04-07 13:40:18.432  1259  1722 D ColorAutomaticBrightnessController: caclurateRateForIndex: lastAutoBrightness=342 ,newAutoBrightness=361 ,mDeltaLux=598.963 ,mAutoRate=136
04-07 13:40:18.432  1259  1722 D ColorAutomaticBrightnessController: onTargetBrightnessChanged mAIBrightness=361
04-07 13:40:18.432  1259  1722 D DisplayPowerController: Animating brightness: target=361.0, rate=136.0, source= 7
04-07 13:40:18.437  1259  2767 W LightsService: setBrightness brightness: 343.0, brightnessMode:0
04-07 13:40:18.440 29496 29578 D AudioManager: getStreamVolume packageName=com.instagram.android, index=0, streamType=3
04-07 13:40:18.442  1011  1011 E qdlights: access fath /sys/bus/platform/devices/oppo_iface.0/brightness fail
04-07 13:40:18.445  1259  1722 D DisplayPowerController: Animating brightness: target=361.0, rate=136.0, source= 7
04-07 13:40:18.452 29496 29578 D AudioManager: getStreamVolume packageName=com.instagram.android, index=0, streamType=3
04-07 13:40:18.453  1259  2767 W LightsService: setBrightness brightness: 344.0, brightnessMode:0
04-07 13:40:18.455 29496 29578 D AudioManager: getStreamVolume packageName=com.instagram.android, index=0, streamType=3
04-07 13:40:18.459  1011  1011 E qdlights: access fath /sys/bus/platform/devices/oppo_iface.0/brightness fail
04-07 13:40:18.463  1259  1722 D DisplayPowerController: Animating brightness: target=361.0, rate=136.0, source= 7
04-07 13:40:18.464 29496 29578 D AudioManager: getStreamVolume packageName=com.instagram.android, index=0, streamType=3
04-07 13:40:18.468 29496 29578 D AudioManager: getStreamVolume packageName=com.instagram.android, index=0, streamType=3
04-07 13:40:18.470  1259  2767 W LightsService: setBrightness brightness: 345.0, brightnessMode:0
04-07 13:40:18.476  1011  1011 E qdlights: access fath /sys/bus/platform/devices/oppo_iface.0/brightness fail
04-07 13:40:18.481 29496 29578 D AudioManager: getStreamVolume packageName=com.instagram.android, index=0, streamType=3
04-07 13:40:18.484  1259  1722 D DisplayPowerController: Animating brightness: target=361.0, rate=136.0, source= 7
04-07 13:40:18.490  1259  2767 W LightsService: setBrightness brightness: 346.0, brightnessMode:0
04-07 13:40:18.486 29496 29578 D AudioManager: getStreamVolume packageName=com.instagram.android, index=0, streamType=3
04-07 13:40:18.492  1011  1011 E qdlights: access fath /sys/bus/platform/devices/oppo_iface.0/brightness fail
04-07 13:40:18.497 29496 29578 D AudioManager: getStreamVolume packageName=com.instagram.android, index=0, streamType=3
04-07 13:40:18.498  1259  1722 D DisplayPowerController: Animating brightness: target=361.0, rate=136.0, source= 7
04-07 13:40:18.501 29496 29578 D AudioManager: getStreamVolume packageName=com.instagram.android, index=0, streamType=3
04-07 13:40:18.504   996  2741 I chatty  : uid=1047(cameraserver) provider@2.4-se expire 54 lines
04-07 13:40:18.520  1259  2767 W LightsService: setBrightness brightness: 347.0, brightnessMode:0
04-07 13:40:18.526  1011  1011 E qdlights: access fath /sys/bus/platform/devices/oppo_iface.0/brightness fail
04-07 13:40:18.530 29496 29578 D AudioManager: getStreamVolume packageName=com.instagram.android, index=0, streamType=3
04-07 13:40:18.535  1259  1722 D DisplayPowerController: Animating brightness: target=361.0, rate=136.0, source= 7
04-07 13:40:18.538  1259  2767 W LightsService: setBrightness brightness: 348.0, brightnessMode:0
04-07 13:40:18.542 29496 29578 D AudioManager: getStreamVolume packageName=com.instagram.android, index=0, streamType=3
04-07 13:40:18.542  1011  1011 E qdlights: access fath /sys/bus/platform/devices/oppo_iface.0/brightness fail
04-07 13:40:18.545  1259  1722 D DisplayPowerController: Animating brightness: target=361.0, rate=136.0, source= 7
04-07 13:40:18.547 29496 29578 D AudioManager: getStreamVolume packageName=com.instagram.android, index=0, streamType=3
04-07 13:40:18.570  1259  2767 W LightsService: setBrightness brightness: 349.0, brightnessMode:0
04-07 13:40:18.555 29496 29578 D AudioManager: getStreamVolume packageName=com.instagram.android, index=0, streamType=3
04-07 13:40:18.572   996  2742 I chatty  : uid=1047(cameraserver) provider@2.4-se expire 63 lines
04-07 13:40:18.576  1011  1011 E qdlights: access fath /sys/bus/platform/devices/oppo_iface.0/brightness fail
04-07 13:40:18.581 29496 29578 D AudioManager: getStreamVolume packageName=com.instagram.android, index=0, streamType=3
04-07 13:40:18.587  1259  2767 W LightsService: setBrightness brightness: 350.0, brightnessMode:0
04-07 13:40:18.589  1259  1722 D DisplayPowerController: Animating brightness: target=361.0, rate=136.0, source= 7
04-07 13:40:18.590 29496 29578 D AudioManager: getStreamVolume packageName=com.instagram.android, index=0, streamType=3
04-07 13:40:18.593  1011  1011 E qdlights: access fath /sys/bus/platform/devices/oppo_iface.0/brightness fail
04-07 13:40:18.600 29496 29578 D AudioManager: getStreamVolume packageName=com.instagram.android, index=0, streamType=3
04-07 13:40:18.604   996  2746 I chatty  : uid=1047(cameraserver) provider@2.4-se expire 63 lines
04-07 13:40:18.612 29496 29578 D AudioManager: getStreamVolume packageName=com.instagram.android, index=0, streamType=3
04-07 13:40:18.601  1259  1722 D DisplayPowerController: Animating brightness: target=361.0, rate=136.0, source= 7
04-07 13:40:18.621  1259  2767 W LightsService: setBrightness brightness: 351.0, brightnessMode:0
04-07 13:40:18.626  1011  1011 E qdlights: access fath /sys/bus/platform/devices/oppo_iface.0/brightness fail
04-07 13:40:18.631 29496 29578 D AudioManager: getStreamVolume packageName=com.instagram.android, index=0, streamType=3
04-07 13:40:18.633  1259  1722 D DisplayPowerController: Animating brightness: target=361.0, rate=136.0, source= 7
04-07 13:40:18.649 29496 29578 D AudioManager: getStreamVolume packageName=com.instagram.android, index=0, streamType=3
04-07 13:40:18.655  1259  2767 W LightsService: setBrightness brightness: 352.0, brightnessMode:0
04-07 13:40:18.659  1011  1011 E qdlights: access fath /sys/bus/platform/devices/oppo_iface.0/brightness fail
04-07 13:40:18.662 29496 29578 D AudioManager: getStreamVolume packageName=com.instagram.android, index=0, streamType=3
04-07 13:40:18.662  1259  1722 D DisplayPowerController: Animating brightness: target=361.0, rate=136.0, source= 7
04-07 13:40:18.664 29496 29578 D AudioManager: getStreamVolume packageName=com.instagram.android, index=0, streamType=3
04-07 13:40:18.671 29496 29578 D AudioManager: getStreamVolume packageName=com.instagram.android, index=0, streamType=3
04-07 13:40:18.687  1259  2767 W LightsService: setBrightness brightness: 353.0, brightnessMode:0
04-07 13:40:18.693  1011  1011 E qdlights: access fath /sys/bus/platform/devices/oppo_iface.0/brightness fail
04-07 13:40:18.698 29496 29578 D AudioManager: getStreamVolume packageName=com.instagram.android, index=0, streamType=3
04-07 13:40:18.700  1259  1722 D DisplayPowerController: Animating brightness: target=361.0, rate=136.0, source= 7
04-07 13:40:18.703 29496 29578 D AudioManager: getStreamVolume packageName=com.instagram.android, index=0, streamType=3
04-07 13:40:18.737  1259  2767 W LightsService: setBrightness brightness: 354.0, brightnessMode:0
04-07 13:40:18.743  1011  1011 E qdlights: access fath /sys/bus/platform/devices/oppo_iface.0/brightness fail
04-07 13:40:18.746  1259  1722 D DisplayPowerController: Animating brightness: target=361.0, rate=136.0, source= 7
04-07 13:40:18.748 29496 29578 D AudioManager: getStreamVolume packageName=com.instagram.android, index=0, streamType=3
04-07 13:40:18.752 29496 29578 D AudioManager: getStreamVolume packageName=com.instagram.android, index=0, streamType=3
04-07 13:40:18.770  1259  2767 W LightsService: setBrightness brightness: 355.0, brightnessMode:0
04-07 13:40:18.776  1011  1011 E qdlights: access fath /sys/bus/platform/devices/oppo_iface.0/brightness fail
04-07 13:40:18.779  1259  1722 D DisplayPowerController: Animating brightness: target=361.0, rate=136.0, source= 7
04-07 13:40:18.779 29496 29578 D AudioManager: getStreamVolume packageName=com.instagram.android, index=0, streamType=3
04-07 13:40:18.782 27069 27069 D ViewRootImpl: enqueueInputEventMotionEvent { action=ACTION_DOWN, actionButton=0, id[0]=0, x[0]=866.0, y[0]=1712.0, toolType[0]=TOOL_TYPE_FINGER, buttonState=0, classification=NONE, metaState=0, flags=0x0, edgeFlags=0x0, pointerCount=1, historySize=0, eventTime=67268485, downTime=67268485, deviceId=-1, source=0x1002, displayId=0 }
04-07 13:40:18.791 29496 29578 D AudioManager: getStreamVolume packageName=com.instagram.android, index=0, streamType=3
04-07 13:40:18.837   996  2745 I chatty  : uid=1047(cameraserver) provider@2.4-se expire 70 lines
04-07 13:40:18.837  1259  2767 W LightsService: setBrightness brightness: 356.0, brightnessMode:0
04-07 13:40:18.842  1011  1011 E qdlights: access fath /sys/bus/platform/devices/oppo_iface.0/brightness fail
04-07 13:40:18.847 29496 29578 D AudioManager: getStreamVolume packageName=com.instagram.android, index=0, streamType=3
04-07 13:40:18.848  1259  1722 D DisplayPowerController: Animating brightness: target=361.0, rate=136.0, source= 7
04-07 13:40:18.856 29496 29578 D AudioManager: getStreamVolume packageName=com.instagram.android, index=0, streamType=3
04-07 13:40:18.903  1259  2767 W LightsService: setBrightness brightness: 357.0, brightnessMode:0
04-07 13:40:18.909  1011  1011 E qdlights: access fath /sys/bus/platform/devices/oppo_iface.0/brightness fail
04-07 13:40:18.916 29496 29578 D AudioManager: getStreamVolume packageName=com.instagram.android, index=0, streamType=3
04-07 13:40:18.925  1259  1722 D DisplayPowerController: Animating brightness: target=361.0, rate=136.0, source= 7
04-07 13:40:18.927 29496 29578 D AudioManager: getStreamVolume packageName=com.instagram.android, index=0, streamType=3
04-07 13:40:18.970  1259  2767 W LightsService: setBrightness brightness: 358.0, brightnessMode:0
04-07 13:40:18.976  1011  1011 E qdlights: access fath /sys/bus/platform/devices/oppo_iface.0/brightness fail
04-07 13:40:18.981 29496 29578 D AudioManager: getStreamVolume packageName=com.instagram.android, index=0, streamType=3
04-07 13:40:18.984  1259  1722 D DisplayPowerController: Animating brightness: target=361.0, rate=136.0, source= 7
04-07 13:40:18.985 29496 29578 D AudioManager: getStreamVolume packageName=com.instagram.android, index=0, streamType=3
04-07 13:40:19.038  1259  2767 W LightsService: setBrightness brightness: 359.0, brightnessMode:0
04-07 13:40:19.043  1011  1011 E qdlights: access fath /sys/bus/platform/devices/oppo_iface.0/brightness fail
04-07 13:40:19.047  1259  1722 D DisplayPowerController: Animating brightness: target=361.0, rate=136.0, source= 7
04-07 13:40:19.048 29496 29578 D AudioManager: getStreamVolume packageName=com.instagram.android, index=0, streamType=3
04-07 13:40:19.050 29496 29578 D AudioManager: getStreamVolume packageName=com.instagram.android, index=0, streamType=3
04-07 13:40:19.103  1259  2767 W LightsService: setBrightness brightness: 360.0, brightnessMode:0
04-07 13:40:19.109  1011  1011 E qdlights: access fath /sys/bus/platform/devices/oppo_iface.0/brightness fail
04-07 13:40:19.113 29496 29578 D AudioManager: getStreamVolume packageName=com.instagram.android, index=0, streamType=3
04-07 13:40:19.115  1259  1722 D DisplayPowerController: Animating brightness: target=361.0, rate=136.0, source= 7
04-07 13:40:19.126 29496 29578 D AudioManager: getStreamVolume packageName=com.instagram.android, index=0, streamType=3
04-07 13:40:19.138 23413 18926 I OplusFeedbackInfo: [sendFPSInfo:L314] mInputBufCnt = 0 fps, mOutputBufCnt = 0 fps, mRenderFrameCnt = 0 fps
04-07 13:40:19.138 23413 18211 I OplusFeedbackInfo: [sendFPSInfo:L314] mInputBufCnt = 0 fps, mOutputBufCnt = 0 fps, mRenderFrameCnt = 0 fps
04-07 13:40:19.139 23413 18603 I OplusFeedbackInfo: [sendFPSInfo:L314] mInputBufCnt = 0 fps, mOutputBufCnt = 0 fps, mRenderFrameCnt = 0 fps
04-07 13:40:19.139  1544  1611 D AtlasService: clientsCount 1
04-07 13:40:19.139  1544  1611 D AtlasService: notify 1025 to client
04-07 13:40:19.139  1544  1611 D AtlasService: clientsCount 1
04-07 13:40:19.139  1544  1611 D AtlasService: notify 1025 to client
04-07 13:40:19.139  1544  1611 D AtlasService: clientsCount 1
04-07 13:40:19.139  1544  1611 D AtlasService: notify 1025 to client
04-07 13:40:19.147 23413 18354 I OplusFeedbackInfo: [sendFPSInfo:L314] mInputBufCnt = 0 fps, mOutputBufCnt = 0 fps, mRenderFrameCnt = 0 fps
04-07 13:40:19.147  1544  1611 D AtlasService: clientsCount 1
04-07 13:40:19.147  1544  1611 D AtlasService: notify 1025 to client
04-07 13:40:19.153  1259  1722 D DisplayPowerController: Animating brightness: target=361.0, rate=136.0, source= 7
04-07 13:40:19.153  1259  2767 W LightsService: setBrightness brightness: 361.0, brightnessMode:0
04-07 13:40:19.159  1011  1011 E qdlights: access fath /sys/bus/platform/devices/oppo_iface.0/brightness fail
04-07 13:40:19.162 29496 29578 D AudioManager: getStreamVolume packageName=com.instagram.android, index=0, streamType=3
04-07 13:40:19.163  1259  1722 D DisplayPowerController: Animating brightness: target=361.0, rate=136.0, source= 7
04-07 13:40:19.169 29496 29578 D AudioManager: getStreamVolume packageName=com.instagram.android, index=0, streamType=3
04-07 13:40:19.476 27069 27069 D ViewRootImpl: enqueueInputEventMotionEvent { action=ACTION_DOWN, actionButton=0, id[0]=0, x[0]=679.0, y[0]=1198.0, toolType[0]=TOOL_TYPE_FINGER, buttonState=0, classification=NONE, metaState=0, flags=0x0, edgeFlags=0x0, pointerCount=1, historySize=0, eventTime=67269180, downTime=67269180, deviceId=-1, source=0x1002, displayId=0 }
04-07 13:40:19.925 27069 27069 D ViewRootImpl: enqueueInputEventMotionEvent { action=ACTION_DOWN, actionButton=0, id[0]=0, x[0]=700.0, y[0]=1243.0, toolType[0]=TOOL_TYPE_FINGER, buttonState=0, classification=NONE, metaState=0, flags=0x0, edgeFlags=0x0, pointerCount=1, historySize=0, eventTime=67269629, downTime=67269629, deviceId=-1, source=0x1002, displayId=0 }
04-07 13:40:20.139 23413 18211 I OplusFeedbackInfo: [sendFPSInfo:L314] mInputBufCnt = 0 fps, mOutputBufCnt = 0 fps, mRenderFrameCnt = 0 fps
04-07 13:40:20.140  1544  1611 D AtlasService: clientsCount 1
04-07 13:40:20.140  1544  1611 D AtlasService: notify 1025 to client
04-07 13:40:20.142 23413 18603 I OplusFeedbackInfo: [sendFPSInfo:L314] mInputBufCnt = 0 fps, mOutputBufCnt = 0 fps, mRenderFrameCnt = 0 fps
04-07 13:40:20.143  1544  1611 D AtlasService: clientsCount 1
04-07 13:40:20.143  1544  1611 D AtlasService: notify 1025 to client
04-07 13:40:20.143 23413 18926 I OplusFeedbackInfo: [sendFPSInfo:L314] mInputBufCnt = 0 fps, mOutputBufCnt = 0 fps, mRenderFrameCnt = 0 fps
04-07 13:40:20.144  1544  1611 D AtlasService: clientsCount 1
04-07 13:40:20.144  1544  1611 D AtlasService: notify 1025 to client
04-07 13:40:20.150 23413 18354 I OplusFeedbackInfo: [sendFPSInfo:L314] mInputBufCnt = 0 fps, mOutputBufCnt = 0 fps, mRenderFrameCnt = 0 fps
04-07 13:40:20.151  1544  1611 D AtlasService: clientsCount 1
04-07 13:40:20.151  1544  1611 D AtlasService: notify 1025 to client
04-07 13:40:20.162 27069 27069 D ViewRootImpl: enqueueInputEventMotionEvent { action=ACTION_DOWN, actionButton=0, id[0]=0, x[0]=656.0, y[0]=1157.0, toolType[0]=TOOL_TYPE_FINGER, buttonState=0, classification=NONE, metaState=0, flags=0x0, edgeFlags=0x0, pointerCount=1, historySize=0, eventTime=67269863, downTime=67269863, deviceId=-1, source=0x1002, displayId=0 }
04-07 13:40:20.889 27069 27069 D ViewRootImpl: enqueueInputEventMotionEvent { action=ACTION_DOWN, actionButton=0, id[0]=0, x[0]=930.0, y[0]=1232.0, toolType[0]=TOOL_TYPE_FINGER, buttonState=0, classification=NONE, metaState=0, flags=0x0, edgeFlags=0x0, pointerCount=1, historySize=0, eventTime=67270591, downTime=67270591, deviceId=-1, source=0x1002, displayId=0 }
04-07 13:40:21.141 23413 18211 I OplusFeedbackInfo: [sendFPSInfo:L314] mInputBufCnt = 0 fps, mOutputBufCnt = 0 fps, mRenderFrameCnt = 0 fps
04-07 13:40:21.142  1544  1611 D AtlasService: clientsCount 1
04-07 13:40:21.142  1544  1611 D AtlasService: notify 1025 to client
04-07 13:40:21.143  1544  1611 D AtlasService: clientsCount 1
04-07 13:40:21.143 23413 18603 I OplusFeedbackInfo: [sendFPSInfo:L314] mInputBufCnt = 0 fps, mOutputBufCnt = 0 fps, mRenderFrameCnt = 0 fps
04-07 13:40:21.143  1544  1611 D AtlasService: notify 1029 to client
04-07 13:40:21.145  1544  1611 D AtlasService: clientsCount 1
04-07 13:40:21.145  1544  1611 D AtlasService: notify 1025 to client
04-07 13:40:21.147  1544  1611 D AtlasService: clientsCount 1
04-07 13:40:21.147  1544  1611 D AtlasService: notify 1029 to client
04-07 13:40:21.149 23413 18926 I OplusFeedbackInfo: [sendFPSInfo:L314] mInputBufCnt = 0 fps, mOutputBufCnt = 0 fps, mRenderFrameCnt = 0 fps
04-07 13:40:21.149  1544  1611 D AtlasService: clientsCount 1
04-07 13:40:21.149  1544  1611 D AtlasService: notify 1025 to client
04-07 13:40:21.149  1544  1611 D AtlasService: clientsCount 1
04-07 13:40:21.149  1544  1611 D AtlasService: notify 1029 to client
04-07 13:40:21.153 23413 18354 I OplusFeedbackInfo: [sendFPSInfo:L314] mInputBufCnt = 0 fps, mOutputBufCnt = 0 fps, mRenderFrameCnt = 0 fps
04-07 13:40:21.153  1544  1611 D AtlasService: clientsCount 1
04-07 13:40:21.153  1544  1611 D AtlasService: notify 1025 to client
04-07 13:40:21.154  1544  1611 D AtlasService: clientsCount 1
04-07 13:40:21.154  1544  1611 D AtlasService: notify 1029 to client
04-07 13:40:21.219  1079  1636 D AudioPolicyService: updateUidStates_l() allowCapture=true because of An accessibility service is on TOP or a RTT call is active
04-07 13:40:21.219  1079  1636 D AudioPolicyService: updateUidStates_l() current->uid=10065 current->pid=9564 allowCapture=1 UidState=5 apmStat=1
04-07 13:40:21.220  1079  1636 D AudioPolicyService: updateUidStates_l() allowCapture=true because of An accessibility service is on TOP or a RTT call is active
04-07 13:40:21.220  1079  1636 D AudioPolicyService: updateUidStates_l() current->uid=10065 current->pid=9564 allowCapture=1 UidState=5 apmStat=1
04-07 13:40:21.392  1034  1067 E ANDR-PERF-LM: MetaMeter: handleAsync() 164: AdaptLaunch Invalid Async
04-07 13:40:21.598  1259  2564 I chatty  : uid=1000(system) InputDispatcher expire 8 lines
04-07 13:40:21.604 27069 27069 D ViewRootImpl: enqueueInputEventMotionEvent { action=ACTION_DOWN, actionButton=0, id[0]=0, x[0]=1032.0, y[0]=70.0, toolType[0]=TOOL_TYPE_FINGER, buttonState=0, classification=NONE, metaState=0, flags=0x0, edgeFlags=0x0, pointerCount=1, historySize=0, eventTime=67271302, downTime=67271301, deviceId=-1, source=0x1002, displayId=0 }
04-07 13:40:22.023  1022  1022 E android.hardware.thermal@2.0-service.qti: Sensor Name:skin temp:43 severity:3 temp:43.784 hotThresholds:40 type:SKIN
04-07 13:40:22.025 27069 27069 D ViewRootImpl: enqueueInputEventMotionEvent { action=ACTION_DOWN, actionButton=0, id[0]=0, x[0]=945.0, y[0]=136.0, toolType[0]=TOOL_TYPE_FINGER, buttonState=0, classification=NONE, metaState=0, flags=0x0, edgeFlags=0x0, pointerCount=1, historySize=0, eventTime=67271730, downTime=67271730, deviceId=-1, source=0x1002, displayId=0 }
04-07 13:40:22.032  1022  1022 E android.hardware.thermal@2.0-service.qti: Sensor Name:skin temp:43 severity:3 temp:43.784 hotThresholds:40 type:SKIN
04-07 13:40:22.037  1022  1022 E android.hardware.thermal@2.0-service.qti: Sensor Name:skin temp:43 severity:3 temp:43.773 hotThresholds:40 type:SKIN
04-07 13:40:22.144 23413 18211 I OplusFeedbackInfo: [sendFPSInfo:L314] mInputBufCnt = 0 fps, mOutputBufCnt = 0 fps, mRenderFrameCnt = 0 fps
04-07 13:40:22.145  1544  1611 D AtlasService: clientsCount 1
04-07 13:40:22.145  1544  1611 D AtlasService: notify 1025 to client
04-07 13:40:22.150 23413 18603 I OplusFeedbackInfo: [sendFPSInfo:L314] mInputBufCnt = 0 fps, mOutputBufCnt = 0 fps, mRenderFrameCnt = 0 fps
04-07 13:40:22.151  1544  1611 D AtlasService: clientsCount 1
04-07 13:40:22.151  1544  1611 D AtlasService: notify 1025 to client
04-07 13:40:22.154 23413 18926 I OplusFeedbackInfo: [sendFPSInfo:L314] mInputBufCnt = 0 fps, mOutputBufCnt = 0 fps, mRenderFrameCnt = 0 fps
04-07 13:40:22.155  1544  1611 D AtlasService: clientsCount 1
04-07 13:40:22.155  1544  1611 D AtlasService: notify 1025 to client
04-07 13:40:22.158 23413 18354 I OplusFeedbackInfo: [sendFPSInfo:L314] mInputBufCnt = 0 fps, mOutputBufCnt = 0 fps, mRenderFrameCnt = 0 fps
04-07 13:40:22.158  1544  1611 D AtlasService: clientsCount 1
04-07 13:40:22.158  1544  1611 D AtlasService: notify 1025 to client
04-07 13:40:22.189  1259  1722 D ColorAutomaticBrightnessController: enter Auto
04-07 13:40:22.189  1259  1722 D ColorAutomaticBrightnessController: mCameraMode = 0
04-07 13:40:22.190  1259  1722 I ColorAutomaticBrightnessController: updateAutoBrightness: Auto
04-07 13:40:22.190  1259  1722 I ColorAutomaticBrightnessController: , sendUpdate = true, adjustment = 2005.8823, AIBrightness = 380, adjustManualBright = 380
04-07 13:40:22.190  1259  1722 D ColorAutomaticBrightnessController: caclurateRateForIndex: lastAutoBrightness=361 ,newAutoBrightness=380 ,mDeltaLux=686.1207 ,mAutoRate=138
04-07 13:40:22.190  1259  1722 D ColorAutomaticBrightnessController: onTargetBrightnessChanged mAIBrightness=380
04-07 13:40:22.190  1259  1722 D DisplayPowerController: Animating brightness: target=380.0, rate=138.0, source= 7
04-07 13:40:22.192 29496 29578 D AudioManager: getStreamVolume packageName=com.instagram.android, index=0, streamType=3
04-07 13:40:22.204  1259  2767 W LightsService: setBrightness brightness: 362.0, brightnessMode:0
04-07 13:40:22.210  1011  1011 E qdlights: access fath /sys/bus/platform/devices/oppo_iface.0/brightness fail
04-07 13:40:22.217  1259  1722 D DisplayPowerController: Animating brightness: target=380.0, rate=138.0, source= 7
04-07 13:40:22.217 29496 29578 D AudioManager: getStreamVolume packageName=com.instagram.android, index=0, streamType=3
04-07 13:40:22.221  1259  2767 W LightsService: setBrightness brightness: 363.0, brightnessMode:0
04-07 13:40:22.222 29496 29578 D AudioManager: getStreamVolume packageName=com.instagram.android, index=0, streamType=3
04-07 13:40:22.232  1011  1011 E qdlights: access fath /sys/bus/platform/devices/oppo_iface.0/brightness fail
04-07 13:40:22.235  1259  1874 D BatteryLed: getLightInColorState, oppoLightMgr empty!
04-07 13:40:22.235  1259  1259 D OppoBaseBatteryService: send broadcast : oppo.intent.action.BATTERY_DATA_UPDATE
04-07 13:40:22.235  1259  1259 W ContextImpl: Calling a method in the system process without a qualified user: android.app.ContextImpl.sendBroadcast:1158 com.android.server.OppoBaseBatteryService$2.run:280 android.os.Handler.handleCallback:938 android.os.Handler.dispatchMessage:99 android.os.Looper.loop:254 
04-07 13:40:22.239  1259  2767 W LightsService: setBrightness brightness: 364.0, brightnessMode:0
04-07 13:40:22.240  1259  1722 D DisplayPowerController: Animating brightness: target=380.0, rate=138.0, source= 7
04-07 13:40:22.243  1011  1011 E qdlights: access fath /sys/bus/platform/devices/oppo_iface.0/brightness fail
04-07 13:40:22.245 29496 29578 D AudioManager: getStreamVolume packageName=com.instagram.android, index=0, streamType=3
04-07 13:40:22.257  1259  2767 W LightsService: setBrightness brightness: 365.0, brightnessMode:0
04-07 13:40:22.248 29496 29578 D AudioManager: getStreamVolume packageName=com.instagram.android, index=0, streamType=3
04-07 13:40:22.260  1011  1011 E qdlights: access fath /sys/bus/platform/devices/oppo_iface.0/brightness fail
04-07 13:40:22.262  3303  3303 D DeviceStatisticsService: chargerType=2 batteryLevel=22 totalBatteryCapacity=4000000
04-07 13:40:22.263  3303  3303 D DeviceInfoHidlClient: isPowerInfoNeverSent()=true
04-07 13:40:22.264 31250 31250 D R:Battery: Battery changed: Intent { act=android.intent.action.BATTERY_CHANGED flg=0x60000010 (has extras) } @ 67271970
04-07 13:40:22.265  1259  1722 D DisplayPowerController: Animating brightness: target=380.0, rate=138.0, source= 7
04-07 13:40:22.268 29496 29578 D AudioManager: getStreamVolume packageName=com.instagram.android, index=0, streamType=3
04-07 13:40:22.273 29496 29578 D AudioManager: getStreamVolume packageName=com.instagram.android, index=0, streamType=3
04-07 13:40:22.270  1259  1722 D DisplayPowerController: Animating brightness: target=380.0, rate=138.0, source= 7
04-07 13:40:22.288  1259  2767 W LightsService: setBrightness brightness: 366.0, brightnessMode:0
04-07 13:40:22.282 29496 29578 D AudioManager: getStreamVolume packageName=com.instagram.android, index=0, streamType=3
04-07 13:40:22.293  1011  1011 E qdlights: access fath /sys/bus/platform/devices/oppo_iface.0/brightness fail
04-07 13:40:22.296 29496 29578 D AudioManager: getStreamVolume packageName=com.instagram.android, index=0, streamType=3
04-07 13:40:22.296  1259  1722 D DisplayPowerController: Animating brightness: target=380.0, rate=138.0, source= 7
04-07 13:40:22.299 29496 29578 D AudioManager: getStreamVolume packageName=com.instagram.android, index=0, streamType=3
04-07 13:40:22.304  1259  2767 W LightsService: setBrightness brightness: 367.0, brightnessMode:0
04-07 13:40:22.310  1011  1011 E qdlights: access fath /sys/bus/platform/devices/oppo_iface.0/brightness fail
04-07 13:40:22.312  1259  1722 D DisplayPowerController: Animating brightness: target=380.0, rate=138.0, source= 7
04-07 13:40:22.313 29496 29578 D AudioManager: getStreamVolume packageName=com.instagram.android, index=0, streamType=3
04-07 13:40:22.315 29496 29578 D AudioManager: getStreamVolume packageName=com.instagram.android, index=0, streamType=3
04-07 13:40:22.337  1259  2767 W LightsService: setBrightness brightness: 368.0, brightnessMode:0
04-07 13:40:22.343  1011  1011 E qdlights: access fath /sys/bus/platform/devices/oppo_iface.0/brightness fail
04-07 13:40:22.347 29496 29578 D AudioManager: getStreamVolume packageName=com.instagram.android, index=0, streamType=3
04-07 13:40:22.348  1259  1722 D DisplayPowerController: Animating brightness: target=380.0, rate=138.0, source= 7
04-07 13:40:22.354  1259  2767 W LightsService: setBrightness brightness: 369.0, brightnessMode:0
04-07 13:40:22.351 29496 29578 D AudioManager: getStreamVolume packageName=com.instagram.android, index=0, streamType=3
04-07 13:40:22.360  1011  1011 E qdlights: access fath /sys/bus/platform/devices/oppo_iface.0/brightness fail
04-07 13:40:22.364 29496 29578 D AudioManager: getStreamVolume packageName=com.instagram.android, index=0, streamType=3
04-07 13:40:22.365  1259  1722 D DisplayPowerController: Animating brightness: target=380.0, rate=138.0, source= 7
04-07 13:40:22.366 29496 29578 D AudioManager: getStreamVolume packageName=com.instagram.android, index=0, streamType=3
04-07 13:40:22.373  4259  4275 E horae   : Entering notifyCallback, binder clients size 2
04-07 13:40:22.374  4262  4262 D oiface  : Horae Thermal status: [10]
04-07 13:40:22.374  1259  3574 I chatty  : uid=1000(system) Binder:1259_F expire 5 lines
04-07 13:40:22.374 25301 26119 D RemoteGameSpaceService: onThermalStatusChanged status:10
04-07 13:40:22.374 25301 26119 I loros.gamespac: oneway function results will be dropped but finished with status OK and parcel size 4
04-07 13:40:22.375  4259  4275 E horae   : Notify thermal status: 10
04-07 13:40:22.376  4259  4275 E horae   : Notify thermal status: 10
04-07 13:40:22.376  3652  6119 W OppoGuardElf: ThermalControlUtils: get temperature=45.092
04-07 13:40:22.376  3652  6119 W OppoGuardElf: ThermalControllHandler: MSG_THERMAL_CONTROL_TEMPGEAR_CHANGED,tempLevel=10
04-07 13:40:22.377  3652  6119 W OppoGuardElf: ThermalControlUtils: mForegroundPkg=com.HRing.FreshAR
04-07 13:40:22.380  3652  6119 W OppoGuardElf: ThermalControllHandler: tempLevel=10,userMode=3,gameUserMode=-1,appType=-1,envTempType=0,appStates=[7]
04-07 13:40:22.381  3652  6119 W OppoGuardElf: ThermalControlUtils: mForegroundPkg=com.HRing.FreshAR
04-07 13:40:22.381  3652  6119 W OppoGuardElf: ThermalControllHandler: tempGear=10,configItemName=common_config
04-07 13:40:22.382  3652  6119 W OppoGuardElf: ThermalControllerCenter: startCollingMethods,thermalPolicy=Policy info
04-07 13:40:22.382  3652  6119 W OppoGuardElf: {
04-07 13:40:22.382  3652  6119 W OppoGuardElf:  categoryName: common_config
04-07 13:40:22.382  3652  6119 W OppoGuardElf:  configItemName: gear_config 
04-07 13:40:22.382  3652  6119 W OppoGuardElf:  gearVal:10, cpuVal:4, gpuVal:-1, restrictVal:1, brightnessVal:0, chargeVal:4, modemVal:4, disFlashVal:0, stopCameraVideoVal:0, cameraBrightnessVal:200, disCameraVal:0, disWifiHotSpotVal:0, disTorchVal:0, disFrameInsertVal:0, fpsVal:0, refreshRateVal:0, resolutionVal:0, disVideoSRVal:0, disHBMHBVal:0, disOSIEVal:0, thermalSerious:0 
04-07 13:40:22.382  3652  6119 W OppoGuardElf: } 
04-07 13:40:22.382  3652  6119 W OppoGuardElf: ThermalControlUtils:  set modem=4
04-07 13:40:22.386  3652  6119 W OppoGuardElf: ThermalControlUtils: mForegroundPkg=com.HRing.FreshAR
04-07 13:40:22.387  1259  2767 W LightsService: setBrightness brightness: 370.0, brightnessMode:0
04-07 13:40:22.392  1259  3574 D ColorGuardElfFeature: ICharger set value = 4
